0 C: 23301 rows
    {'time (s)'}    {'voltage (V)'}    {'current (A)'}

    time (s)    voltage (V)    current (A)
    ________    ___________    ___________

     30.008       3.4059            0     
     90.008       3.4059            0     
     150.01        3.406            0     

10 C: 22721 rows
    {'time (s)'}    {'voltage (V)'}    {'current (A)'}

    time (s)    voltage (V)    current (A)
    ________    ___________    ___________

     30.008       3.3798            0     
     90.008       3.3799            0     
     150.01       3.3798            0     

25 C: 23272 rows
    {'time (s)'}    {'voltage (V)'}    {'current (A)'}

    time (s)    voltage (V)    current (A)
    ________    ___________    ___________

     30.008       3.2357            0     
     90.008       3.2356            0     
     150.01       3.2356            0     

35 C: 22707 rows
    {'time (s)'}    {'voltage (V)'}    {'current (A)'}

    time (s)    voltage (V)    current (A)
    ________    ___________    ___________

     30.008       3.1231            0     
     90.008       3.1231            0     
     150.01       3.1233            0     

45 C: 22479 rows
    {'time (s)'}    {'voltage (V)'}    {'current (A)'}

    time (s)    voltage (V)    current (A)
    ________    ___________    ___________

     30.008       2.9306            0     
     90.008       2.9307            0     
     150.01       2.9309            0     

