*******************************************
***COMSOL 6.3.0.290 progress output file***
*******************************************
Wed Sep 30 06:17:56 SGT 2026
---------- 当前进度: 100 % - 正在更新选择
Memory: 470/470 488/488
           当前进度:   0 % - EATCS radiator S1-1 panel 1
Memory: 532/532 605/605
           当前进度:   0 % - 矩形 1
           当前进度:   2 % - EATCS radiator S1-1 panel 2
Memory: 534/534 604/605
           当前进度:   2 % - 矩形 1
           当前进度:   3 % - EATCS radiator S1-1 panel 3
           当前进度:   3 % - 矩形 1
           当前进度:   5 % - EATCS radiator S1-1 panel 4
Memory: 535/535 605/605
           当前进度:   5 % - 矩形 1
           当前进度:   7 % - EATCS radiator S1-1 panel 5
           当前进度:   7 % - 矩形 1
           当前进度:   9 % - EATCS radiator S1-1 panel 6
           当前进度:   9 % - 矩形 1
-          当前进度:  10 % - EATCS radiator S1-1 panel 7
-          当前进度:  10 % - 矩形 1
-          当前进度:  12 % - EATCS radiator S1-1 panel 8
-          当前进度:  12 % - 矩形 1
-          当前进度:  14 % - EATCS radiator S1-2 panel 1
-          当前进度:  14 % - 矩形 1
-          当前进度:  16 % - EATCS radiator S1-2 panel 2
-          当前进度:  16 % - 矩形 1
-          当前进度:  17 % - EATCS radiator S1-2 panel 3
-          当前进度:  17 % - 矩形 1
-          当前进度:  19 % - EATCS radiator S1-2 panel 4
-          当前进度:  19 % - 矩形 1
--         当前进度:  21 % - EATCS radiator S1-2 panel 5
--         当前进度:  21 % - 矩形 1
--         当前进度:  22 % - EATCS radiator S1-2 panel 6
--         当前进度:  22 % - 矩形 1
--         当前进度:  24 % - EATCS radiator S1-2 panel 7
Memory: 535/535 606/606
--         当前进度:  24 % - 矩形 1
--         当前进度:  26 % - EATCS radiator S1-2 panel 8
--         当前进度:  26 % - 矩形 1
--         当前进度:  28 % - EATCS radiator S1-3 panel 1
--         当前进度:  28 % - 矩形 1
--         当前进度:  29 % - EATCS radiator S1-3 panel 2
--         当前进度:  29 % - 矩形 1
---        当前进度:  31 % - EATCS radiator S1-3 panel 3
---        当前进度:  31 % - 矩形 1
---        当前进度:  33 % - EATCS radiator S1-3 panel 4
---        当前进度:  33 % - 矩形 1
---        当前进度:  34 % - EATCS radiator S1-3 panel 5
---        当前进度:  34 % - 矩形 1
---        当前进度:  36 % - EATCS radiator S1-3 panel 6
Memory: 536/536 606/606
---        当前进度:  36 % - 矩形 1
---        当前进度:  38 % - EATCS radiator S1-3 panel 7
---        当前进度:  38 % - 矩形 1
----       当前进度:  40 % - EATCS radiator S1-3 panel 8
Memory: 537/537 606/606
----       当前进度:  40 % - 矩形 1
----       当前进度:  41 % - EATCS radiator P1-1 panel 1
----       当前进度:  41 % - 矩形 1
----       当前进度:  43 % - EATCS radiator P1-1 panel 2
----       当前进度:  43 % - 矩形 1
----       当前进度:  45 % - EATCS radiator P1-1 panel 3
Memory: 538/538 606/606
----       当前进度:  45 % - 矩形 1
----       当前进度:  47 % - EATCS radiator P1-1 panel 4
----       当前进度:  47 % - 矩形 1
----       当前进度:  48 % - EATCS radiator P1-1 panel 5
----       当前进度:  48 % - 矩形 1
-----      当前进度:  50 % - EATCS radiator P1-1 panel 6
Memory: 539/539 606/606
-----      当前进度:  50 % - 矩形 1
-----      当前进度:  52 % - EATCS radiator P1-1 panel 7
-----      当前进度:  52 % - 矩形 1
-----      当前进度:  53 % - EATCS radiator P1-1 panel 8
-----      当前进度:  53 % - 矩形 1
-----      当前进度:  55 % - EATCS radiator P1-2 panel 1
Memory: 540/540 606/606
-----      当前进度:  55 % - 矩形 1
-----      当前进度:  57 % - EATCS radiator P1-2 panel 2
-----      当前进度:  57 % - 矩形 1
-----      当前进度:  59 % - EATCS radiator P1-2 panel 3
-----      当前进度:  59 % - 矩形 1
------     当前进度:  60 % - EATCS radiator P1-2 panel 4
Memory: 541/541 606/606
------     当前进度:  60 % - 矩形 1
------     当前进度:  62 % - EATCS radiator P1-2 panel 5
------     当前进度:  62 % - 矩形 1
------     当前进度:  64 % - EATCS radiator P1-2 panel 6
------     当前进度:  64 % - 矩形 1
------     当前进度:  66 % - EATCS radiator P1-2 panel 7
Memory: 542/542 606/606
------     当前进度:  66 % - 矩形 1
------     当前进度:  67 % - EATCS radiator P1-2 panel 8
------     当前进度:  67 % - 矩形 1
------     当前进度:  69 % - EATCS radiator P1-3 panel 1
------     当前进度:  69 % - 矩形 1
-------    当前进度:  71 % - EATCS radiator P1-3 panel 2
-------    当前进度:  71 % - 矩形 1
-------    当前进度:  72 % - EATCS radiator P1-3 panel 3
Memory: 544/544 607/607
-------    当前进度:  72 % - 矩形 1
-------    当前进度:  74 % - EATCS radiator P1-3 panel 4
Memory: 545/545 608/608
-------    当前进度:  74 % - 矩形 1
-------    当前进度:  76 % - EATCS radiator P1-3 panel 5
Memory: 546/546 609/609
-------    当前进度:  76 % - 矩形 1
-------    当前进度:  78 % - EATCS radiator P1-3 panel 6
-------    当前进度:  78 % - 矩形 1
-------    当前进度:  79 % - EATCS radiator P1-3 panel 7
Memory: 547/547 609/609
-------    当前进度:  79 % - 矩形 1
--------   当前进度:  81 % - EATCS radiator P1-3 panel 8
--------   当前进度:  81 % - 矩形 1
--------   当前进度:  83 % - 形成联合体
Memory: 548/548 609/609
--------   当前进度:  83 % - 执行布尔操作
Memory: 559/559 616/617
---------- 当前进度: 100 % - 正在更新选择
Memory: 560/560 616/617
---------- 当前进度: 100 % - 正在创建可视化网格
Memory: 570/570 618/618
---------- 当前进度: 100 % - 正在更新选择
Memory: 662/662 836/836
           当前进度:   0 % - 线段间隔 1
Memory: 672/672 837/838
           当前进度:   9 % - 形成联合体
---------- 当前进度: 100 % - 正在更新选择
           当前进度:   0 % - 线段间隔 1
Memory: 826/826 873/874
           当前进度:   9 % - 形成联合体
---------- 当前进度: 100 % - 正在更新选择
顶点单元数：192
--------   当前进度:  80 % - 正在创建边界网格
Memory: 1120/1121 1120/1124
边单元数：576
边界单元数：1056
---------- 当前进度: 100 % - 正在创建边界网格
边界单元数：2
单元数：2
-----      当前进度:  54 % - 生成方程
Memory: 1200/1202 1200/1203
------     当前进度:  66 % - 生成方程
Memory: 1201/1203 1201/1204
---        当前进度:  39 % - 生成方程
Memory: 1203/1206 1203/1206
-----      当前进度:  54 % - 生成方程
Memory: 1205/1207 1205/1207
-------    当前进度:  72 % - 生成方程
Memory: 1208/1209 1208/1209
-----      当前进度:  54 % - 生成方程
Memory: 1204/1210 1204/1210
------     当前进度:  66 % - 生成方程
Memory: 1205/1211 1205/1211
-----      当前进度:  54 % - 生成方程
Memory: 1206/1211 1206/1211
------     当前进度:  66 % - 生成方程
Memory: 1208/1211 1208/1211
---        当前进度:  39 % - 生成方程
-----      当前进度:  54 % - 生成方程
Memory: 1208/1213 1207/1213
---        当前进度:  39 % - 生成方程
Memory: 1205/1213 1206/1213
-----      当前进度:  54 % - 生成方程
Memory: 1207/1213 1207/1213
------     当前进度:  66 % - 生成方程
Memory: 1208/1213 1208/1213
-----      当前进度:  54 % - 生成方程
------     当前进度:  66 % - 生成方程
Memory: 1212/1214 1212/1214
---        当前进度:  39 % - 生成方程
Memory: 1210/1214 1210/1214
-----      当前进度:  54 % - 生成方程
Memory: 1190/1214 1193/1215
-------    当前进度:  72 % - 生成方程
Memory: 1193/1214 1195/1215
---        当前进度:  39 % - 生成方程
Memory: 1206/1214 1207/1215
-----      当前进度:  54 % - 生成方程
Memory: 1210/1214 1211/1215
<---- O: orbital transient, 2.0 orbits/解 4 (sol4) 中的“编译方程: 轨道热载荷” --------------
开始于 2026年9月30日 上午6:19:29。
几何形函数: 二次拉格朗日单元
几何形函数: 二次拉格朗日单元
在 AMD64 Family 25 Model 117 Stepping 2, AuthenticAMD 上运行。
在以下位置使用 1 个插槽： MarkLiu 上（共 1 个内核）。
可用内存：32.38 GB。
           当前进度:   0 % - 生成方程
Memory: 1214/1217 1214/1217
           当前进度:   1 % - 编译方程: 轨道热载荷
Memory: 1242/1243 1243/1243
           当前进度:   1 % - 正在创建可视化网格
Memory: 1245/1248 1245/1249
时间：7。
物理内存: 1.26 GB
虚拟内存: 1.26 GB
结束时间：2026年9月30日 上午6:19:36。
----- O: orbital transient, 2.0 orbits/解 4 (sol4) 中的“编译方程: 轨道热载荷” ------------->
<---- O: orbital transient, 2.0 orbits/解 4 (sol4) 中的“因变量 1” --------------------
开始于 2026年9月30日 上午6:19:36。
           当前进度:   1 % - 因变量 1
Memory: 1264/1264 1262/1265
求解时间：1 s。
物理内存: 1.26 GB
虚拟内存: 1.26 GB
结束时间：2026年9月30日 上午6:19:37。
----- O: orbital transient, 2.0 orbits/解 4 (sol4) 中的“因变量 1” ------------------->
<---- O: orbital transient, 2.0 orbits/解 4 (sol4) 中的“瞬态求解器 1” ------------------
开始于 2026年9月30日 上午6:19:37。
瞬态求解器 (BDF)
求解的自由度数：10（加上 4224 个内部自由度）。
           当前进度:   2 % - 瞬态求解器 1
Memory: 1273/1273 1268/1268
           当前进度:   2 % - 组装稀疏模式
Memory: 1274/1274 1268/1268
找到对称矩阵。
           当前进度:   2 % - 组装矩阵
Memory: 1277/1277 1271/1271
缩放因变量：
形函数 (comp1.otl.ds_hrs.storeGextd_band): 1
形函数 (comp1.otl.ds_hrs.storeGextu_band): 1
指示器状态的比例：
comp1.otl.inEclipse_event: 4e+05
comp1.otl.outEclipse_event: 4e+05
Step        Time    Stepsize      Res  Jac  Sol Order Tfail NLfail   LinErr   LinRes
   0           0           - out    2    3    2                  0        0        0
指示器状态的比例：
comp1.otl.inEclipse_event: 4e+05
comp1.otl.outEclipse_event: 4e+05
           当前进度:   2 % - 约束处理
Memory: 1284/1284 1278/1278
           当前进度:   2 % - 组装矩阵
Memory: 1300/1300 1295/1295
           当前进度:   2 % - 
Memory: 1306/1306 1301/1301
   1         120         120 out    3    4    3     1     0      0        0        0
           当前进度:   3 % - 
Memory: 1311/1311 1306/1306
   2         240         120 out    4    5    4     1     0      0        0        0
   3         360         120 out    5    6    5     2     0      0        0        0
           当前进度:   4 % - 
   4         480         120 out    6    7    6     2     0      0        0        0
   5         600         120 out    7    8    7     2     0      0        0        0
           当前进度:   5 % - 
   6         720         120 out    8    9    8     2     0      0        0        0
   7         840         120 out    9   10    9     2     0      0        0        0
           当前进度:   6 % - 
   8         960         120 out   10   11   10     2     0      0        0        0
   9        1080         120 out   11   12   11     2     0      0        0        0
           当前进度:   7 % - 组装矩阵
           当前进度:   7 % - 
  10        1200         120 out   12   13   12     2     0      0        0        0
           当前进度:   8 % - 
  11        1320         120 out   13   14   13     2     0      0        0        0
           当前进度:   8 % - 组装矩阵
           当前进度:   8 % - 
  12        1440         120 out   14   15   14     2     0      0        0        0
           当前进度:   9 % - 
  13        1560         120 out   15   16   15     2     0      0        0        0
  14        1680         120 out   16   17   16     2     0      0        0        0
-          当前进度:  10 % - 组装矩阵
-          当前进度:  10 % - 
  15      1695.2      15.217 out   18   19   18     2     0      0        0        0
已在“1695.2”触发隐式事件“0”。
未强制执行重新初始化状态的一致性。
-          当前进度:  10 % - 约束处理
Memory: 1312/1312 1306/1306
-          当前进度:  10 % - 
   -        1800           - out
  16      1815.2         120       19   20   19     1     0      0        0        0
   -        1920           - out
  17      1935.2         120       20   21   20     1     0      0        0        0
-          当前进度:  11 % - 
   -        2040           - out
  18      2055.2         120       21   22   21     2     0      0        0        0
   -        2160           - out
  19      2175.2         120       22   23   22     2     0      0        0        0
-          当前进度:  12 % - 
   -        2280           - out
  20      2295.2         120       23   24   23     2     0      0        0        0
   -        2400           - out
  21      2415.2         120       24   25   24     2     0      0        0        0
-          当前进度:  13 % - 
   -        2520           - out
  22      2535.2         120       25   26   25     2     0      0        0        0
   -        2640           - out
  23      2655.2         120       26   27   26     2     0      0        0        0
-          当前进度:  14 % - 
   -        2760           - out
  24      2775.2         120       27   28   27     2     0      0        0        0
   -        2880           - out
  25      2895.2         120       28   29   28     2     0      0        0        0
-          当前进度:  15 % - 
   -        3000           - out
  26      3015.2         120       29   30   29     2     0      0        0        0
   -        3120           - out
  27      3135.2         120       30   31   30     2     0      0        0        0
-          当前进度:  16 % - 
   -        3240           - out
  28      3255.2         120       31   32   31     2     0      0        0        0
   -        3360           - out
  29      3375.2         120       32   33   32     2     0      0        0        0
-          当前进度:  17 % - 
Memory: 1313/1313 1306/1306
   -        3480           - out
  30      3495.2         120       33   34   33     2     0      0        0        0
-          当前进度:  17 % - 组装矩阵
-          当前进度:  17 % - 
   -        3600           - out
  31      3615.2         120       34   35   34     2     0      0        0        0
-          当前进度:  18 % - 
   -        3720           - out
  32      3735.2         120       35   36   35     2     0      0        0        0
-          当前进度:  19 % - 
   -        3840           - out
  33      3855.2         120       36   37   36     2     0      0        0        0
  34      3861.6      6.3365 out   38   39   38     2     0      0        0        0
已在“3861.6”触发隐式事件“1”。
未强制执行重新初始化状态的一致性。
-          当前进度:  19 % - 约束处理
-          当前进度:  19 % - 
   -        3960           - out
  35      3981.6         120       39   40   39     1     0      0        0        0
--         当前进度:  20 % - 
   -        4080           - out
  36      4101.6         120       40   41   40     1     0      0        0        0
   -        4200           - out
  37      4221.6         120       41   42   41     2     0      0        0        0
--         当前进度:  21 % - 
   -        4320           - out
  38      4341.6         120       42   43   42     2     0      0        0        0
   -        4440           - out
  39      4461.6         120       43   44   43     2     0      0        0        0
--         当前进度:  22 % - 
   -        4560           - out
  40      4581.6         120       44   45   44     2     0      0        0        0
   -        4680           - out
  41      4701.6         120       45   46   45     2     0      0        0        0
--         当前进度:  23 % - 
   -        4800           - out
  42      4821.6         120       46   47   46     2     0      0        0        0
   -        4920           - out
  43      4941.6         120       47   48   47     2     0      0        0        0
--         当前进度:  24 % - 
Memory: 1313/1313 1307/1307
   -        5040           - out
  44      5061.6         120       48   49   48     2     0      0        0        0
   -        5160           - out
  45      5181.6         120       49   50   49     2     0      0        0        0
--         当前进度:  25 % - 
   -        5280           - out
  46      5301.6         120       50   51   50     2     0      0        0        0
   -        5400           - out
  47      5421.6         120       51   52   51     2     0      0        0        0
--         当前进度:  26 % - 
Memory: 1314/1314 1307/1307
   -        5520           - out
  48      5541.6         120       52   53   52     2     0      0        0        0
   -        5640           - out
  49      5661.6         120       53   54   53     2     0      0        0        0
--         当前进度:  27 % - 
   -        5760           - out
  50      5781.6         120       54   55   54     2     0      0        0        0
   -        5880           - out
  51      5901.6         120       55   56   55     2     0      0        0        0
--         当前进度:  28 % - 组装矩阵
--         当前进度:  28 % - 
   -        6000           - out
  52      6021.6         120       56   57   56     2     0      0        0        0
   -        6120           - out
  53      6141.6         120       57   58   57     2     0      0        0        0
--         当前进度:  29 % - 
   -        6240           - out
  54      6261.6         120       58   59   58     2     0      0        0        0
   -        6360           - out
  55      6381.6         120       59   60   59     2     0      0        0        0
---        当前进度:  30 % - 
   -        6480           - out
  56      6501.6         120       60   61   60     2     0      0        0        0
---        当前进度:  31 % - 
   -        6600           - out
  57      6621.6         120       61   62   61     2     0      0        0        0
   -        6720           - out
  58      6741.6         120       62   63   62     2     0      0        0        0
---        当前进度:  32 % - 
Memory: 1314/1314 1315/1315
   -        6840           - out
  59      6861.6         120       63   64   63     2     0      0        0        0
   -        6960           - out
  60      6981.6         120       64   65   64     2     0      0        0        0
---        当前进度:  33 % - 
   -        7080           - out
  61      7101.6         120       65   66   65     2     0      0        0        0
   -        7200           - out
  62      7221.6         120       66   67   66     2     0      0        0        0
---        当前进度:  34 % - 
  63      7248.9      27.318 out   68   69   68     2     0      0        0        0
已在“7248.9”触发隐式事件“0”。
---        当前进度:  34 % - 约束处理
未强制执行重新初始化状态的一致性。
---        当前进度:  34 % - 
   -        7320           - out
  64      7368.9         120       69   70   69     1     0      0        0        0
   -        7440           - out
  65      7488.9         120       70   71   70     1     0      0        0        0
---        当前进度:  35 % - 
Memory: 1315/1315 1316/1316
   -        7560           - out
  66      7608.9         120       71   72   71     2     0      0        0        0
   -        7680           - out
  67      7728.9         120       72   73   72     2     0      0        0        0
---        当前进度:  36 % - 
   -        7800           - out
  68      7848.9         120       73   74   73     2     0      0        0        0
   -        7920           - out
  69      7968.9         120       74   75   74     2     0      0        0        0
---        当前进度:  37 % - 
   -        8040           - out
  70      8088.9         120       75   76   75     2     0      0        0        0
   -        8160           - out
  71      8208.9         120       76   77   76     2     0      0        0        0
---        当前进度:  38 % - 
Memory: 1316/1316 1316/1316
   -        8280           - out
  72      8328.9         120       77   78   77     2     0      0        0        0
   -        8400           - out
  73      8448.9         120       78   79   78     2     0      0        0        0
---        当前进度:  39 % - 
   -        8520           - out
  74      8568.9         120       79   80   79     2     0      0        0        0
   -        8640           - out
  75      8688.9         120       80   81   80     2     0      0        0        0
----       当前进度:  40 % - 
   -        8760           - out
  76      8808.9         120       81   82   81     2     0      0        0        0
----       当前进度:  41 % - 
Memory: 1317/1317 1317/1317
   -        8880           - out
  77      8928.9         120       82   83   82     2     0      0        0        0
   -        9000           - out
  78      9048.9         120       83   84   83     2     0      0        0        0
----       当前进度:  42 % - 
   -        9120           - out
  79      9168.9         120       84   85   84     2     0      0        0        0
   -        9240           - out
  80      9288.9         120       85   86   85     2     0      0        0        0
----       当前进度:  43 % - 
   -        9360           - out
  81      9408.9         120       86   87   86     2     0      0        0        0
  82      9415.2      6.3063 out   88   89   88     2     0      0        0        0
已在“9415.2”触发隐式事件“1”。
未强制执行重新初始化状态的一致性。
----       当前进度:  43 % - 约束处理
----       当前进度:  43 % - 组装矩阵
----       当前进度:  43 % - 
   -        9480           - out
  83      9535.2         120       89   90   89     1     0      0        0        0
----       当前进度:  44 % - 
   -        9600           - out
  84      9655.2         120       90   91   90     1     0      0        0        0
----       当前进度:  44 % - 组装矩阵
----       当前进度:  44 % - 
   -        9720           - out
  85      9775.2         120       91   92   91     2     0      0        0        0
----       当前进度:  45 % - 
   -        9840           - out
  86      9895.2         120       92   93   92     2     0      0        0        0
   -        9960           - out
  87       10015         120       93   94   93     2     0      0        0        0
----       当前进度:  46 % - 
   -       10080           - out
  88       10135         120       94   95   94     2     0      0        0        0
   -       10200           - out
  89       10255         120       95   96   95     2     0      0        0        0
----       当前进度:  47 % - 
   -       10320           - out
  90       10375         120       96   97   96     2     0      0        0        0
   -       10440           - out
  91       10495         120       97   98   97     2     0      0        0        0
----       当前进度:  48 % - 
   -       10560           - out
  92       10615         120       98   99   98     2     0      0        0        0
   -       10680           - out
  93       10735         120       99  100   99     2     0      0        0        0
----       当前进度:  49 % - 
   -       10800           - out
  94       10855         120      100  101  100     2     0      0        0        0
   -       10920           - out
  95       10948      92.411      101  102  101     2     0      0        0        0
-----      当前进度:  50 % - 
  96       11040      92.411 out  102  103  102     2     0      0        0        0
时间步进已完成。
求解时间：1235 s。 （20 分钟，35 秒）
物理内存: 1.32 GB
虚拟内存: 1.32 GB
结束时间：2026年9月30日 上午6:40:12。
----- O: orbital transient, 2.0 orbits/解 4 (sol4) 中的“瞬态求解器 1” ----------------->
<---- O: orbital transient, 2.0 orbits/解 4 (sol4) 中的“编译方程: 轨道温度” ---------------
开始于 2026年9月30日 上午6:40:12。
几何形函数: 二次拉格朗日单元
几何形函数: 二次拉格朗日单元
-----      当前进度:  50 % - 生成方程
Memory: 1160/1320 1160/1320
-----      当前进度:  51 % - 编译方程: 轨道温度
Memory: 1211/1320 1212/1320
时间：4。
物理内存: 1.22 GB
虚拟内存: 1.22 GB
结束时间：2026年9月30日 上午6:40:16。
----- O: orbital transient, 2.0 orbits/解 4 (sol4) 中的“编译方程: 轨道温度” -------------->
<---- O: orbital transient, 2.0 orbits/解 4 (sol4) 中的“因变量 2” --------------------
开始于 2026年9月30日 上午6:40:16。
待求解变量的初始值: 解 4 (sol4), 解存储 2 (sol5), t=11040 s [自动（单一解）].
不求解变量的值: 解 4 (sol4), 解存储 2 (sol5), t=11040 s [自动（单一解）].
-----      当前进度:  51 % - 因变量 2
Memory: 1214/1320 1213/1320
求解时间：0 s。
物理内存: 1.22 GB
虚拟内存: 1.22 GB
结束时间：2026年9月30日 上午6:40:16。
----- O: orbital transient, 2.0 orbits/解 4 (sol4) 中的“因变量 2” ------------------->
<---- O: orbital transient, 2.0 orbits/解 4 (sol4) 中的“瞬态求解器 2” ------------------
开始于 2026年9月30日 上午6:40:16。
瞬态求解器 (BDF)
-----      当前进度:  52 % - 瞬态求解器 2
求解的自由度数：6246。
-----      当前进度:  52 % - 组装稀疏模式
Memory: 1221/1320 1219/1320
-----      当前进度:  52 % - 组装矩阵
Memory: 1223/1320 1220/1320
找到非对称矩阵。
缩放因变量：
温度 (comp1.T2): 3e+02
NH3 panel outlet temperatures (K) (comp1.ODE1): 3e+02
已使用正交零空间函数。
-----      当前进度:  52 % - 约束处理
Memory: 1225/1320 1220/1320
找到对称矩阵。
缩放因变量：
表面辐射度，下侧 (comp1.otl.ds_hrs.Jd_band): 1.2e+02
表面辐射度，上侧 (comp1.otl.ds_hrs.Ju_band): 1.2e+02
已使用正交零空间函数。
找到对称矩阵。
指示器状态的比例：
comp1.otl.inEclipse_event: 4e+05
comp1.otl.outEclipse_event: 4e+05
Step        Time    Stepsize      Res  Jac  Sol Order Tfail NLfail   LinErr   LinRes
-----      当前进度:  52 % - 组装矩阵
Memory: 1226/1320 1219/1320
-----      当前进度:  52 % - 约束处理
Memory: 1246/1320 1239/1320
-----      当前进度:  52 % - 组装稀疏模式
-----      当前进度:  52 % - 组装矩阵
Memory: 1252/1320 1245/1320
-----      当前进度:  52 % - 求解线性方程组
Memory: 1257/1320 1247/1320
-----      当前进度:  52 % - 组装矩阵
Memory: 1262/1320 1252/1320
-----      当前进度:  52 % - 矩阵分解
Memory: 1274/1320 1266/1320
-----      当前进度:  52 % - 组装矩阵
Memory: 1277/1320 1276/1320
   0           0           - out   16    6   16                  0
                   Group #1:        8    3    8                     4.1e-16  1.9e-16
                   Group #2:        8    3    8                     3.6e-16  1.4e-16
指示器状态的比例：
comp1.otl.inEclipse_event: 4e+05
comp1.otl.outEclipse_event: 4e+05
   1         120         120 out   24    8   24     1     0      0
                   Group #1:       12    4   12                     4.6e-16  1.7e-16
                   Group #2:       12    4   12                     3.4e-16  1.4e-16
-----      当前进度:  53 % - 组装矩阵
Memory: 1309/1331 1307/1330
-----      当前进度:  53 % - 组装稀疏模式
-----      当前进度:  53 % - 组装矩阵
Memory: 1313/1331 1311/1330
   2         240         120 out   32   10   32     1     0      0
                   Group #1:       16    5   16                     1.9e-15  1.4e-16
                   Group #2:       16    5   16                     3.3e-16  1.4e-16
   3         360         120 out   40   12   40     2     0      0
                   Group #1:       20    6   20                     7.4e-16  1.4e-16
                   Group #2:       20    6   20                     3.3e-16  1.4e-16
-----      当前进度:  54 % - 组装矩阵
Memory: 1333/1333 1332/1335
-----      当前进度:  54 % - 组装稀疏模式
Memory: 1334/1334 1332/1335
-----      当前进度:  54 % - 组装矩阵
   4         480         120 out   46   14   46     2     0      0
                   Group #1:       23    7   23                     4.7e-16  2.1e-16
                   Group #2:       23    7   23                     3.3e-16  1.4e-16
   5         600         120 out   52   16   52     2     0      0
                   Group #1:       26    8   26                     4.3e-16  2.4e-16
                   Group #2:       26    8   26                     3.3e-16  1.4e-16
-----      当前进度:  55 % - 组装矩阵
Memory: 1341/1341 1339/1342
-----      当前进度:  55 % - 求解线性方程组
Memory: 1345/1345 1344/1346
   6         720         120 out   58   18   58     2     0      0
                   Group #1:       29    9   29                     4.3e-16  2.5e-16
                   Group #2:       29    9   29                     3.5e-16  1.4e-16
-----      当前进度:  55 % - 组装矩阵
   7         840         120 out   64   20   64     2     0      0
                   Group #1:       32   10   32                     3.8e-16  2.9e-16
                   Group #2:       32   10   32                     3.5e-16  1.4e-16
-----      当前进度:  56 % - 组装矩阵
Memory: 1349/1349 1347/1350
   8         960         120 out   70   22   70     2     0      0
                   Group #1:       35   11   35                     4.2e-16  3.6e-16
                   Group #2:       35   11   35                     3.4e-16  1.4e-16
   9        1080         120 out   76   24   76     2     0      0
                   Group #1:       38   12   38                       4e-16    4e-16
                   Group #2:       38   12   38                     3.4e-16  1.4e-16
-----      当前进度:  57 % - 组装矩阵
Memory: 1357/1357 1355/1357
-----      当前进度:  57 % - 组装稀疏模式
Memory: 1357/1357 1356/1357
-----      当前进度:  57 % - 组装矩阵
  10        1200         120 out   82   26   82     2     0      0
                   Group #1:       41   13   41                     4.1e-16  4.3e-16
                   Group #2:       41   13   41                     3.5e-16  1.4e-16
-----      当前进度:  57 % - 组装稀疏模式
Memory: 1361/1361 1360/1361
-----      当前进度:  57 % - 组装矩阵
-----      当前进度:  57 % - 矩阵分解
-----      当前进度:  57 % - 组装矩阵
Memory: 1361/1361 1360/1363
  11        1320         120 out   88   28   88     2     0      0
                   Group #1:       44   14   44                       4e-16  4.4e-16
                   Group #2:       44   14   44                     3.4e-16  1.4e-16
-----      当前进度:  58 % - 组装矩阵
Memory: 1364/1364 1362/1365
  12        1440         120 out   96   30   96     2     0      0
                   Group #1:       48   15   48                     4.1e-16  4.4e-16
                   Group #2:       48   15   48                     3.4e-16  1.4e-16
  13        1560         120 out  102   32  102     2     0      0
                   Group #1:       51   16   51                       4e-16  4.5e-16
                   Group #2:       51   16   51                     3.4e-16  1.4e-16
-----      当前进度:  59 % - 组装矩阵
Memory: 1373/1373 1372/1374
-----      当前进度:  59 % - 组装稀疏模式
Memory: 1374/1374 1372/1374
-----      当前进度:  59 % - 组装矩阵
  14        1680         120 out  110   34  110     2     0      0
                   Group #1:       55   17   55                       4e-16  4.4e-16
                   Group #2:       55   17   55                     3.3e-16  1.4e-16
  15      1695.2      15.217 out  124   38  124     2     0      0
                   Group #1:       62   19   62                     4.1e-16  2.2e-16
                   Group #2:       62   19   62                     3.4e-16  1.4e-16
已在“1695.2”触发隐式事件“0”。
未强制执行重新初始化状态的一致性。
   -        1800           - out
  16      1815.2         120      130   40  130     1     0      0
                   Group #1:       65   20   65                     4.6e-16  5.6e-16
                   Group #2:       65   20   65                     3.4e-16  1.4e-16
------     当前进度:  60 % - 组装矩阵
Memory: 1391/1391 1389/1392
------     当前进度:  60 % - 组装稀疏模式
Memory: 1392/1392 1390/1392
------     当前进度:  60 % - 组装矩阵
------     当前进度:  60 % - 求解线性方程组
Memory: 1394/1394 1392/1395
------     当前进度:  60 % - 组装矩阵
   -        1920           - out
  17      1935.2         120      136   42  136     1     0      0
                   Group #1:       68   21   68                     4.1e-16  5.6e-16
                   Group #2:       68   21   68                     3.4e-16  1.4e-16
------     当前进度:  61 % - 组装矩阵
Memory: 1395/1395 1393/1395
   -        2040           - out
  18      2055.2         120      142   44  142     2     0      0
                   Group #1:       71   22   71                     4.4e-16  4.5e-16
                   Group #2:       71   22   71                     3.5e-16  1.4e-16
   -        2160           - out
  19      2175.2         120      144   46  144     2     0      0
                   Group #1:       72   23   72                     4.1e-16  4.5e-16
                   Group #2:       72   23   72                     3.3e-16  1.4e-16
------     当前进度:  62 % - 组装矩阵
Memory: 1400/1400 1399/1401
   -        2280           - out
  20      2295.2         120      146   48  146     2     0      0
                   Group #1:       73   24   73                     4.2e-16    4e-16
                   Group #2:       73   24   73                     3.5e-16  1.4e-16
   -        2400           - out
  21      2415.2         120      148   50  148     2     0      0
                   Group #1:       74   25   74                     4.1e-16  4.4e-16
                   Group #2:       74   25   74                     3.4e-16  1.3e-16
------     当前进度:  63 % - 组装矩阵
Memory: 1404/1404 1402/1404
   -        2520           - out
  22      2535.2         120      150   52  150     2     0      0
                   Group #1:       75   26   75                       4e-16  4.5e-16
                   Group #2:       75   26   75                     3.3e-16  1.4e-16
   -        2640           - out
  23      2655.2         120      152   54  152     2     0      0
                   Group #1:       76   27   76                     4.3e-16  4.6e-16
                   Group #2:       76   27   76                     3.3e-16  1.4e-16
------     当前进度:  64 % - 组装矩阵
Memory: 1407/1407 1405/1407
   -        2760           - out
  24      2775.2         120      154   56  154     2     0      0
                   Group #1:       77   28   77                     4.3e-16  4.6e-16
                   Group #2:       77   28   77                     3.4e-16  1.4e-16
   -        2880           - out
  25      2895.2         120      156   58  156     2     0      0
                   Group #1:       78   29   78                     3.9e-16  4.2e-16
                   Group #2:       78   29   78                     3.4e-16  1.4e-16
------     当前进度:  65 % - 组装矩阵
Memory: 1410/1410 1408/1410
------     当前进度:  65 % - 组装稀疏模式
Memory: 1411/1411 1409/1410
------     当前进度:  65 % - 组装矩阵
   -        3000           - out
  26      3015.2         120      158   60  158     2     0      0
                   Group #1:       79   30   79                     3.9e-16  4.2e-16
                   Group #2:       79   30   79                     3.4e-16  1.4e-16
   -        3120           - out
  27      3135.2         120      160   62  160     2     0      0
                   Group #1:       80   31   80                     3.8e-16  4.4e-16
                   Group #2:       80   31   80                     3.5e-16  1.4e-16
------     当前进度:  66 % - 组装矩阵
Memory: 1413/1413 1411/1414
   -        3240           - out
  28      3255.2         120      162   64  162     2     0      0
                   Group #1:       81   32   81                     3.9e-16  4.4e-16
                   Group #2:       81   32   81                     3.2e-16  1.3e-16
   -        3360           - out
  29      3375.2         120      164   66  164     2     0      0
                   Group #1:       82   33   82                     4.1e-16  4.6e-16
                   Group #2:       82   33   82                     3.2e-16  1.3e-16
------     当前进度:  67 % - 组装矩阵
Memory: 1417/1417 1415/1417
   -        3480           - out
  30      3495.2         120      166   68  166     2     0      0
                   Group #1:       83   34   83                     4.2e-16  4.5e-16
                   Group #2:       83   34   83                     3.5e-16  1.4e-16
   -        3600           - out
  31      3615.2         120      168   70  168     2     0      0
                   Group #1:       84   35   84                     4.3e-16  4.7e-16
                   Group #2:       84   35   84                     3.7e-16  1.4e-16
------     当前进度:  68 % - 组装矩阵
Memory: 1420/1420 1417/1420
   -        3720           - out
  32      3735.2         120      170   72  170     2     0      0
                   Group #1:       85   36   85                     3.7e-16  4.3e-16
                   Group #2:       85   36   85                     3.6e-16  1.4e-16
   -        3840           - out
  33      3855.2         120      172   74  172     2     0      0
                   Group #1:       86   37   86                     3.7e-16  4.2e-16
                   Group #2:       86   37   86                     3.3e-16  1.4e-16
------     当前进度:  69 % - 组装矩阵
Memory: 1423/1423 1421/1423
  34      3861.6      6.3365 out  180   78  180     2     0      0
                   Group #1:       90   39   90                     3.9e-16  1.9e-16
                   Group #2:       90   39   90                     3.4e-16  1.3e-16
已在“3861.6”触发隐式事件“1”。
未强制执行重新初始化状态的一致性。
   -        3960           - out
  35      3981.6         120      186   80  186     1     0      0
                   Group #1:       93   40   93                       4e-16  5.5e-16
                   Group #2:       93   40   93                     3.4e-16  1.4e-16
------     当前进度:  69 % - 组装稀疏模式
Memory: 1434/1434 1431/1432
------     当前进度:  69 % - 组装矩阵
   -        4080           - out
  36      4101.6         120      194   82  194     1     0      0
                   Group #1:       97   41   97                     4.3e-16  5.7e-16
                   Group #2:       97   41   97                     3.4e-16  1.4e-16
-------    当前进度:  70 % - 组装矩阵
Memory: 1438/1438 1435/1437
-------    当前进度:  70 % - 组装稀疏模式
-------    当前进度:  70 % - 组装矩阵
   -        4200           - out
  37      4221.6         120      202   84  202     2     0      0
                   Group #1:      101   42  101                       4e-16  4.4e-16
                   Group #2:      101   42  101                     3.1e-16  1.3e-16
   -        4320           - out
  38      4341.6         120      206   86  206     2     0      0
                   Group #1:      103   43  103                     4.5e-16  4.6e-16
                   Group #2:      103   43  103                     3.2e-16  1.3e-16
-------    当前进度:  71 % - 组装矩阵
Memory: 1446/1446 1442/1445
   -        4440           - out
  39      4461.6         120      214   88  214     2     0      0
                   Group #1:      107   44  107                     4.2e-16  4.5e-16
                   Group #2:      107   44  107                     3.4e-16  1.4e-16
   -        4560           - out
  40      4581.6         120      220   90  220     2     0      0
                   Group #1:      110   45  110                       4e-16  4.6e-16
                   Group #2:      110   45  110                     3.4e-16  1.3e-16
-------    当前进度:  72 % - 组装矩阵
Memory: 1454/1454 1451/1453
-------    当前进度:  72 % - 组装稀疏模式
Memory: 1455/1455 1452/1453
-------    当前进度:  72 % - 组装矩阵
   -        4680           - out
  41      4701.6         120      226   92  226     2     0      0
                   Group #1:      113   46  113                     4.1e-16  4.6e-16
                   Group #2:      113   46  113                     3.5e-16  1.4e-16
-------    当前进度:  73 % - 组装矩阵
Memory: 1458/1458 1455/1457
   -        4800           - out
  42      4821.6         120      232   94  232     2     0      0
                   Group #1:      116   47  116                     3.9e-16  4.4e-16
                   Group #2:      116   47  116                     3.5e-16  1.4e-16
   -        4920           - out
  43      4941.6         120      238   96  238     2     0      0
                   Group #1:      119   48  119                       4e-16  4.4e-16
                   Group #2:      119   48  119                     3.4e-16  1.4e-16
-------    当前进度:  74 % - 组装矩阵
Memory: 1466/1466 1462/1465
   -        5040           - out
  44      5061.6         120      242   98  242     2     0      0
                   Group #1:      121   49  121                     3.9e-16  4.5e-16
                   Group #2:      121   49  121                     3.4e-16  1.4e-16
   -        5160           - out
  45      5181.6         120      246  100  246     2     0      0
                   Group #1:      123   50  123                     3.8e-16  4.4e-16
                   Group #2:      123   50  123                     3.3e-16  1.4e-16
-------    当前进度:  75 % - 组装矩阵
Memory: 1472/1472 1469/1471
   -        5280           - out
  46      5301.6         120      250  102  250     2     0      0
                   Group #1:      125   51  125                     3.8e-16  4.4e-16
                   Group #2:      125   51  125                     3.2e-16  1.3e-16
-------    当前进度:  75 % - 组装稀疏模式
Memory: 1474/1474 1471/1474
-------    当前进度:  75 % - 组装矩阵
   -        5400           - out
  47      5421.6         120      254  104  254     2     0      0
                   Group #1:      127   52  127                     3.8e-16  4.2e-16
                   Group #2:      127   52  127                     3.4e-16  1.4e-16
-------    当前进度:  76 % - 组装矩阵
Memory: 1477/1477 1474/1476
-------    当前进度:  76 % - 组装稀疏模式
-------    当前进度:  76 % - 组装矩阵
   -        5520           - out
  48      5541.6         120      256  106  256     2     0      0
                   Group #1:      128   53  128                       4e-16  4.4e-16
                   Group #2:      128   53  128                     3.4e-16  1.4e-16
   -        5640           - out
  49      5661.6         120      258  108  258     2     0      0
                   Group #1:      129   54  129                     4.4e-16  4.7e-16
                   Group #2:      129   54  129                     3.4e-16  1.4e-16
-------    当前进度:  77 % - 组装矩阵
Memory: 1480/1480 1477/1479
   -        5760           - out
  50      5781.6         120      260  110  260     2     0      0
                   Group #1:      130   55  130                     4.5e-16  4.7e-16
                   Group #2:      130   55  130                     3.4e-16  1.3e-16
   -        5880           - out
  51      5901.6         120      264  112  264     2     0      0
                   Group #1:      132   56  132                     3.7e-16  4.3e-16
                   Group #2:      132   56  132                     3.4e-16  1.4e-16
-------    当前进度:  78 % - 组装矩阵
Memory: 1484/1484 1481/1483
-------    当前进度:  78 % - 组装稀疏模式
Memory: 1486/1486 1482/1483
-------    当前进度:  78 % - 组装矩阵
   -        6000           - out
  52      6021.6         120      266  114  266     2     0      0
                   Group #1:      133   57  133                       4e-16  4.5e-16
                   Group #2:      133   57  133                     3.3e-16  1.3e-16
   -        6120           - out
  53      6141.6         120      270  116  270     2     0      0
                   Group #1:      135   58  135                     4.2e-16  4.6e-16
                   Group #2:      135   58  135                     3.4e-16  1.4e-16
-------    当前进度:  79 % - 组装矩阵
Memory: 1487/1487 1482/1485
   -        6240           - out
  54      6261.6         120      274  118  274     2     0      0
                   Group #1:      137   59  137                     4.2e-16  4.5e-16
                   Group #2:      137   59  137                     3.4e-16  1.3e-16
   -        6360           - out
  55      6381.6         120      278  120  278     2     0      0
                   Group #1:      139   60  139                     4.2e-16  4.7e-16
                   Group #2:      139   60  139                     3.4e-16  1.3e-16
--------   当前进度:  80 % - 组装矩阵
Memory: 1489/1489 1484/1487
   -        6480           - out
  56      6501.6         120      284  122  284     2     0      0
                   Group #1:      142   61  142                     4.2e-16  4.5e-16
                   Group #2:      142   61  142                     3.4e-16  1.4e-16
--------   当前进度:  80 % - 组装稀疏模式
Memory: 1490/1490 1485/1488
--------   当前进度:  80 % - 组装矩阵
   -        6600           - out
  57      6621.6         120      290  124  290     2     0      0
                   Group #1:      145   62  145                     4.1e-16  4.6e-16
                   Group #2:      145   62  145                     3.3e-16  1.3e-16
--------   当前进度:  81 % - 组装矩阵
Memory: 1491/1491 1486/1489
   -        6720           - out
  58      6741.6         120      296  126  296     2     0      0
                   Group #1:      148   63  148                     3.8e-16  4.3e-16
                   Group #2:      148   63  148                     3.4e-16  1.4e-16
   -        6840           - out
  59      6861.6         120      302  128  302     2     0      0
                   Group #1:      151   64  151                     4.4e-16  4.3e-16
                   Group #2:      151   64  151                     3.5e-16  1.4e-16
--------   当前进度:  82 % - 组装矩阵
Memory: 1494/1494 1497/1500
   -        6960           - out
  60      6981.6         120      310  130  310     2     0      0
                   Group #1:      155   65  155                     4.4e-16  4.5e-16
                   Group #2:      155   65  155                     3.4e-16  1.4e-16
   -        7080           - out
  61      7101.6         120      316  132  316     2     0      0
                   Group #1:      158   66  158                     4.1e-16  4.5e-16
                   Group #2:      158   66  158                     3.5e-16  1.4e-16
--------   当前进度:  83 % - 组装矩阵
Memory: 1497/1497 1500/1503
   -        7200           - out
  62      7221.6         120      324  134  324     2     0      0
                   Group #1:      162   67  162                     4.2e-16  4.5e-16
                   Group #2:      162   67  162                     3.5e-16  1.4e-16
--------   当前进度:  83 % - 组装稀疏模式
Memory: 1500/1500 1502/1505
--------   当前进度:  83 % - 组装矩阵
  63      7248.9      27.318 out  338  138  338     2     0      0
                   Group #1:      169   69  169                     4.1e-16  2.5e-16
                   Group #2:      169   69  169                     3.4e-16  1.4e-16
已在“7248.9”触发隐式事件“0”。
未强制执行重新初始化状态的一致性。
--------   当前进度:  84 % - 组装矩阵
Memory: 1501/1501 1503/1506
   -        7320           - out
  64      7368.9         120      344  140  344     1     0      0
                   Group #1:      172   70  172                       4e-16  5.8e-16
                   Group #2:      172   70  172                     3.4e-16  1.4e-16
   -        7440           - out
  65      7488.9         120      350  142  350     1     0      0
                   Group #1:      175   71  175                     4.2e-16  5.6e-16
                   Group #2:      175   71  175                     3.5e-16  1.4e-16
--------   当前进度:  85 % - 组装矩阵
Memory: 1504/1504 1506/1509
   -        7560           - out
  66      7608.9         120      356  144  356     2     0      0
                   Group #1:      178   72  178                     4.1e-16  4.5e-16
                   Group #2:      178   72  178                     3.4e-16  1.3e-16
   -        7680           - out
  67      7728.9         120      358  146  358     2     0      0
                   Group #1:      179   73  179                     4.1e-16  4.6e-16
                   Group #2:      179   73  179                     3.4e-16  1.4e-16
--------   当前进度:  86 % - 组装矩阵
Memory: 1506/1506 1508/1511
   -        7800           - out
  68      7848.9         120      360  148  360     2     0      0
                   Group #1:      180   74  180                       4e-16  4.2e-16
                   Group #2:      180   74  180                     3.3e-16  1.4e-16
   -        7920           - out
  69      7968.9         120      362  150  362     2     0      0
                   Group #1:      181   75  181                       4e-16  4.5e-16
                   Group #2:      181   75  181                     3.3e-16  1.3e-16
--------   当前进度:  87 % - 组装矩阵
Memory: 1507/1507 1509/1512
   -        8040           - out
  70      8088.9         120      364  152  364     2     0      0
                   Group #1:      182   76  182                     4.1e-16  4.2e-16
                   Group #2:      182   76  182                     3.3e-16  1.3e-16
--------   当前进度:  87 % - 组装稀疏模式
Memory: 1508/1508 1510/1513
--------   当前进度:  87 % - 组装矩阵
   -        8160           - out
  71      8208.9         120      366  154  366     2     0      0
                   Group #1:      183   77  183                     4.2e-16  4.4e-16
                   Group #2:      183   77  183                     3.5e-16  1.4e-16
--------   当前进度:  88 % - 组装矩阵
   -        8280           - out
  72      8328.9         120      368  156  368     2     0      0
                   Group #1:      184   78  184                     3.7e-16  4.2e-16
                   Group #2:      184   78  184                     3.5e-16  1.4e-16
   -        8400           - out
  73      8448.9         120      370  158  370     2     0      0
                   Group #1:      185   79  185                     3.9e-16  4.5e-16
                   Group #2:      185   79  185                     3.4e-16  1.4e-16
--------   当前进度:  89 % - 组装矩阵
Memory: 1510/1510 1512/1515
--------   当前进度:  89 % - 组装稀疏模式
