*******************************************
***COMSOL 6.3.0.290 progress output file***
*******************************************
Wed Sep 30 07:21:24 SGT 2026
---------- 当前进度: 100 % - 正在更新选择
Memory: 434/434 458/458
           当前进度:   0 % - EATCS radiator S1-1 panel 1
Memory: 486/486 516/516
           当前进度:   0 % - 矩形 1
           当前进度:   2 % - EATCS radiator S1-1 panel 2
Memory: 488/488 517/517
           当前进度:   2 % - 矩形 1
           当前进度:   3 % - EATCS radiator S1-1 panel 3
           当前进度:   3 % - 矩形 1
           当前进度:   5 % - EATCS radiator S1-1 panel 4
           当前进度:   5 % - 矩形 1
           当前进度:   7 % - EATCS radiator S1-1 panel 5
Memory: 489/489 517/517
           当前进度:   7 % - 矩形 1
           当前进度:   9 % - EATCS radiator S1-1 panel 6
           当前进度:   9 % - 矩形 1
-          当前进度:  10 % - EATCS radiator S1-1 panel 7
Memory: 490/490 517/517
-          当前进度:  10 % - 矩形 1
-          当前进度:  12 % - EATCS radiator S1-1 panel 8
-          当前进度:  12 % - 矩形 1
-          当前进度:  14 % - EATCS radiator S1-2 panel 1
-          当前进度:  14 % - 矩形 1
-          当前进度:  16 % - EATCS radiator S1-2 panel 2
Memory: 491/491 517/517
-          当前进度:  16 % - 矩形 1
-          当前进度:  17 % - EATCS radiator S1-2 panel 3
-          当前进度:  17 % - 矩形 1
-          当前进度:  19 % - EATCS radiator S1-2 panel 4
Memory: 492/492 517/517
-          当前进度:  19 % - 矩形 1
--         当前进度:  21 % - EATCS radiator S1-2 panel 5
--         当前进度:  21 % - 矩形 1
--         当前进度:  22 % - EATCS radiator S1-2 panel 6
Memory: 493/493 517/517
--         当前进度:  22 % - 矩形 1
--         当前进度:  24 % - EATCS radiator S1-2 panel 7
--         当前进度:  24 % - 矩形 1
--         当前进度:  26 % - EATCS radiator S1-2 panel 8
Memory: 494/494 517/517
--         当前进度:  26 % - 矩形 1
--         当前进度:  28 % - EATCS radiator S1-3 panel 1
--         当前进度:  28 % - 矩形 1
--         当前进度:  29 % - EATCS radiator S1-3 panel 2
--         当前进度:  29 % - 矩形 1
---        当前进度:  31 % - EATCS radiator S1-3 panel 3
Memory: 495/495 517/517
---        当前进度:  31 % - 矩形 1
---        当前进度:  33 % - EATCS radiator S1-3 panel 4
---        当前进度:  33 % - 矩形 1
---        当前进度:  34 % - EATCS radiator S1-3 panel 5
Memory: 496/496 517/517
---        当前进度:  34 % - 矩形 1
---        当前进度:  36 % - EATCS radiator S1-3 panel 6
---        当前进度:  36 % - 矩形 1
---        当前进度:  38 % - EATCS radiator S1-3 panel 7
Memory: 497/497 517/517
---        当前进度:  38 % - 矩形 1
----       当前进度:  40 % - EATCS radiator S1-3 panel 8
----       当前进度:  40 % - 矩形 1
----       当前进度:  41 % - EATCS radiator P1-1 panel 1
----       当前进度:  41 % - 矩形 1
----       当前进度:  43 % - EATCS radiator P1-1 panel 2
Memory: 498/498 517/517
----       当前进度:  43 % - 矩形 1
----       当前进度:  45 % - EATCS radiator P1-1 panel 3
----       当前进度:  45 % - 矩形 1
----       当前进度:  47 % - EATCS radiator P1-1 panel 4
----       当前进度:  47 % - 矩形 1
Memory: 499/499 517/517
----       当前进度:  48 % - EATCS radiator P1-1 panel 5
----       当前进度:  48 % - 矩形 1
-----      当前进度:  50 % - EATCS radiator P1-1 panel 6
-----      当前进度:  50 % - 矩形 1
-----      当前进度:  52 % - EATCS radiator P1-1 panel 7
-----      当前进度:  52 % - 矩形 1
-----      当前进度:  53 % - EATCS radiator P1-1 panel 8
Memory: 500/500 517/517
-----      当前进度:  53 % - 矩形 1
-----      当前进度:  55 % - EATCS radiator P1-2 panel 1
-----      当前进度:  55 % - 矩形 1
-----      当前进度:  57 % - EATCS radiator P1-2 panel 2
-----      当前进度:  57 % - 矩形 1
-----      当前进度:  59 % - EATCS radiator P1-2 panel 3
Memory: 501/501 517/517
-----      当前进度:  59 % - 矩形 1
------     当前进度:  60 % - EATCS radiator P1-2 panel 4
------     当前进度:  60 % - 矩形 1
------     当前进度:  62 % - EATCS radiator P1-2 panel 5
------     当前进度:  62 % - 矩形 1
------     当前进度:  64 % - EATCS radiator P1-2 panel 6
Memory: 502/502 517/517
------     当前进度:  64 % - 矩形 1
------     当前进度:  66 % - EATCS radiator P1-2 panel 7
------     当前进度:  66 % - 矩形 1
------     当前进度:  67 % - EATCS radiator P1-2 panel 8
------     当前进度:  67 % - 矩形 1
------     当前进度:  69 % - EATCS radiator P1-3 panel 1
Memory: 503/503 517/517
------     当前进度:  69 % - 矩形 1
-------    当前进度:  71 % - EATCS radiator P1-3 panel 2
-------    当前进度:  71 % - 矩形 1
-------    当前进度:  72 % - EATCS radiator P1-3 panel 3
-------    当前进度:  72 % - 矩形 1
-------    当前进度:  74 % - EATCS radiator P1-3 panel 4
Memory: 504/504 517/517
-------    当前进度:  74 % - 矩形 1
-------    当前进度:  76 % - EATCS radiator P1-3 panel 5
-------    当前进度:  76 % - 矩形 1
-------    当前进度:  78 % - EATCS radiator P1-3 panel 6
-------    当前进度:  78 % - 矩形 1
-------    当前进度:  79 % - EATCS radiator P1-3 panel 7
Memory: 505/505 517/517
-------    当前进度:  79 % - 矩形 1
--------   当前进度:  81 % - EATCS radiator P1-3 panel 8
--------   当前进度:  81 % - 矩形 1
--------   当前进度:  83 % - 形成联合体
Memory: 507/507 521/521
--------   当前进度:  83 % - 执行布尔操作
Memory: 519/519 528/529
---------- 当前进度: 100 % - 正在更新选择
Memory: 520/520 528/529
---------- 当前进度: 100 % - 正在创建可视化网格
Memory: 529/529 536/536
---------- 当前进度: 100 % - 正在更新选择
Memory: 623/623 727/730
           当前进度:   0 % - 线段间隔 1
Memory: 624/626 728/731
           当前进度:   9 % - 形成联合体
---------- 当前进度: 100 % - 正在更新选择
Memory: 625/626 728/731
           当前进度:   0 % - 线段间隔 1
Memory: 727/727 758/758
           当前进度:   9 % - 形成联合体
---------- 当前进度: 100 % - 正在更新选择
顶点单元数：192
边单元数：576
边界单元数：1056
---------- 当前进度: 100 % - 正在创建边界网格
Memory: 1017/1019 1020/1023
边界单元数：2
单元数：2
-----      当前进度:  54 % - 生成方程
Memory: 1026/1031 1029/1034
------     当前进度:  60 % - 生成方程
Memory: 1030/1034 1033/1036
------     当前进度:  66 % - 生成方程
Memory: 1031/1035 1034/1038
---        当前进度:  39 % - 生成方程
Memory: 1034/1038 1036/1040
-----      当前进度:  54 % - 生成方程
Memory: 1035/1039 1037/1041
-------    当前进度:  72 % - 生成方程
Memory: 1035/1039 1038/1041
-----      当前进度:  54 % - 生成方程
Memory: 1036/1041 1038/1043
------     当前进度:  66 % - 生成方程
Memory: 1037/1043 1039/1046
-----      当前进度:  54 % - 生成方程
Memory: 1038/1043 1040/1046
------     当前进度:  66 % - 生成方程
Memory: 1039/1043 1041/1046
---        当前进度:  39 % - 生成方程
Memory: 1034/1043 1038/1046
-----      当前进度:  54 % - 生成方程
Memory: 1041/1043 1043/1046
---        当前进度:  39 % - 生成方程
Memory: 1044/1045 1046/1047
-----      当前进度:  54 % - 生成方程
Memory: 1040/1045 1043/1047
------     当前进度:  66 % - 生成方程
Memory: 1042/1045 1044/1047
-----      当前进度:  54 % - 生成方程
Memory: 1041/1046 1043/1048
------     当前进度:  66 % - 生成方程
Memory: 1043/1047 1045/1049
---        当前进度:  39 % - 生成方程
-----      当前进度:  54 % - 生成方程
Memory: 1043/1047 1046/1049
-------    当前进度:  72 % - 生成方程
---        当前进度:  39 % - 生成方程
Memory: 1044/1047 1046/1049
-----      当前进度:  54 % - 生成方程
Memory: 1043/1047 1045/1049
<---- O: orbital transient, 2.0 orbits/解 4 (sol4) 中的“编译方程: 轨道热载荷” --------------
开始于 2026年9月30日 上午7:22:22。
几何形函数: 二次拉格朗日单元
几何形函数: 二次拉格朗日单元
在 AMD64 Family 25 Model 117 Stepping 2, AuthenticAMD 上运行。
在以下位置使用 1 个插槽： MarkLiu 上（共 2 个内核）。
可用内存：32.38 GB。
           当前进度:   0 % - 生成方程
Memory: 1053/1053 1056/1056
           当前进度:   1 % - 编译方程: 轨道热载荷
Memory: 1096/1096 1098/1098
           当前进度:   1 % - 正在创建可视化网格
Memory: 1095/1099 1098/1102
时间：3。
物理内存: 1.13 GB
虚拟内存: 1.14 GB
结束时间：2026年9月30日 上午7:22:25。
----- O: orbital transient, 2.0 orbits/解 4 (sol4) 中的“编译方程: 轨道热载荷” ------------->
<---- O: orbital transient, 2.0 orbits/解 4 (sol4) 中的“因变量 1” --------------------
开始于 2026年9月30日 上午7:22:25。
           当前进度:   1 % - 因变量 1
Memory: 1135/1136 1135/1137
求解时间：0 s。
物理内存: 1.14 GB
虚拟内存: 1.14 GB
结束时间：2026年9月30日 上午7:22:25。
----- O: orbital transient, 2.0 orbits/解 4 (sol4) 中的“因变量 1” ------------------->
<---- O: orbital transient, 2.0 orbits/解 4 (sol4) 中的“瞬态求解器 1” ------------------
开始于 2026年9月30日 上午7:22:25。
瞬态求解器 (BDF)
求解的自由度数：10（加上 4224 个内部自由度）。
           当前进度:   2 % - 组装稀疏模式
Memory: 1151/1151 1148/1148
找到对称矩阵。
缩放因变量：
形函数 (comp1.otl.ds_hrs.storeGextd_band): 1
形函数 (comp1.otl.ds_hrs.storeGextu_band): 1
指示器状态的比例：
comp1.otl.inEclipse_event: 4e+05
comp1.otl.outEclipse_event: 4e+05
Step        Time    Stepsize      Res  Jac  Sol Order Tfail NLfail   LinErr   LinRes
   0           0           - out    2    3    2                  0        0        0
指示器状态的比例：
comp1.otl.inEclipse_event: 4e+05
comp1.otl.outEclipse_event: 4e+05
           当前进度:   2 % - 约束处理
Memory: 1171/1171 1166/1166
           当前进度:   2 % - 
Memory: 1183/1186 1181/1185
   1          60          60 out    3    4    3     1     0      0        0        0
           当前进度:   3 % - 
Memory: 1187/1187 1183/1185
   2         120          60 out    4    5    4     1     0      0        0        0
   3         180          60 out    5    6    5     2     0      0        0        0
   4         240          60 out    6    7    6     2     0      0        0        0
   5         300          60 out    7    8    7     2     0      0        0        0
           当前进度:   4 % - 
Memory: 1195/1195 1191/1191
   6         360          60 out    8    9    8     2     0      0        0        0
   7         420          60 out    9   10    9     2     0      0        0        0
   8         480          60 out   10   11   10     2     0      0        0        0
   9         540          60 out   11   12   11     2     0      0        0        0
           当前进度:   5 % - 
Memory: 1196/1196 1198/1198
  10         600          60 out   12   13   12     2     0      0        0        0
  11         660          60 out   13   14   13     2     0      0        0        0
  12         720          60 out   14   15   14     2     0      0        0        0
  13         780          60 out   15   16   15     2     0      0        0        0
           当前进度:   6 % - 
Memory: 1197/1197 1198/1198
  14         840          60 out   16   17   16     2     0      0        0        0
  15         900          60 out   17   18   17     2     0      0        0        0
  16         960          60 out   18   19   18     2     0      0        0        0
  17        1020          60 out   19   20   19     2     0      0        0        0
           当前进度:   7 % - 
  18        1080          60 out   20   21   20     2     0      0        0        0
  19        1140          60 out   21   22   21     2     0      0        0        0
  20        1200          60 out   22   23   22     2     0      0        0        0
  21        1260          60 out   23   24   23     2     0      0        0        0
           当前进度:   8 % - 
  22        1320          60 out   24   25   24     2     0      0        0        0
  23        1380          60 out   25   26   25     2     0      0        0        0
  24        1440          60 out   26   27   26     2     0      0        0        0
           当前进度:   9 % - 
  25        1500          60 out   27   28   27     2     0      0        0        0
  26        1560          60 out   28   29   28     2     0      0        0        0
  27        1620          60 out   29   30   29     2     0      0        0        0
  28        1680          60 out   30   31   30     2     0      0        0        0
-          当前进度:  10 % - 
  29      1695.2      15.184 out   32   33   32     2     0      0        0        0
已在“1695.2”触发隐式事件“0”。
未强制执行重新初始化状态的一致性。
-          当前进度:  10 % - 约束处理
Memory: 1198/1198 1198/1198
-          当前进度:  10 % - 
   -        1740           - out
  30      1755.2          60       33   34   33     1     0      0        0        0
   -        1800           - out
  31      1815.2          60       34   35   34     1     0      0        0        0
   -        1860           - out
  32      1875.2          60       35   36   35     2     0      0        0        0
   -        1920           - out
  33      1935.2          60       36   37   36     2     0      0        0        0
-          当前进度:  11 % - 
Memory: 1198/1198 1199/1199
   -        1980           - out
  34      1995.2          60       37   38   37     2     0      0        0        0
   -        2040           - out
  35      2055.2          60       38   39   38     2     0      0        0        0
   -        2100           - out
  36      2115.2          60       39   40   39     2     0      0        0        0
   -        2160           - out
  37      2175.2          60       40   41   40     2     0      0        0        0
-          当前进度:  12 % - 
Memory: 1199/1199 1199/1199
   -        2220           - out
  38      2235.2          60       41   42   41     2     0      0        0        0
   -        2280           - out
  39      2295.2          60       42   43   42     2     0      0        0        0
   -        2340           - out
  40      2355.2          60       43   44   43     2     0      0        0        0
   -        2400           - out
  41      2415.2          60       44   45   44     2     0      0        0        0
-          当前进度:  13 % - 
Memory: 1199/1199 1207/1207
   -        2460           - out
  42      2475.2          60       45   46   45     2     0      0        0        0
   -        2520           - out
  43      2535.2          60       46   47   46     2     0      0        0        0
   -        2580           - out
  44      2595.2          60       47   48   47     2     0      0        0        0
-          当前进度:  14 % - 
   -        2640           - out
  45      2655.2          60       48   49   48     2     0      0        0        0
   -        2700           - out
  46      2715.2          60       49   50   49     2     0      0        0        0
   -        2760           - out
  47      2775.2          60       50   51   50     2     0      0        0        0
   -        2820           - out
  48      2835.2          60       51   52   51     2     0      0        0        0
-          当前进度:  15 % - 
   -        2880           - out
  49      2895.2          60       52   53   52     2     0      0        0        0
   -        2940           - out
  50      2955.2          60       53   54   53     2     0      0        0        0
   -        3000           - out
  51      3015.2          60       54   55   54     2     0      0        0        0
   -        3060           - out
  52      3075.2          60       55   56   55     2     0      0        0        0
-          当前进度:  16 % - 
Memory: 1200/1200 1208/1208
   -        3120           - out
  53      3135.2          60       56   57   56     2     0      0        0        0
   -        3180           - out
  54      3195.2          60       57   58   57     2     0      0        0        0
   -        3240           - out
  55      3255.2          60       58   59   58     2     0      0        0        0
   -        3300           - out
  56      3315.2          60       59   60   59     2     0      0        0        0
-          当前进度:  17 % - 
   -        3360           - out
  57      3375.2          60       60   61   60     2     0      0        0        0
   -        3420           - out
  58      3435.2          60       61   62   61     2     0      0        0        0
   -        3480           - out
  59      3495.2          60       62   63   62     2     0      0        0        0
   -        3540           - out
  60      3555.2          60       63   64   63     2     0      0        0        0
-          当前进度:  18 % - 
Memory: 1201/1201 1208/1208
   -        3600           - out
  61      3615.2          60       64   65   64     2     0      0        0        0
   -        3660           - out
  62      3675.2          60       65   66   65     2     0      0        0        0
   -        3720           - out
  63      3735.2          60       66   67   66     2     0      0        0        0
   -        3780           - out
  64      3795.2          60       67   68   67     2     0      0        0        0
-          当前进度:  19 % - 
Memory: 1201/1201 1209/1209
   -        3840           - out
  65      3855.2          60       68   69   68     2     0      0        0        0
  66      3861.5      6.3555 out   70   71   70     2     0      0        0        0
已在“3861.5”触发隐式事件“1”。
未强制执行重新初始化状态的一致性。
-          当前进度:  19 % - 约束处理
Memory: 1202/1202 1209/1209
-          当前进度:  19 % - 
   -        3900           - out
  67      3921.5          60       71   72   71     1     0      0        0        0
   -        3960           - out
  68      3981.5          60       72   73   72     1     0      0        0        0
   -        4020           - out
  69      4041.5          60       73   74   73     2     0      0        0        0
--         当前进度:  20 % - 
   -        4080           - out
  70      4101.5          60       74   75   74     2     0      0        0        0
   -        4140           - out
  71      4161.5          60       75   76   75     2     0      0        0        0
   -        4200           - out
  72      4221.5          60       76   77   76     2     0      0        0        0
--         当前进度:  21 % - 
   -        4260           - out
  73      4281.5          60       77   78   77     2     0      0        0        0
   -        4320           - out
  74      4341.5          60       78   79   78     2     0      0        0        0
   -        4380           - out
  75      4401.5          60       79   80   79     2     0      0        0        0
   -        4440           - out
  76      4461.5          60       80   81   80     2     0      0        0        0
--         当前进度:  22 % - 
   -        4500           - out
  77      4521.5          60       81   82   81     2     0      0        0        0
   -        4560           - out
  78      4581.5          60       82   83   82     2     0      0        0        0
   -        4620           - out
  79      4641.5          60       83   84   83     2     0      0        0        0
   -        4680           - out
  80      4701.5          60       84   85   84     2     0      0        0        0
--         当前进度:  23 % - 
   -        4740           - out
  81      4761.5          60       85   86   85     2     0      0        0        0
   -        4800           - out
  82      4821.5          60       86   87   86     2     0      0        0        0
   -        4860           - out
  83      4881.5          60       87   88   87     2     0      0        0        0
   -        4920           - out
  84      4941.5          60       88   89   88     2     0      0        0        0
--         当前进度:  24 % - 
   -        4980           - out
  85      5001.5          60       89   90   89     2     0      0        0        0
   -        5040           - out
  86      5061.5          60       90   91   90     2     0      0        0        0
   -        5100           - out
  87      5121.5          60       91   92   91     2     0      0        0        0
   -        5160           - out
  88      5181.5          60       92   93   92     2     0      0        0        0
--         当前进度:  25 % - 
   -        5220           - out
  89      5241.5          60       93   94   93     2     0      0        0        0
   -        5280           - out
  90      5301.5          60       94   95   94     2     0      0        0        0
   -        5340           - out
  91      5361.5          60       95   96   95     2     0      0        0        0
   -        5400           - out
  92      5421.5          60       96   97   96     2     0      0        0        0
--         当前进度:  26 % - 
Memory: 1203/1203 1209/1209
   -        5460           - out
  93      5481.5          60       97   98   97     2     0      0        0        0
   -        5520           - out
  94      5541.5          60       98   99   98     2     0      0        0        0
   -        5580           - out
  95      5601.5          60       99  100   99     2     0      0        0        0
   -        5640           - out
  96      5661.5          60      100  101  100     2     0      0        0        0
--         当前进度:  27 % - 
   -        5700           - out
  97      5721.5          60      101  102  101     2     0      0        0        0
   -        5760           - out
  98      5781.5          60      102  103  102     2     0      0        0        0
   -        5820           - out
  99      5841.5          60      103  104  103     2     0      0        0        0
--         当前进度:  28 % - 
   -        5880           - out
 100      5901.5          60      104  105  104     2     0      0        0        0
   -        5940           - out
 101      5961.5          60      105  106  105     2     0      0        0        0
   -        6000           - out
 102      6021.5          60      106  107  106     2     0      0        0        0
   -        6060           - out
 103      6081.5          60      107  108  107     2     0      0        0        0
--         当前进度:  29 % - 
   -        6120           - out
 104      6141.5          60      108  109  108     2     0      0        0        0
   -        6180           - out
 105      6201.5          60      109  110  109     2     0      0        0        0
   -        6240           - out
 106      6261.5          60      110  111  110     2     0      0        0        0
   -        6300           - out
 107      6321.5          60      111  112  111     2     0      0        0        0
---        当前进度:  30 % - 
   -        6360           - out
 108      6381.5          60      112  113  112     2     0      0        0        0
   -        6420           - out
 109      6441.5          60      113  114  113     2     0      0        0        0
   -        6480           - out
 110      6501.5          60      114  115  114     2     0      0        0        0
   -        6540           - out
 111      6561.5          60      115  116  115     2     0      0        0        0
---        当前进度:  31 % - 
   -        6600           - out
 112      6621.5          60      116  117  116     2     0      0        0        0
   -        6660           - out
 113      6681.5          60      117  118  117     2     0      0        0        0
---        当前进度:  31 % - 组装矩阵
---        当前进度:  31 % - 
   -        6720           - out
 114      6741.5          60      118  119  118     2     0      0        0        0
   -        6780           - out
 115      6801.5          60      119  120  119     2     0      0        0        0
---        当前进度:  32 % - 
Memory: 1204/1204 1209/1209
   -        6840           - out
 116      6861.5          60      120  121  120     2     0      0        0        0
   -        6900           - out
 117      6921.5          60      121  122  121     2     0      0        0        0
   -        6960           - out
 118      6981.5          60      122  123  122     2     0      0        0        0
   -        7020           - out
 119      7041.5          60      123  124  123     2     0      0        0        0
---        当前进度:  33 % - 
   -        7080           - out
 120      7101.5          60      124  125  124     2     0      0        0        0
   -        7140           - out
 121      7161.5          60      125  126  125     2     0      0        0        0
   -        7200           - out
 122      7221.5          60      126  127  126     2     0      0        0        0
 123      7248.8      27.274 out  128  129  128     2     0      0        0        0
已在“7248.8”触发隐式事件“0”。
未强制执行重新初始化状态的一致性。
---        当前进度:  34 % - 约束处理
---        当前进度:  34 % - 
   -        7260           - out
 124      7308.8          60      129  130  129     1     0      0        0        0
   -        7320           - out
 125      7368.8          60      130  131  130     1     0      0        0        0
   -        7380           - out
 126      7428.8          60      131  132  131     2     0      0        0        0
   -        7440           - out
 127      7488.8          60      132  133  132     2     0      0        0        0
---        当前进度:  35 % - 
   -        7500           - out
 128      7548.8          60      133  134  133     2     0      0        0        0
   -        7560           - out
 129      7608.8          60      134  135  134     2     0      0        0        0
   -        7620           - out
 130      7668.8          60      135  136  135     2     0      0        0        0
   -        7680           - out
 131      7728.8          60      136  137  136     2     0      0        0        0
---        当前进度:  36 % - 
Memory: 1205/1205 1209/1209
   -        7740           - out
 132      7788.8          60      137  138  137     2     0      0        0        0
   -        7800           - out
 133      7848.8          60      138  139  138     2     0      0        0        0
   -        7860           - out
 134      7908.8          60      139  140  139     2     0      0        0        0
   -        7920           - out
 135      7968.8          60      140  141  140     2     0      0        0        0
---        当前进度:  37 % - 
   -        7980           - out
 136      8028.8          60      141  142  141     2     0      0        0        0
   -        8040           - out
 137      8088.8          60      142  143  142     2     0      0        0        0
   -        8100           - out
 138      8148.8          60      143  144  143     2     0      0        0        0
   -        8160           - out
 139      8208.8          60      144  145  144     2     0      0        0        0
---        当前进度:  38 % - 
   -        8220           - out
 140      8268.8          60      145  146  145     2     0      0        0        0
   -        8280           - out
 141      8328.8          60      146  147  146     2     0      0        0        0
   -        8340           - out
 142      8388.8          60      147  148  147     2     0      0        0        0
---        当前进度:  39 % - 
   -        8400           - out
 143      8448.8          60      148  149  148     2     0      0        0        0
   -        8460           - out
 144      8508.8          60      149  150  149     2     0      0        0        0
   -        8520           - out
 145      8568.8          60      150  151  150     2     0      0        0        0
   -        8580           - out
 146      8628.8          60      151  152  151     2     0      0        0        0
----       当前进度:  40 % - 
Memory: 1205/1205 1207/1209
   -        8640           - out
 147      8688.8          60      152  153  152     2     0      0        0        0
   -        8700           - out
 148      8748.8          60      153  154  153     2     0      0        0        0
   -        8760           - out
 149      8808.8          60      154  155  154     2     0      0        0        0
   -        8820           - out
 150      8868.8          60      155  156  155     2     0      0        0        0
----       当前进度:  41 % - 
Memory: 1206/1206 1208/1209
   -        8880           - out
 151      8928.8          60      156  157  156     2     0      0        0        0
   -        8940           - out
 152      8988.8          60      157  158  157     2     0      0        0        0
   -        9000           - out
 153      9048.8          60      158  159  158     2     0      0        0        0
   -        9060           - out
 154      9108.8          60      159  160  159     2     0      0        0        0
----       当前进度:  42 % - 
   -        9120           - out
 155      9168.8          60      160  161  160     2     0      0        0        0
   -        9180           - out
 156      9228.8          60      161  162  161     2     0      0        0        0
   -        9240           - out
 157      9288.8          60      162  163  162     2     0      0        0        0
   -        9300           - out
 158      9348.8          60      163  164  163     2     0      0        0        0
----       当前进度:  43 % - 
Memory: 1207/1207 1208/1209
   -        9360           - out
 159      9408.8          60      164  165  164     2     0      0        0        0
 160      9415.2      6.3505 out  166  167  166     2     0      0        0        0
已在“9415.2”触发隐式事件“1”。
未强制执行重新初始化状态的一致性。
----       当前进度:  43 % - 约束处理
----       当前进度:  43 % - 
   -        9420           - out
 161      9475.2          60      167  168  167     1     0      0        0        0
   -        9480           - out
 162      9535.2          60      168  169  168     1     0      0        0        0
   -        9540           - out
 163      9595.2          60      169  170  169     2     0      0        0        0
----       当前进度:  44 % - 
   -        9600           - out
 164      9655.2          60      170  171  170     2     0      0        0        0
   -        9660           - out
 165      9715.2          60      171  172  171     2     0      0        0        0
   -        9720           - out
 166      9775.2          60      172  173  172     2     0      0        0        0
   -        9780           - out
 167      9835.2          60      173  174  173     2     0      0        0        0
----       当前进度:  45 % - 
   -        9840           - out
 168      9895.2          60      174  175  174     2     0      0        0        0
   -        9900           - out
 169      9955.2          60      175  176  175     2     0      0        0        0
   -        9960           - out
 170       10015          60      176  177  176     2     0      0        0        0
----       当前进度:  46 % - 
   -       10020           - out
 171       10075          60      177  178  177     2     0      0        0        0
   -       10080           - out
 172       10135          60      178  179  178     2     0      0        0        0
   -       10140           - out
 173       10195          60      179  180  179     2     0      0        0        0
   -       10200           - out
 174       10255          60      180  181  180     2     0      0        0        0
----       当前进度:  47 % - 
   -       10260           - out
 175       10315          60      181  182  181     2     0      0        0        0
   -       10320           - out
 176       10375          60      182  183  182     2     0      0        0        0
   -       10380           - out
 177       10435          60      183  184  183     2     0      0        0        0
   -       10440           - out
 178       10495          60      184  185  184     2     0      0        0        0
----       当前进度:  48 % - 
Memory: 1208/1208 1208/1209
   -       10500           - out
 179       10555          60      185  186  185     2     0      0        0        0
   -       10560           - out
 180       10615          60      186  187  186     2     0      0        0        0
   -       10620           - out
 181       10675          60      187  188  187     2     0      0        0        0
   -       10680           - out
 182       10735          60      188  189  188     2     0      0        0        0
----       当前进度:  49 % - 
   -       10740           - out
 183       10795          60      189  190  189     2     0      0        0        0
   -       10800           - out
 184       10855          60      190  191  190     2     0      0        0        0
   -       10860           - out
 185       10915          60      191  192  191     2     0      0        0        0
   -       10920           - out
 186       10975          60      192  193  192     2     0      0        0        0
-----      当前进度:  50 % - 
Memory: 1208/1208 1206/1209
   -       10980           - out
 187       11035          60      193  194  193     2     0      0        0        0
   -       11040           - out
 188       11068      32.418      194  195  194     2     0      0        0        0
 189       11100      32.418 out  195  196  195     2     0      0        0        0
时间步进已完成。
求解时间：842 s。 （14 分钟，2 秒）
物理内存: 1.21 GB
虚拟内存: 1.22 GB
结束时间：2026年9月30日 上午7:36:27。
----- O: orbital transient, 2.0 orbits/解 4 (sol4) 中的“瞬态求解器 1” ----------------->
<---- O: orbital transient, 2.0 orbits/解 4 (sol4) 中的“编译方程: 轨道温度” ---------------
开始于 2026年9月30日 上午7:36:27。
几何形函数: 二次拉格朗日单元
几何形函数: 二次拉格朗日单元
-----      当前进度:  50 % - 生成方程
Memory: 1195/1214 1193/1216
-----      当前进度:  51 % - 编译方程: 轨道温度
Memory: 1219/1219 1217/1217
-----      当前进度:  51 % - 正在创建可视化网格
Memory: 1223/1226 1221/1224
时间：2。
物理内存: 1.25 GB
虚拟内存: 1.25 GB
结束时间：2026年9月30日 上午7:36:29。
----- O: orbital transient, 2.0 orbits/解 4 (sol4) 中的“编译方程: 轨道温度” -------------->
<---- O: orbital transient, 2.0 orbits/解 4 (sol4) 中的“因变量 2” --------------------
开始于 2026年9月30日 上午7:36:29。
待求解变量的初始值: 解 4 (sol4), 解存储 2 (sol5), t=11100 s [自动（单一解）].
不求解变量的值: 解 4 (sol4), 解存储 2 (sol5), t=11100 s [自动（单一解）].
-----      当前进度:  51 % - 因变量 2
Memory: 1257/1257 1255/1255
求解时间：0 s。
物理内存: 1.26 GB
虚拟内存: 1.25 GB
结束时间：2026年9月30日 上午7:36:29。
----- O: orbital transient, 2.0 orbits/解 4 (sol4) 中的“因变量 2” ------------------->
<---- O: orbital transient, 2.0 orbits/解 4 (sol4) 中的“瞬态求解器 2” ------------------
开始于 2026年9月30日 上午7:36:29。
瞬态求解器 (BDF)
-----      当前进度:  52 % - 瞬态求解器 2
Memory: 1264/1266 1262/1264
求解的自由度数：6246。
-----      当前进度:  52 % - 组装稀疏模式
Memory: 1265/1266 1262/1264
找到非对称矩阵。
缩放因变量：
温度 (comp1.T2): 3e+02
NH3 panel outlet temperatures (K) (comp1.ODE1): 3e+02
已使用正交零空间函数。
-----      当前进度:  52 % - 约束处理
Memory: 1273/1273 1270/1270
找到对称矩阵。
缩放因变量：
表面辐射度，下侧 (comp1.otl.ds_hrs.Jd_band): 1.2e+02
表面辐射度，上侧 (comp1.otl.ds_hrs.Ju_band): 1.2e+02
已使用正交零空间函数。
-----      当前进度:  52 % - 组装稀疏模式
Memory: 1279/1279 1275/1275
找到对称矩阵。
指示器状态的比例：
comp1.otl.inEclipse_event: 4e+05
comp1.otl.outEclipse_event: 4e+05
Step        Time    Stepsize      Res  Jac  Sol Order Tfail NLfail   LinErr   LinRes
-----      当前进度:  52 % - 约束处理
Memory: 1290/1290 1288/1288
-----      当前进度:  52 % - 组装矩阵
Memory: 1309/1309 1310/1310
-----      当前进度:  52 % - 组装稀疏模式
Memory: 1329/1329 1325/1325
-----      当前进度:  52 % - 求解线性方程组
Memory: 1338/1338 1333/1336
-----      当前进度:  52 % - 组装矩阵
Memory: 1346/1346 1348/1348
-----      当前进度:  52 % - 矩阵分解
Memory: 1360/1360 1357/1357
-----      当前进度:  52 % - 组装矩阵
Memory: 1363/1363 1359/1359
-----      当前进度:  52 % - 组装稀疏模式
Memory: 1397/1404 1393/1405
-----      当前进度:  52 % - 组装矩阵
Memory: 1397/1404 1395/1405
   0           0           - out   16    6   16                  0
                   Group #1:        8    3    8                       4e-16  1.8e-16
                   Group #2:        8    3    8                     3.4e-16  1.3e-16
指示器状态的比例：
comp1.otl.inEclipse_event: 4e+05
comp1.otl.outEclipse_event: 4e+05
   1          60          60 out   24    8   24     1     0      0
                   Group #1:       12    4   12                     4.4e-16  1.8e-16
                   Group #2:       12    4   12                     3.5e-16  1.4e-16
-----      当前进度:  52 % - 组装稀疏模式
Memory: 1383/1404 1384/1405
-----      当前进度:  52 % - 组装矩阵
Memory: 1390/1404 1386/1405
   2         120          60 out   32   10   32     1     0      0
                   Group #1:       16    5   16                     1.3e-15  1.5e-16
                   Group #2:       16    5   16                     3.4e-16  1.3e-16
-----      当前进度:  53 % - 组装矩阵
Memory: 1410/1410 1406/1408
   3         180          60 out   40   12   40     2     0      0
                   Group #1:       20    6   20                     7.4e-16  1.4e-16
                   Group #2:       20    6   20                     3.4e-16  1.4e-16
   4         240          60 out   44   14   44     2     0      0
                   Group #1:       22    7   22                     6.4e-16  1.7e-16
                   Group #2:       22    7   22                     3.5e-16  1.4e-16
   5         300          60 out   48   16   48     2     0      0
                   Group #1:       24    8   24                     4.7e-16  2.3e-16
                   Group #2:       24    8   24                     3.2e-16  1.3e-16
   6         360          60 out   52   18   52     2     0      0
                   Group #1:       26    9   26                     4.5e-16  2.3e-16
                   Group #2:       26    9   26                     3.4e-16  1.4e-16
-----      当前进度:  54 % - 组装矩阵
Memory: 1434/1434 1430/1432
-----      当前进度:  54 % - 组装稀疏模式
Memory: 1435/1435 1431/1432
-----      当前进度:  54 % - 组装矩阵
   7         420          60 out   54   20   54     2     0      0
                   Group #1:       27   10   27                     4.1e-16  2.1e-16
                   Group #2:       27   10   27                     3.3e-16  1.3e-16
   8         480          60 out   58   22   58     2     0      0
                   Group #1:       29   11   29                     4.1e-16  2.3e-16
                   Group #2:       29   11   29                     3.4e-16  1.4e-16
-----      当前进度:  54 % - 组装稀疏模式
Memory: 1439/1439 1434/1437
-----      当前进度:  54 % - 组装矩阵
   9         540          60 out   60   24   60     2     0      0
                   Group #1:       30   12   30                       4e-16  2.3e-16
                   Group #2:       30   12   30                     3.2e-16  1.3e-16
  10         600          60 out   62   26   62     2     0      0
                   Group #1:       31   13   31                     4.1e-16  2.4e-16
                   Group #2:       31   13   31                     3.3e-16  1.3e-16
-----      当前进度:  55 % - 组装矩阵
Memory: 1444/1444 1440/1440
  11         660          60 out   64   28   64     2     0      0
                   Group #1:       32   14   32                     4.3e-16  2.3e-16
                   Group #2:       32   14   32                     3.5e-16  1.3e-16
  12         720          60 out   66   30   66     2     0      0
                   Group #1:       33   15   33                     4.1e-16  2.4e-16
                   Group #2:       33   15   33                     3.5e-16  1.4e-16
  13         780          60 out   68   32   68     2     0      0
                   Group #1:       34   16   34                     4.1e-16  2.8e-16
                   Group #2:       34   16   34                     3.4e-16  1.3e-16
  14         840          60 out   70   34   70     2     0      0
                   Group #1:       35   17   35                       4e-16  3.1e-16
                   Group #2:       35   17   35                     3.4e-16  1.3e-16
-----      当前进度:  56 % - 组装矩阵
Memory: 1448/1448 1445/1447
  15         900          60 out   72   36   72     2     0      0
                   Group #1:       36   18   36                     3.9e-16  2.6e-16
                   Group #2:       36   18   36                     3.4e-16  1.3e-16
  16         960          60 out   74   38   74     2     0      0
                   Group #1:       37   19   37                     3.9e-16  2.4e-16
                   Group #2:       37   19   37                     3.4e-16  1.3e-16
  17        1020          60 out   76   40   76     2     0      0
                   Group #1:       38   20   38                       4e-16  3.1e-16
                   Group #2:       38   20   38                     3.4e-16  1.4e-16
-----      当前进度:  57 % - 组装矩阵
Memory: 1457/1457 1455/1458
  18        1080          60 out   80   42   80     2     0      0
                   Group #1:       40   21   40                     3.9e-16  3.6e-16
                   Group #2:       40   21   40                     3.4e-16  1.4e-16
-----      当前进度:  57 % - 组装稀疏模式
Memory: 1460/1460 1456/1459
-----      当前进度:  57 % - 组装矩阵
  19        1140          60 out   82   44   82     2     0      0
                   Group #1:       41   22   41                     4.3e-16  2.8e-16
                   Group #2:       41   22   41                     3.8e-16  1.5e-16
  20        1200          60 out   86   46   86     2     0      0
                   Group #1:       43   23   43                     4.1e-16    3e-16
                   Group #2:       43   23   43                     3.4e-16  1.4e-16
  21        1260          60 out   90   48   90     2     0      0
                   Group #1:       45   24   45                     4.1e-16  3.6e-16
                   Group #2:       45   24   45                     3.5e-16  1.4e-16
-----      当前进度:  58 % - 组装矩阵
Memory: 1467/1467 1463/1466
  22        1320          60 out   96   50   96     2     0      0
                   Group #1:       48   25   48                     3.8e-16    3e-16
                   Group #2:       48   25   48                     3.3e-16  1.3e-16
  23        1380          60 out  102   52  102     2     0      0
                   Group #1:       51   26   51                       4e-16  3.2e-16
                   Group #2:       51   26   51                     3.5e-16  1.3e-16
  24        1440          60 out  108   54  108     2     0      0
                   Group #1:       54   27   54                     3.9e-16  3.2e-16
                   Group #2:       54   27   54                     3.4e-16  1.3e-16
-----      当前进度:  58 % - 组装稀疏模式
Memory: 1483/1483 1487/1489
-----      当前进度:  58 % - 组装矩阵
Memory: 1484/1484 1488/1490
  25        1500          60 out  114   56  114     2     0      0
                   Group #1:       57   28   57                     4.3e-16  3.3e-16
                   Group #2:       57   28   57                     3.4e-16  1.4e-16
-----      当前进度:  59 % - 组装矩阵
Memory: 1487/1487 1491/1494
  26        1560          60 out  120   58  120     2     0      0
                   Group #1:       60   29   60                     3.8e-16  3.2e-16
                   Group #2:       60   29   60                     3.4e-16  1.3e-16
  27        1620          60 out  128   60  128     2     0      0
                   Group #1:       64   30   64                     3.9e-16    3e-16
                   Group #2:       64   30   64                     3.4e-16  1.4e-16
  28        1680          60 out  130   62  130     2     0      0
                   Group #1:       65   31   65                       4e-16  3.1e-16
                   Group #2:       65   31   65                     3.4e-16  1.4e-16
-----      当前进度:  59 % - 组装稀疏模式
Memory: 1507/1507 1510/1512
-----      当前进度:  59 % - 组装矩阵
Memory: 1508/1508 1511/1513
  29      1695.2      15.184 out  138   66  138     2     0      0
                   Group #1:       69   33   69                     3.6e-16    2e-16
                   Group #2:       69   33   69                     3.5e-16  1.4e-16
已在“1695.2”触发隐式事件“0”。
未强制执行重新初始化状态的一致性。
   -        1740           - out
  30      1755.2          60      144   68  144     1     0      0
                   Group #1:       72   34   72                     3.6e-16  3.4e-16
                   Group #2:       72   34   72                     3.5e-16  1.4e-16
------     当前进度:  60 % - 组装矩阵
Memory: 1511/1511 1514/1517
   -        1800           - out
  31      1815.2          60      150   70  150     1     0      0
                   Group #1:       75   35   75                     4.2e-16  3.8e-16
                   Group #2:       75   35   75                     3.5e-16  1.4e-16
   -        1860           - out
  32      1875.2          60      156   72  156     2     0      0
                   Group #1:       78   36   78                     3.9e-16  3.1e-16
                   Group #2:       78   36   78                     3.4e-16  1.4e-16
   -        1920           - out
  33      1935.2          60      158   74  158     2     0      0
                   Group #1:       79   37   79                       4e-16  3.1e-16
                   Group #2:       79   37   79                     3.4e-16  1.4e-16
   -        1980           - out
  34      1995.2          60      160   76  160     2     0      0
                   Group #1:       80   38   80                       4e-16  3.1e-16
                   Group #2:       80   38   80                     3.4e-16  1.4e-16
------     当前进度:  61 % - 组装矩阵
Memory: 1522/1522 1525/1527
   -        2040           - out
  35      2055.2          60      162   78  162     2     0      0
                   Group #1:       81   39   81                       4e-16  2.3e-16
                   Group #2:       81   39   81                     3.2e-16  1.3e-16
   -        2100           - out
  36      2115.2          60      164   80  164     2     0      0
                   Group #1:       82   40   82                     4.1e-16  3.1e-16
                   Group #2:       82   40   82                     3.3e-16  1.4e-16
   -        2160           - out
  37      2175.2          60      166   82  166     2     0      0
                   Group #1:       83   41   83                     3.7e-16    3e-16
                   Group #2:       83   41   83                     3.4e-16  1.3e-16
   -        2220           - out
  38      2235.2          60      168   84  168     2     0      0
                   Group #1:       84   42   84                     3.7e-16  3.1e-16
                   Group #2:       84   42   84                     3.3e-16  1.4e-16
------     当前进度:  62 % - 组装矩阵
Memory: 1529/1529 1532/1535
   -        2280           - out
  39      2295.2          60      170   86  170     2     0      0
                   Group #1:       85   43   85                     3.9e-16  3.2e-16
                   Group #2:       85   43   85                     3.3e-16  1.3e-16
   -        2340           - out
  40      2355.2          60      172   88  172     2     0      0
                   Group #1:       86   44   86                       4e-16  3.1e-16
                   Group #2:       86   44   86                     3.4e-16  1.3e-16
   -        2400           - out
  41      2415.2          60      174   90  174     2     0      0
                   Group #1:       87   45   87                     3.9e-16  3.1e-16
                   Group #2:       87   45   87                     3.5e-16  1.4e-16
------     当前进度:  63 % - 组装矩阵
Memory: 1536/1536 1538/1540
------     当前进度:  63 % - 矩阵分解
Memory: 1536/1536 1538/1541
   -        2460           - out
  42      2475.2          60      176   92  176     2     0      0
                   Group #1:       88   46   88                     4.1e-16  3.2e-16
                   Group #2:       88   46   88                     3.4e-16  1.4e-16
------     当前进度:  63 % - 组装矩阵
Memory: 1536/1536 1539/1541
   -        2520           - out
  43      2535.2          60      178   94  178     2     0      0
                   Group #1:       89   47   89                     3.9e-16  3.2e-16
                   Group #2:       89   47   89                     3.4e-16  1.3e-16
   -        2580           - out
  44      2595.2          60      180   96  180     2     0      0
                   Group #1:       90   48   90                     4.1e-16  3.2e-16
                   Group #2:       90   48   90                     3.5e-16  1.4e-16
   -        2640           - out
  45      2655.2          60      182   98  182     2     0      0
                   Group #1:       91   49   91                     3.8e-16    3e-16
                   Group #2:       91   49   91                     3.5e-16  1.4e-16
------     当前进度:  64 % - 组装矩阵
Memory: 1542/1542 1544/1546
   -        2700           - out
  46      2715.2          60      184  100  184     2     0      0
                   Group #1:       92   50   92                     3.6e-16    3e-16
                   Group #2:       92   50   92                     3.5e-16  1.4e-16
   -        2760           - out
  47      2775.2          60      186  102  186     2     0      0
                   Group #1:       93   51   93                     3.7e-16  3.1e-16
                   Group #2:       93   51   93                     3.4e-16  1.4e-16
   -        2820           - out
  48      2835.2          60      188  104  188     2     0      0
                   Group #1:       94   52   94                     3.9e-16  3.1e-16
                   Group #2:       94   52   94                     3.4e-16  1.3e-16
   -        2880           - out
  49      2895.2          60      190  106  190     2     0      0
                   Group #1:       95   53   95                     3.9e-16  3.1e-16
                   Group #2:       95   53   95                     3.4e-16  1.4e-16
------     当前进度:  65 % - 组装矩阵
Memory: 1550/1550 1549/1551
   -        2940           - out
  50      2955.2          60      192  108  192     2     0      0
                   Group #1:       96   54   96                     3.8e-16  3.1e-16
                   Group #2:       96   54   96                     3.3e-16  1.3e-16
   -        3000           - out
  51      3015.2          60      194  110  194     2     0      0
                   Group #1:       97   55   97                       4e-16  3.2e-16
                   Group #2:       97   55   97                     3.4e-16  1.3e-16
   -        3060           - out
  52      3075.2          60      196  112  196     2     0      0
                   Group #1:       98   56   98                       4e-16  3.1e-16
                   Group #2:       98   56   98                     3.4e-16  1.3e-16
   -        3120           - out
  53      3135.2          60      198  114  198     2     0      0
                   Group #1:       99   57   99                       4e-16  3.1e-16
                   Group #2:       99   57   99                     3.4e-16  1.3e-16
------     当前进度:  66 % - 组装矩阵
Memory: 1555/1555 1553/1556
------     当前进度:  66 % - 组装稀疏模式
------     当前进度:  66 % - 组装矩阵
   -        3180           - out
  54      3195.2          60      200  116  200     2     0      0
                   Group #1:      100   58  100                       4e-16  3.1e-16
                   Group #2:      100   58  100                     3.5e-16  1.4e-16
   -        3240           - out
  55      3255.2          60      202  118  202     2     0      0
                   Group #1:      101   59  101                     4.1e-16  3.2e-16
                   Group #2:      101   59  101                     3.3e-16  1.3e-16
   -        3300           - out
  56      3315.2          60      204  120  204     2     0      0
                   Group #1:      102   60  102                       4e-16  3.2e-16
                   Group #2:      102   60  102                     3.5e-16  1.4e-16
   -        3360           - out
  57      3375.2          60      206  122  206     2     0      0
                   Group #1:      103   61  103                     4.1e-16  3.2e-16
                   Group #2:      103   61  103                     3.4e-16  1.3e-16
------     当前进度:  67 % - 组装矩阵
Memory: 1558/1558 1556/1558
   -        3420           - out
  58      3435.2          60      208  124  208     2     0      0
                   Group #1:      104   62  104                     4.2e-16  3.3e-16
                   Group #2:      104   62  104                     3.4e-16  1.3e-16
   -        3480           - out
  59      3495.2          60      210  126  210     2     0      0
                   Group #1:      105   63  105                     3.7e-16    3e-16
                   Group #2:      105   63  105                     3.3e-16  1.3e-16
   -        3540           - out
  60      3555.2          60      212  128  212     2     0      0
                   Group #1:      106   64  106                     3.5e-16    3e-16
                   Group #2:      106   64  106                     3.3e-16  1.3e-16
   -        3600           - out
  61      3615.2          60      214  130  214     2     0      0
                   Group #1:      107   65  107                     3.6e-16    3e-16
                   Group #2:      107   65  107                     3.4e-16  1.3e-16
------     当前进度:  68 % - 组装矩阵
Memory: 1560/1560 1557/1560
   -        3660           - out
  62      3675.2          60      216  132  216     2     0      0
                   Group #1:      108   66  108                     3.7e-16  3.1e-16
                   Group #2:      108   66  108                     3.5e-16  1.4e-16
   -        3720           - out
  63      3735.2          60      218  134  218     2     0      0
                   Group #1:      109   67  109                     3.8e-16  3.1e-16
                   Group #2:      109   67  109                     3.4e-16  1.3e-16
   -        3780           - out
  64      3795.2          60      220  136  220     2     0      0
                   Group #1:      110   68  110                     3.9e-16  3.1e-16
                   Group #2:      110   68  110                     3.3e-16  1.3e-16
   -        3840           - out
  65      3855.2          60      222  138  222     2     0      0
                   Group #1:      111   69  111                     3.9e-16  3.2e-16
                   Group #2:      111   69  111                     3.4e-16  1.3e-16
------     当前进度:  69 % - 组装矩阵
Memory: 1562/1562 1559/1562
------     当前进度:  69 % - 组装稀疏模式
Memory: 1563/1563 1561/1564
------     当前进度:  69 % - 组装矩阵
Memory: 1564/1564 1561/1564
  66      3861.5      6.3555 out  230  142  230     2     0      0
                   Group #1:      115   71  115                     3.7e-16  1.8e-16
                   Group #2:      115   71  115                     3.5e-16  1.4e-16
已在“3861.5”触发隐式事件“1”。
未强制执行重新初始化状态的一致性。
   -        3900           - out
  67      3921.5          60      236  144  236     1     0      0
                   Group #1:      118   72  118                     3.8e-16  3.7e-16
                   Group #2:      118   72  118                     3.4e-16  1.3e-16
------     当前进度:  69 % - 组装稀疏模式
Memory: 1565/1565 1562/1566
------     当前进度:  69 % - 组装矩阵
Memory: 1566/1566 1563/1566
   -        3960           - out
  68      3981.5          60      242  146  242     1     0      0
                   Group #1:      121   73  121                     4.2e-16  3.9e-16
                   Group #2:      121   73  121                     3.5e-16  1.4e-16
   -        4020           - out
  69      4041.5          60      248  148  248     2     0      0
                   Group #1:      124   74  124                     3.9e-16    3e-16
                   Group #2:      124   74  124                     3.4e-16  1.4e-16
-------    当前进度:  70 % - 组装矩阵
Memory: 1568/1568 1565/1568
   -        4080           - out
  70      4101.5          60      254  150  254     2     0      0
                   Group #1:      127   75  127                     3.8e-16  3.1e-16
                   Group #2:      127   75  127                     3.4e-16  1.3e-16
   -        4140           - out
  71      4161.5          60      260  152  260     2     0      0
                   Group #1:      130   76  130                       4e-16  3.2e-16
                   Group #2:      130   76  130                     3.5e-16  1.3e-16
   -        4200           - out
  72      4221.5          60      266  154  266     2     0      0
                   Group #1:      133   77  133                     3.7e-16    3e-16
                   Group #2:      133   77  133                     3.4e-16  1.3e-16
   -        4260           - out
  73      4281.5          60      272  156  272     2     0      0
                   Group #1:      136   78  136                     3.7e-16  3.1e-16
                   Group #2:      136   78  136                     3.4e-16  1.3e-16
-------    当前进度:  71 % - 组装矩阵
Memory: 1576/1576 1572/1575
   -        4320           - out
  74      4341.5          60      278  158  278     2     0      0
                   Group #1:      139   79  139                     3.7e-16  3.1e-16
                   Group #2:      139   79  139                     3.4e-16  1.3e-16
-------    当前进度:  71 % - 组装稀疏模式
Memory: 1577/1577 1573/1576
-------    当前进度:  71 % - 组装矩阵
   -        4380           - out
  75      4401.5          60      284  160  284     2     0      0
                   Group #1:      142   80  142                       4e-16  3.1e-16
                   Group #2:      142   80  142                     3.4e-16  1.4e-16
   -        4440           - out
  76      4461.5          60      290  162  290     2     0      0
                   Group #1:      145   81  145                     4.2e-16  3.2e-16
                   Group #2:      145   81  145                     3.6e-16  1.4e-16
   -        4500           - out
  77      4521.5          60      294  164  294     2     0      0
                   Group #1:      147   82  147                     3.7e-16    3e-16
                   Group #2:      147   82  147                     3.5e-16  1.4e-16
-------    当前进度:  72 % - 组装矩阵
Memory: 1581/1581 1576/1579
   -        4560           - out
  78      4581.5          60      296  166  296     2     0      0
                   Group #1:      148   83  148                     3.9e-16  3.1e-16
                   Group #2:      148   83  148                     3.4e-16  1.3e-16
   -        4620           - out
  79      4641.5          60      300  168  300     2     0      0
                   Group #1:      150   84  150                       4e-16  3.1e-16
                   Group #2:      150   84  150                     3.5e-16  1.3e-16
   -        4680           - out
  80      4701.5          60      302  170  302     2     0      0
                   Group #1:      151   85  151                     4.1e-16  3.3e-16
                   Group #2:      151   85  151                     3.6e-16  1.4e-16
   -        4740           - out
  81      4761.5          60      304  172  304     2     0      0
                   Group #1:      152   86  152                     3.9e-16  3.1e-16
                   Group #2:      152   86  152                     3.5e-16  1.4e-16
-------    当前进度:  73 % - 组装矩阵
Memory: 1583/1583 1579/1581
   -        4800           - out
  82      4821.5          60      306  174  306     2     0      0
                   Group #1:      153   87  153                     3.8e-16  3.1e-16
                   Group #2:      153   87  153                     3.5e-16  1.4e-16
   -        4860           - out
  83      4881.5          60      308  176  308     2     0      0
                   Group #1:      154   88  154                     3.8e-16  3.1e-16
                   Group #2:      154   88  154                     3.4e-16  1.3e-16
   -        4920           - out
  84      4941.5          60      310  178  310     2     0      0
                   Group #1:      155   89  155                       4e-16  3.1e-16
                   Group #2:      155   89  155                     3.4e-16  1.3e-16
   -        4980           - out
  85      5001.5          60      312  180  312     2     0      0
                   Group #1:      156   90  156                       4e-16  3.1e-16
                   Group #2:      156   90  156                     3.5e-16  1.4e-16
-------    当前进度:  74 % - 组装矩阵
Memory: 1586/1586 1590/1593
   -        5040           - out
  86      5061.5          60      314  182  314     2     0      0
                   Group #1:      157   91  157                       4e-16  3.2e-16
                   Group #2:      157   91  157                     3.5e-16  1.4e-16
   -        5100           - out
  87      5121.5          60      316  184  316     2     0      0
                   Group #1:      158   92  158                       4e-16  3.2e-16
                   Group #2:      158   92  158                     3.6e-16  1.4e-16
-------    当前进度:  74 % - 组装稀疏模式
Memory: 1588/1588 1591/1593
-------    当前进度:  74 % - 组装矩阵
Memory: 1588/1588 1591/1594
   -        5160           - out
  88      5181.5          60      318  186  318     2     0      0
                   Group #1:      159   93  159                     3.9e-16  3.1e-16
                   Group #2:      159   93  159                     3.5e-16  1.4e-16
   -        5220           - out
  89      5241.5          60      320  188  320     2     0      0
                   Group #1:      160   94  160                     4.1e-16  3.2e-16
                   Group #2:      160   94  160                     3.3e-16  1.3e-16
-------    当前进度:  75 % - 组装矩阵
Memory: 1589/1589 1592/1595
   -        5280           - out
  90      5301.5          60      322  190  322     2     0      0
                   Group #1:      161   95  161                       4e-16  3.1e-16
                   Group #2:      161   95  161                     3.5e-16  1.3e-16
   -        5340           - out
  91      5361.5          60      324  192  324     2     0      0
                   Group #1:      162   96  162                       4e-16  3.3e-16
                   Group #2:      162   96  162                     3.5e-16  1.4e-16
   -        5400           - out
  92      5421.5          60      326  194  326     2     0      0
                   Group #1:      163   97  163                     4.1e-16  3.2e-16
                   Group #2:      163   97  163                     3.5e-16  1.4e-16
-------    当前进度:  76 % - 组装矩阵
Memory: 1591/1591 1593/1597
   -        5460           - out
  93      5481.5          60      328  196  328     2     0      0
                   Group #1:      164   98  164                       4e-16  3.2e-16
                   Group #2:      164   98  164                     3.5e-16  1.4e-16
   -        5520           - out
  94      5541.5          60      330  198  330     2     0      0
                   Group #1:      165   99  165                     4.2e-16  3.3e-16
                   Group #2:      165   99  165                     3.5e-16  1.4e-16
   -        5580           - out
  95      5601.5          60      332  200  332     2     0      0
                   Group #1:      166  100  166                     4.1e-16  3.2e-16
                   Group #2:      166  100  166                     3.5e-16  1.4e-16
   -        5640           - out
  96      5661.5          60      334  202  334     2     0      0
                   Group #1:      167  101  167                     4.2e-16  3.1e-16
                   Group #2:      167  101  167                     3.6e-16  1.4e-16
-------    当前进度:  77 % - 组装矩阵
Memory: 1597/1597 1599/1600
   -        5700           - out
  97      5721.5          60      336  204  336     2     0      0
                   Group #1:      168  102  168                     4.1e-16  3.2e-16
                   Group #2:      168  102  168                     3.4e-16  1.3e-16
   -        5760           - out
  98      5781.5          60      338  206  338     2     0      0
                   Group #1:      169  103  169                     4.1e-16  3.2e-16
                   Group #2:      169  103  169                     3.4e-16  1.3e-16
   -        5820           - out
  99      5841.5          60      340  208  340     2     0      0
                   Group #1:      170  104  170                     3.9e-16  3.1e-16
                   Group #2:      170  104  170                     3.4e-16  1.3e-16
   -        5880           - out
 100      5901.5          60      342  210  342     2     0      0
                   Group #1:      171  105  171                     3.8e-16    3e-16
                   Group #2:      171  105  171                     3.4e-16  1.4e-16
-------    当前进度:  78 % - 组装矩阵
Memory: 1602/1602 1601/1604
   -        5940           - out
 101      5961.5          60      344  212  344     2     0      0
                   Group #1:      172  106  172                     3.6e-16    3e-16
                   Group #2:      172  106  172                     3.5e-16  1.4e-16
   -        6000           - out
 102      6021.5          60      346  214  346     2     0      0
                   Group #1:      173  107  173                     3.9e-16  3.2e-16
                   Group #2:      173  107  173                     3.3e-16  1.3e-16
-------    当前进度:  78 % - 
Memory: 1603/1603 1602/1605
-------    当前进度:  78 % - 组装矩阵
Memory: 1603/1603 1603/1605
-------    当前进度:  78 % - 组装稀疏模式
Memory: 1607/1607 1606/1606
-------    当前进度:  78 % - 组装矩阵
Memory: 1607/1607 1606/1609
   -        6060           - out
 103      6081.5          60      348  216  348     2     0      0
                   Group #1:      174  108  174                       4e-16  3.1e-16
                   Group #2:      174  108  174                     3.5e-16  1.3e-16
   -        6120           - out
 104      6141.5          60      350  218  350     2     0      0
                   Group #1:      175  109  175                       4e-16  3.2e-16
                   Group #2:      175  109  175                     3.5e-16  1.4e-16
-------    当前进度:  79 % - 组装矩阵
Memory: 1608/1608 1608/1610
   -        6180           - out
 105      6201.5          60      352  220  352     2     0      0
                   Group #1:      176  110  176                     4.1e-16  3.2e-16
                   Group #2:      176  110  176                     3.3e-16  1.3e-16
   -        6240           - out
 106      6261.5          60      354  222  354     2     0      0
                   Group #1:      177  111  177                     3.9e-16  3.1e-16
                   Group #2:      177  111  177                     3.5e-16  1.4e-16
   -        6300           - out
 107      6321.5          60      356  224  356     2     0      0
                   Group #1:      178  112  178                     3.7e-16    3e-16
                   Group #2:      178  112  178                     3.6e-16  1.4e-16
   -        6360           - out
 108      6381.5          60      358  226  358     2     0      0
                   Group #1:      179  113  179                       4e-16  3.2e-16
                   Group #2:      179  113  179                     3.5e-16  1.4e-16
--------   当前进度:  80 % - 组装矩阵
Memory: 1611/1611 1610/1611
   -        6420           - out
 109      6441.5          60      360  228  360     2     0      0
                   Group #1:      180  114  180                     3.9e-16  3.1e-16
                   Group #2:      180  114  180                     3.3e-16  1.3e-16
   -        6480           - out
 110      6501.5          60      362  230  362     2     0      0
                   Group #1:      181  115  181                     3.9e-16  3.2e-16
                   Group #2:      181  115  181                     3.2e-16  1.3e-16
   -        6540           - out
 111      6561.5          60      364  232  364     2     0      0
                   Group #1:      182  116  182                     3.9e-16  3.2e-16
                   Group #2:      182  116  182                     3.4e-16  1.3e-16
   -        6600           - out
 112      6621.5          60      368  234  368     2     0      0
                   Group #1:      184  117  184                       4e-16  3.2e-16
                   Group #2:      184  117  184                     3.5e-16  1.4e-16
--------   当前进度:  81 % - 组装矩阵
Memory: 1619/1619 1618/1620
   -        6660           - out
 113      6681.5          60      370  236  370     2     0      0
                   Group #1:      185  118  185                     3.9e-16    3e-16
                   Group #2:      185  118  185                     3.4e-16  1.3e-16
   -        6720           - out
 114      6741.5          60      374  238  374     2     0      0
                   Group #1:      187  119  187                     3.8e-16  3.1e-16
                   Group #2:      187  119  187                     3.5e-16  1.4e-16
   -        6780           - out
 115      6801.5          60      380  240  380     2     0      0
                   Group #1:      190  120  190                       4e-16  3.2e-16
                   Group #2:      190  120  190                     3.4e-16  1.4e-16
   -        6840           - out
 116      6861.5          60      386  242  386     2     0      0
                   Group #1:      193  121  193                       4e-16  3.2e-16
                   Group #2:      193  121  193                     3.4e-16  1.3e-16
--------   当前进度:  82 % - 组装矩阵
Memory: 1629/1629 1628/1631
   -        6900           - out
 117      6921.5          60      392  244  392     2     0      0
                   Group #1:      196  122  196                     3.8e-16  3.2e-16
                   Group #2:      196  122  196                     3.5e-16  1.4e-16
--------   当前进度:  82 % - 
Memory: 1632/1632 1630/1633
--------   当前进度:  82 % - 组装矩阵
   -        6960           - out
 118      6981.5          60      398  246  398     2     0      0
                   Group #1:      199  123  199                     3.8e-16    3e-16
                   Group #2:      199  123  199                     3.3e-16  1.3e-16
--------   当前进度:  82 % - 组装稀疏模式
--------   当前进度:  82 % - 组装矩阵
   -        7020           - out
 119      7041.5          60      404  248  404     2     0      0
                   Group #1:      202  124  202                       4e-16  3.1e-16
                   Group #2:      202  124  202                     3.4e-16  1.3e-16
   -        7080           - out
 120      7101.5          60      410  250  410     2     0      0
                   Group #1:      205  125  205                       4e-16  3.2e-16
                   Group #2:      205  125  205                     3.4e-16  1.4e-16
--------   当前进度:  83 % - 组装矩阵
Memory: 1636/1636 1634/1636
   -        7140           - out
 121      7161.5          60      416  252  416     2     0      0
                   Group #1:      208  126  208                     3.6e-16    3e-16
                   Group #2:      208  126  208                     3.4e-16  1.4e-16
   -        7200           - out
 122      7221.5          60      422  254  422     2     0      0
                   Group #1:      211  127  211                     3.9e-16  3.2e-16
                   Group #2:      211  127  211                     3.4e-16  1.3e-16
--------   当前进度:  83 % - 求解线性方程组
Memory: 1638/1638 1635/1638
--------   当前进度:  83 % - 组装矩阵
 123      7248.8      27.274 out  430  258  430     2     0      0
                   Group #1:      215  129  215                     4.1e-16  2.3e-16
                   Group #2:      215  129  215                     3.3e-16  1.3e-16
已在“7248.8”触发隐式事件“0”。
未强制执行重新初始化状态的一致性。
   -        7260           - out
 124      7308.8          60      436  260  436     1     0      0
                   Group #1:      218  130  218                       4e-16  3.6e-16
                   Group #2:      218  130  218                     3.6e-16  1.4e-16
--------   当前进度:  84 % - 组装矩阵
Memory: 1641/1641 1638/1641
   -        7320           - out
 125      7368.8          60      442  262  442     1     0      0
                   Group #1:      221  131  221                     4.2e-16  3.9e-16
                   Group #2:      221  131  221                     3.3e-16  1.4e-16
   -        7380           - out
 126      7428.8          60      448  264  448     2     0      0
                   Group #1:      224  132  224                     3.9e-16    3e-16
                   Group #2:      224  132  224                     3.5e-16  1.3e-16
   -        7440           - out
 127      7488.8          60      450  266  450     2     0      0
                   Group #1:      225  133  225                     3.9e-16  3.2e-16
                   Group #2:      225  133  225                     3.5e-16  1.4e-16
--------   当前进度:  84 % - 组装稀疏模式
Memory: 1644/1644 1641/1643
--------   当前进度:  84 % - 组装矩阵
Memory: 1644/1644 1641/1644
   -        7500           - out
 128      7548.8          60      452  268  452     2     0      0
                   Group #1:      226  134  226                     3.8e-16  3.1e-16
                   Group #2:      226  134  226                     3.5e-16  1.4e-16
--------   当前进度:  85 % - 组装矩阵
   -        7560           - out
 129      7608.8          60      454  270  454     2     0      0
                   Group #1:      227  135  227                     3.9e-16  2.6e-16
                   Group #2:      227  135  227                     3.7e-16  1.4e-16
   -        7620           - out
 130      7668.8          60      456  272  456     2     0      0
                   Group #1:      228  136  228                     4.1e-16  3.3e-16
                   Group #2:      228  136  228                     3.4e-16  1.4e-16
   -        7680           - out
 131      7728.8          60      458  274  458     2     0      0
                   Group #1:      229  137  229                     3.9e-16  3.1e-16
                   Group #2:      229  137  229                     3.5e-16  1.4e-16
   -        7740           - out
 132      7788.8          60      460  276  460     2     0      0
                   Group #1:      230  138  230                     3.9e-16  3.1e-16
                   Group #2:      230  138  230                     3.5e-16  1.3e-16
--------   当前进度:  86 % - 组装矩阵
Memory: 1647/1647 1644/1647
   -        7800           - out
 133      7848.8          60      462  278  462     2     0      0
                   Group #1:      231  139  231                     4.1e-16  3.2e-16
                   Group #2:      231  139  231                     3.4e-16  1.4e-16
   -        7860           - out
 134      7908.8          60      464  280  464     2     0      0
                   Group #1:      232  140  232                       4e-16  3.2e-16
                   Group #2:      232  140  232                     3.4e-16  1.3e-16
   -        7920           - out
 135      7968.8          60      466  282  466     2     0      0
                   Group #1:      233  141  233                     3.9e-16  3.2e-16
                   Group #2:      233  141  233                     3.5e-16  1.4e-16
   -        7980           - out
 136      8028.8          60      468  284  468     2     0      0
                   Group #1:      234  142  234                     4.1e-16  3.2e-16
                   Group #2:      234  142  234                     3.3e-16  1.3e-16
--------   当前进度:  87 % - 组装矩阵
Memory: 1652/1652 1656/1659
   -        8040           - out
 137      8088.8          60      470  286  470     2     0      0
                   Group #1:      235  143  235                     4.1e-16  3.1e-16
                   Group #2:      235  143  235                     3.5e-16  1.4e-16
   -        8100           - out
 138      8148.8          60      472  288  472     2     0      0
                   Group #1:      236  144  236                     4.2e-16  3.3e-16
                   Group #2:      236  144  236                     3.2e-16  1.3e-16
   -        8160           - out
 139      8208.8          60      474  290  474     2     0      0
                   Group #1:      237  145  237                     3.8e-16  3.2e-16
                   Group #2:      237  145  237                     3.6e-16  1.4e-16
--------   当前进度:  88 % - 组装矩阵
Memory: 1653/1653 1653/1659
   -        8220           - out
 140      8268.8          60      476  292  476     2     0      0
                   Group #1:      238  146  238                     3.9e-16    3e-16
                   Group #2:      238  146  238                     3.3e-16  1.3e-16
--------   当前进度:  88 % - 矩阵分解
Memory: 1654/1654 1651/1659
--------   当前进度:  88 % - 组装矩阵
Memory: 1654/1654 1652/1659
   -        8280           - out
 141      8328.8          60      478  294  478     2     0      0
                   Group #1:      239  147  239                     3.7e-16    3e-16
                   Group #2:      239  147  239                     3.3e-16  1.3e-16
   -        8340           - out
 142      8388.8          60      480  296  480     2     0      0
                   Group #1:      240  148  240                     3.6e-16  2.9e-16
                   Group #2:      240  148  240                     3.4e-16  1.4e-16
   -        8400           - out
 143      8448.8          60      482  298  482     2     0      0
                   Group #1:      241  149  241                     3.8e-16  3.1e-16
                   Group #2:      241  149  241                     3.5e-16  1.3e-16
--------   当前进度:  89 % - 组装矩阵
Memory: 1656/1656 1657/1662
   -        8460           - out
 144      8508.8          60      484  300  484     2     0      0
                   Group #1:      242  150  242                       4e-16  3.3e-16
                   Group #2:      242  150  242                     3.3e-16  1.3e-16
   -        8520           - out
 145      8568.8          60      486  302  486     2     0      0
                   Group #1:      243  151  243                     3.9e-16  3.2e-16
                   Group #2:      243  151  243                     3.3e-16  1.3e-16
   -        8580           - out
 146      8628.8          60      488  304  488     2     0      0
                   Group #1:      244  152  244                     3.9e-16    3e-16
                   Group #2:      244  152  244                     3.4e-16  1.4e-16
--------   当前进度:  89 % - 组装稀疏模式
Memory: 1658/1658 1661/1664
--------   当前进度:  89 % - 组装矩阵
   -        8640           - out
 147      8688.8          60      490  306  490     2     0      0
                   Group #1:      245  153  245                       4e-16  3.2e-16
                   Group #2:      245  153  245                     3.7e-16  1.4e-16
---------  当前进度:  90 % - 组装矩阵
Memory: 1659/1659 1661/1664
   -        8700           - out
 148      8748.8          60      492  308  492     2     0      0
                   Group #1:      246  154  246                       4e-16  3.1e-16
                   Group #2:      246  154  246                     3.5e-16  1.4e-16
   -        8760           - out
 149      8808.8          60      494  310  494     2     0      0
                   Group #1:      247  155  247                     4.1e-16  3.2e-16
                   Group #2:      247  155  247                     3.5e-16  1.4e-16
   -        8820           - out
 150      8868.8          60      496  312  496     2     0      0
                   Group #1:      248  156  248                     3.8e-16    3e-16
                   Group #2:      248  156  248                     3.3e-16  1.3e-16
---------  当前进度:  90 % - 组装稀疏模式
Memory: 1661/1661 1657/1664
---------  当前进度:  90 % - 组装矩阵
Memory: 1661/1661 1658/1664
   -        8880           - out
 151      8928.8          60      498  314  498     2     0      0
                   Group #1:      249  157  249                     3.9e-16  3.1e-16
                   Group #2:      249  157  249                     3.5e-16  1.4e-16
---------  当前进度:  91 % - 组装矩阵
Memory: 1662/1662 1658/1664
   -        8940           - out
 152      8988.8          60      500  316  500     2     0      0
                   Group #1:      250  158  250                     3.9e-16  3.1e-16
                   Group #2:      250  158  250                     3.5e-16  1.4e-16
   -        9000           - out
 153      9048.8          60      502  318  502     2     0      0
                   Group #1:      251  159  251                       4e-16  3.1e-16
                   Group #2:      251  159  251                     3.5e-16  1.3e-16
   -        9060           - out
 154      9108.8          60      504  320  504     2     0      0
                   Group #1:      252  160  252                       4e-16  3.2e-16
                   Group #2:      252  160  252                     3.4e-16  1.3e-16
   -        9120           - out
 155      9168.8          60      506  322  506     2     0      0
                   Group #1:      253  161  253                     3.9e-16  3.2e-16
                   Group #2:      253  161  253                     3.4e-16  1.4e-16
---------  当前进度:  92 % - 组装矩阵
Memory: 1665/1665 1676/1678
   -        9180           - out
 156      9228.8          60      508  324  508     2     0      0
                   Group #1:      254  162  254                     3.7e-16  2.9e-16
                   Group #2:      254  162  254                     3.5e-16  1.4e-16
   -        9240           - out
 157      9288.8          60      510  326  510     2     0      0
                   Group #1:      255  163  255                     3.7e-16    3e-16
                   Group #2:      255  163  255                     3.3e-16  1.4e-16
   -        9300           - out
 158      9348.8          60      512  328  512     2     0      0
                   Group #1:      256  164  256                     3.8e-16    3e-16
                   Group #2:      256  164  256                     3.4e-16  1.3e-16
   -        9360           - out
 159      9408.8          60      514  330  514     2     0      0
                   Group #1:      257  165  257                     3.8e-16  3.1e-16
                   Group #2:      257  165  257                     3.4e-16  1.4e-16
---------  当前进度:  93 % - 组装矩阵
Memory: 1671/1671 1679/1682
---------  当前进度:  93 % - 组装稀疏模式
---------  当前进度:  93 % - 组装矩阵
 160      9415.2      6.3505 out  522  334  522     2     0      0
                   Group #1:      261  167  261                     3.6e-16  1.9e-16
                   Group #2:      261  167  261                     3.4e-16  1.3e-16
已在“9415.2”触发隐式事件“1”。
未强制执行重新初始化状态的一致性。
   -        9420           - out
 161      9475.2          60      528  336  528     1     0      0
                   Group #1:      264  168  264                     3.7e-16  3.5e-16
                   Group #2:      264  168  264                     3.6e-16  1.4e-16
   -        9480           - out
 162      9535.2          60      534  338  534     1     0      0
                   Group #1:      267  169  267                       4e-16  3.8e-16
                   Group #2:      267  169  267                     3.5e-16  1.4e-16
   -        9540           - out
 163      9595.2          60      540  340  540     2     0      0
                   Group #1:      270  170  270                       4e-16  3.1e-16
                   Group #2:      270  170  270                     3.5e-16  1.3e-16
---------  当前进度:  94 % - 组装矩阵
Memory: 1682/1682 1689/1692
   -        9600           - out
---------  当前进度:  94 % - 
Memory: 1687/1687 1692/1695
 164      9655.2          60      546  342  546     2     0      0
                   Group #1:      273  171  273                     4.1e-16  3.3e-16
                   Group #2:      273  171  273                     3.3e-16  1.3e-16
---------  当前进度:  94 % - 组装矩阵
Memory: 1688/1688 1693/1695
   -        9660           - out
 165      9715.2          60      552  344  552     2     0      0
                   Group #1:      276  172  276                       4e-16  3.2e-16
                   Group #2:      276  172  276                     3.3e-16  1.3e-16
   -        9720           - out
 166      9775.2          60      558  346  558     2     0      0
                   Group #1:      279  173  279                     3.8e-16  3.1e-16
                   Group #2:      279  173  279                     3.4e-16  1.3e-16
   -        9780           - out
 167      9835.2          60      564  348  564     2     0      0
                   Group #1:      282  174  282                       4e-16  3.2e-16
                   Group #2:      282  174  282                     3.5e-16  1.4e-16
---------  当前进度:  95 % - 组装矩阵
Memory: 1698/1698 1704/1707
   -        9840           - out
 168      9895.2          60      570  350  570     2     0      0
                   Group #1:      285  175  285                       4e-16  3.1e-16
                   Group #2:      285  175  285                     3.3e-16  1.3e-16
   -        9900           - out
 169      9955.2          60      576  352  576     2     0      0
                   Group #1:      288  176  288                     4.1e-16  3.3e-16
                   Group #2:      288  176  288                     3.5e-16  1.4e-16
   -        9960           - out
 170       10015          60      582  354  582     2     0      0
                   Group #1:      291  177  291                     3.8e-16  3.1e-16
                   Group #2:      291  177  291                     3.4e-16  1.3e-16
---------  当前进度:  95 % - 组装稀疏模式
Memory: 1706/1706 1715/1718
---------  当前进度:  95 % - 组装矩阵
   -       10020           - out
 171       10075          60      586  356  586     2     0      0
                   Group #1:      293  178  293                     3.7e-16  3.1e-16
                   Group #2:      293  178  293                     3.5e-16  1.4e-16
---------  当前进度:  96 % - 组装矩阵
Memory: 1707/1707 1716/1719
   -       10080           - out
 172       10135          60      588  358  588     2     0      0
                   Group #1:      294  179  294                     4.1e-16  3.2e-16
                   Group #2:      294  179  294                     3.4e-16  1.3e-16
   -       10140           - out
 173       10195          60      592  360  592     2     0      0
                   Group #1:      296  180  296                     4.1e-16  3.2e-16
                   Group #2:      296  180  296                     3.5e-16  1.4e-16
   -       10200           - out
 174       10255          60      594  362  594     2     0      0
                   Group #1:      297  181  297                     4.1e-16  3.2e-16
                   Group #2:      297  181  297                     3.3e-16  1.3e-16
   -       10260           - out
 175       10315          60      596  364  596     2     0      0
                   Group #1:      298  182  298                       4e-16  3.2e-16
                   Group #2:      298  182  298                     3.5e-16  1.4e-16
---------  当前进度:  97 % - 组装矩阵
Memory: 1710/1710 1715/1721
   -       10320           - out
 176       10375          60      598  366  598     2     0      0
                   Group #1:      299  183  299                     3.8e-16  3.1e-16
                   Group #2:      299  183  299                     3.5e-16  1.4e-16
---------  当前进度:  97 % - 求解线性方程组
Memory: 1710/1710 1716/1721
---------  当前进度:  97 % - 组装矩阵
Memory: 1711/1711 1716/1721
   -       10380           - out
 177       10435          60      600  368  600     2     0      0
                   Group #1:      300  184  300                     3.9e-16  3.2e-16
                   Group #2:      300  184  300                     3.5e-16  1.4e-16
   -       10440           - out
 178       10495          60      602  370  602     2     0      0
                   Group #1:      301  185  301                     3.9e-16  3.2e-16
                   Group #2:      301  185  301                     3.5e-16  1.4e-16
   -       10500           - out
 179       10555          60      604  372  604     2     0      0
                   Group #1:      302  186  302                       4e-16  3.2e-16
                   Group #2:      302  186  302                     3.5e-16  1.4e-16
---------  当前进度:  98 % - 组装矩阵
Memory: 1713/1713 1716/1721
   -       10560           - out
 180       10615          60      606  374  606     2     0      0
                   Group #1:      303  187  303                       4e-16  3.2e-16
                   Group #2:      303  187  303                     3.4e-16  1.4e-16
   -       10620           - out
 181       10675          60      608  376  608     2     0      0
                   Group #1:      304  188  304                       4e-16  3.1e-16
                   Group #2:      304  188  304                     3.5e-16  1.4e-16
   -       10680           - out
 182       10735          60      610  378  610     2     0      0
                   Group #1:      305  189  305                       4e-16  3.1e-16
                   Group #2:      305  189  305                     3.4e-16  1.4e-16
   -       10740           - out
 183       10795          60      612  380  612     2     0      0
                   Group #1:      306  190  306                       4e-16  3.2e-16
                   Group #2:      306  190  306                     3.4e-16  1.4e-16
---------  当前进度:  99 % - 组装矩阵
Memory: 1715/1715 1722/1726
   -       10800           - out
 184       10855          60      614  382  614     2     0      0
                   Group #1:      307  191  307                       4e-16  3.1e-16
                   Group #2:      307  191  307                     3.5e-16  1.4e-16
   -       10860           - out
 185       10915          60      616  384  616     2     0      0
                   Group #1:      308  192  308                     4.1e-16  3.2e-16
                   Group #2:      308  192  308                     3.4e-16  1.4e-16
   -       10920           - out
 186       10975          60      618  386  618     2     0      0
                   Group #1:      309  193  309                     4.2e-16  3.3e-16
                   Group #2:      309  193  309                     3.4e-16  1.4e-16
   -       10980           - out
 187       11035          60      620  388  620     2     0      0
                   Group #1:      310  194  310                     4.1e-16  3.3e-16
                   Group #2:      310  194  310                     3.5e-16  1.4e-16
---------- 当前进度: 100 % - 组装矩阵
Memory: 1717/1717 1726/1728
   -       11040           - out
 188       11068      32.418      622  390  622     2     0      0
                   Group #1:      311  195  311                     3.7e-16  2.4e-16
                   Group #2:      311  195  311                     3.5e-16  1.4e-16
 189       11100      32.418 out  626  392  626     2     0      0
                   Group #1:      313  196  313                     3.6e-16  2.4e-16
                   Group #2:      313  196  313                     3.5e-16  1.4e-16
时间步进已完成。
---------- 当前进度: 100 % - 
Memory: 1719/1719 1724/1729
求解时间：354 s。 （5 分钟，54 秒）
物理内存: 1.72 GB
虚拟内存: 1.73 GB
结束时间：2026年9月30日 上午7:42:24。
----- O: orbital transient, 2.0 orbits/解 4 (sol4) 中的“瞬态求解器 2” ----------------->
           当前进度:   0 % - 
Memory: 1750/1753 1756/1760
---------- 当前进度: 100 % - 计算
Memory: 1752/1754 1756/1760
           当前进度:   0 % - 
---------- 当前进度: 100 % - 计算
           当前进度:   0 % - 
Memory: 1755/1755 1759/1760
---------- 当前进度: 100 % - 计算
           当前进度:   0 % - 
Memory: 1759/1759 1763/1763
---------- 当前进度: 100 % - 计算
Memory: 1755/1759 1760/1763
           当前进度:   0 % - 
Memory: 1786/1788 1791/1793
---------- 当前进度: 100 % - 计算
           当前进度:   0 % - 
Memory: 1787/1788 1791/1793
---------- 当前进度: 100 % - 计算
           当前进度:   0 % - 
Memory: 1787/1791 1791/1795
---------- 当前进度: 100 % - 计算
           当前进度:   0 % - 
Memory: 1809/1812 1815/1818
---------- 当前进度: 100 % - 计算
Memory: 1810/1812 1815/1818
           当前进度:   0 % - 
---------- 当前进度: 100 % - 计算
