*******************************************
***COMSOL 6.3.0.290 progress output file***
*******************************************
Wed Sep 30 05:41:35 SGT 2026
---------- 当前进度: 100 % - 正在更新选择
Memory: 543/543 576/576
           当前进度:   0 % - EATCS radiator S1-1 panel 1
Memory: 561/563 586/588
           当前进度:   0 % - 矩形 1
           当前进度:   2 % - EATCS radiator S1-1 panel 2
Memory: 563/563 587/588
           当前进度:   2 % - 矩形 1
           当前进度:   3 % - EATCS radiator S1-1 panel 3
           当前进度:   3 % - 矩形 1
           当前进度:   5 % - EATCS radiator S1-1 panel 4
           当前进度:   5 % - 矩形 1
           当前进度:   7 % - EATCS radiator S1-1 panel 5
           当前进度:   7 % - 矩形 1
           当前进度:   9 % - EATCS radiator S1-1 panel 6
Memory: 563/563 588/588
           当前进度:   9 % - 矩形 1
-          当前进度:  10 % - EATCS radiator S1-1 panel 7
-          当前进度:  10 % - 矩形 1
-          当前进度:  12 % - EATCS radiator S1-1 panel 8
-          当前进度:  12 % - 矩形 1
-          当前进度:  14 % - EATCS radiator S1-2 panel 1
Memory: 564/564 589/589
-          当前进度:  14 % - 矩形 1
-          当前进度:  16 % - EATCS radiator S1-2 panel 2
Memory: 565/565 590/590
-          当前进度:  16 % - 矩形 1
-          当前进度:  17 % - EATCS radiator S1-2 panel 3
Memory: 566/566 591/591
-          当前进度:  17 % - 矩形 1
Memory: 565/566 590/591
-          当前进度:  19 % - EATCS radiator S1-2 panel 4
-          当前进度:  19 % - 矩形 1
--         当前进度:  21 % - EATCS radiator S1-2 panel 5
--         当前进度:  21 % - 矩形 1
--         当前进度:  22 % - EATCS radiator S1-2 panel 6
--         当前进度:  22 % - 矩形 1
--         当前进度:  24 % - EATCS radiator S1-2 panel 7
--         当前进度:  24 % - 矩形 1
--         当前进度:  26 % - EATCS radiator S1-2 panel 8
--         当前进度:  26 % - 矩形 1
--         当前进度:  28 % - EATCS radiator S1-3 panel 1
Memory: 569/569 593/593
--         当前进度:  28 % - 矩形 1
--         当前进度:  29 % - EATCS radiator S1-3 panel 2
Memory: 565/569 590/593
--         当前进度:  29 % - 矩形 1
Memory: 566/569 590/593
---        当前进度:  31 % - EATCS radiator S1-3 panel 3
Memory: 566/569 591/593
---        当前进度:  31 % - 矩形 1
---        当前进度:  33 % - EATCS radiator S1-3 panel 4
---        当前进度:  33 % - 矩形 1
---        当前进度:  34 % - EATCS radiator S1-3 panel 5
---        当前进度:  34 % - 矩形 1
---        当前进度:  36 % - EATCS radiator S1-3 panel 6
Memory: 567/569 591/593
---        当前进度:  36 % - 矩形 1
---        当前进度:  38 % - EATCS radiator S1-3 panel 7
---        当前进度:  38 % - 矩形 1
----       当前进度:  40 % - EATCS radiator S1-3 panel 8
----       当前进度:  40 % - 矩形 1
----       当前进度:  41 % - EATCS radiator P1-1 panel 1
----       当前进度:  41 % - 矩形 1
----       当前进度:  43 % - EATCS radiator P1-1 panel 2
Memory: 567/569 592/593
----       当前进度:  43 % - 矩形 1
----       当前进度:  45 % - EATCS radiator P1-1 panel 3
----       当前进度:  45 % - 矩形 1
----       当前进度:  47 % - EATCS radiator P1-1 panel 4
----       当前进度:  47 % - 矩形 1
----       当前进度:  48 % - EATCS radiator P1-1 panel 5
----       当前进度:  48 % - 矩形 1
-----      当前进度:  50 % - EATCS radiator P1-1 panel 6
-----      当前进度:  50 % - 矩形 1
-----      当前进度:  52 % - EATCS radiator P1-1 panel 7
Memory: 569/569 594/595
-----      当前进度:  52 % - 矩形 1
Memory: 570/570 594/595
-----      当前进度:  53 % - EATCS radiator P1-1 panel 8
-----      当前进度:  53 % - 矩形 1
-----      当前进度:  55 % - EATCS radiator P1-2 panel 1
-----      当前进度:  55 % - 矩形 1
-----      当前进度:  57 % - EATCS radiator P1-2 panel 2
Memory: 570/570 595/595
-----      当前进度:  57 % - 矩形 1
-----      当前进度:  59 % - EATCS radiator P1-2 panel 3
-----      当前进度:  59 % - 矩形 1
------     当前进度:  60 % - EATCS radiator P1-2 panel 4
------     当前进度:  60 % - 矩形 1
------     当前进度:  62 % - EATCS radiator P1-2 panel 5
------     当前进度:  62 % - 矩形 1
------     当前进度:  64 % - EATCS radiator P1-2 panel 6
------     当前进度:  64 % - 矩形 1
------     当前进度:  66 % - EATCS radiator P1-2 panel 7
------     当前进度:  66 % - 矩形 1
------     当前进度:  67 % - EATCS radiator P1-2 panel 8
------     当前进度:  67 % - 矩形 1
------     当前进度:  69 % - EATCS radiator P1-3 panel 1
------     当前进度:  69 % - 矩形 1
-------    当前进度:  71 % - EATCS radiator P1-3 panel 2
-------    当前进度:  71 % - 矩形 1
-------    当前进度:  72 % - EATCS radiator P1-3 panel 3
-------    当前进度:  72 % - 矩形 1
-------    当前进度:  74 % - EATCS radiator P1-3 panel 4
-------    当前进度:  74 % - 矩形 1
-------    当前进度:  76 % - EATCS radiator P1-3 panel 5
-------    当前进度:  76 % - 矩形 1
-------    当前进度:  78 % - EATCS radiator P1-3 panel 6
-------    当前进度:  78 % - 矩形 1
-------    当前进度:  79 % - EATCS radiator P1-3 panel 7
-------    当前进度:  79 % - 矩形 1
--------   当前进度:  81 % - EATCS radiator P1-3 panel 8
--------   当前进度:  81 % - 矩形 1
--------   当前进度:  83 % - 形成联合体
--------   当前进度:  83 % - 执行布尔操作
Memory: 575/575 596/596
---------- 当前进度: 100 % - 正在更新选择
Memory: 556/575 580/597
---------- 当前进度: 100 % - 正在创建可视化网格
Memory: 567/575 589/597
---------- 当前进度: 100 % - 正在更新选择
Memory: 690/691 875/875
           当前进度:   0 % - 线段间隔 1
Memory: 705/705 881/881
           当前进度:   9 % - 形成联合体
---------- 当前进度: 100 % - 正在更新选择
           当前进度:   0 % - 线段间隔 1
Memory: 788/792 893/906
           当前进度:   9 % - 形成联合体
---------- 当前进度: 100 % - 正在更新选择
顶点单元数：192
----       当前进度:  47 % - 正在创建边界网格
Memory: 1134/1136 1138/1141
--------   当前进度:  80 % - 正在创建边界网格
边单元数：864
边界单元数：2208
---------- 当前进度: 100 % - 正在创建边界网格
Memory: 1135/1136 1138/1141
边界单元数：2
单元数：2
-----      当前进度:  54 % - 生成方程
Memory: 1131/1143 1137/1147
------     当前进度:  66 % - 生成方程
Memory: 1144/1149 1148/1153
---        当前进度:  39 % - 生成方程
Memory: 1146/1149 1150/1154
-----      当前进度:  54 % - 生成方程
Memory: 1146/1150 1150/1154
------     当前进度:  66 % - 生成方程
Memory: 1154/1159 1157/1162
-----      当前进度:  54 % - 生成方程
Memory: 1149/1159 1153/1162
------     当前进度:  66 % - 生成方程
Memory: 1153/1159 1156/1162
---        当前进度:  39 % - 生成方程
Memory: 1154/1159 1157/1162
-----      当前进度:  54 % - 生成方程
Memory: 1155/1159 1158/1162
-------    当前进度:  72 % - 生成方程
---        当前进度:  39 % - 生成方程
Memory: 1156/1159 1159/1162
-----      当前进度:  54 % - 生成方程
Memory: 1153/1160 1157/1163
-------    当前进度:  72 % - 生成方程
Memory: 1156/1160 1160/1163
-----      当前进度:  54 % - 生成方程
Memory: 1159/1161 1162/1165
------     当前进度:  66 % - 生成方程
Memory: 1159/1163 1162/1167
-----      当前进度:  54 % - 生成方程
------     当前进度:  66 % - 生成方程
Memory: 1146/1163 1151/1167
---        当前进度:  39 % - 生成方程
Memory: 1156/1163 1159/1167
----       当前进度:  47 % - 生成方程
Memory: 1158/1163 1161/1167
-----      当前进度:  54 % - 生成方程
Memory: 1161/1163 1165/1167
---        当前进度:  39 % - 生成方程
Memory: 1160/1165 1163/1168
-----      当前进度:  54 % - 生成方程
Memory: 1157/1165 1162/1168
<---- O: orbital transient, 2.0 orbits/解 4 (sol4) 中的“编译方程: 轨道热载荷” --------------
开始于 2026年9月30日 上午5:43:16。
几何形函数: 二次拉格朗日单元
几何形函数: 二次拉格朗日单元
在 AMD64 Family 25 Model 117 Stepping 2, AuthenticAMD 上运行。
在以下位置使用 1 个插槽： MarkLiu 上（共 1 个内核）。
可用内存：32.38 GB。
           当前进度:   0 % - 生成方程
Memory: 1161/1165 1164/1168
           当前进度:   1 % - 编译方程: 轨道热载荷
Memory: 1207/1207 1210/1210
时间：6。
物理内存: 1.21 GB
虚拟内存: 1.22 GB
结束时间：2026年9月30日 上午5:43:22。
----- O: orbital transient, 2.0 orbits/解 4 (sol4) 中的“编译方程: 轨道热载荷” ------------->
<---- O: orbital transient, 2.0 orbits/解 4 (sol4) 中的“因变量 1” --------------------
开始于 2026年9月30日 上午5:43:22。
           当前进度:   1 % - 因变量 1
Memory: 1214/1215 1212/1216
求解时间：1 s。
物理内存: 1.22 GB
虚拟内存: 1.21 GB
结束时间：2026年9月30日 上午5:43:22。
----- O: orbital transient, 2.0 orbits/解 4 (sol4) 中的“因变量 1” ------------------->
<---- O: orbital transient, 2.0 orbits/解 4 (sol4) 中的“瞬态求解器 1” ------------------
开始于 2026年9月30日 上午5:43:22。
瞬态求解器 (BDF)
求解的自由度数：10（加上 8832 个内部自由度）。
           当前进度:   2 % - 组装稀疏模式
Memory: 1218/1218 1214/1216
找到对称矩阵。
           当前进度:   2 % - 组装矩阵
Memory: 1220/1220 1216/1216
缩放因变量：
形函数 (comp1.otl.ds_hrs.storeGextd_band): 1
形函数 (comp1.otl.ds_hrs.storeGextu_band): 1
指示器状态的比例：
comp1.otl.inEclipse_event: 4e+05
comp1.otl.outEclipse_event: 4e+05
Step        Time    Stepsize      Res  Jac  Sol Order Tfail NLfail   LinErr   LinRes
   0           0           - out    2    3    2                  0        0        0
指示器状态的比例：
comp1.otl.inEclipse_event: 4e+05
comp1.otl.outEclipse_event: 4e+05
           当前进度:   2 % - 约束处理
Memory: 1225/1225 1220/1220
           当前进度:   2 % - 求解线性方程组
Memory: 1260/1261 1260/1261
           当前进度:   2 % - 组装矩阵
           当前进度:   2 % - 
Memory: 1266/1267 1265/1266
   1         120         120 out    3    4    3     1     0      0        0        0
           当前进度:   3 % - 组装矩阵
Memory: 1267/1268 1266/1267
           当前进度:   3 % - 
Memory: 1272/1272 1271/1271
   2         240         120 out    4    5    4     1     0      0        0        0
   3         360         120 out    5    6    5     2     0      0        0        0
           当前进度:   4 % - 
Memory: 1273/1273 1272/1272
   4         480         120 out    6    7    6     2     0      0        0        0
   5         600         120 out    7    8    7     2     0      0        0        0
           当前进度:   5 % - 
   6         720         120 out    8    9    8     2     0      0        0        0
   7         840         120 out    9   10    9     2     0      0        0        0
           当前进度:   6 % - 
   8         960         120 out   10   11   10     2     0      0        0        0
   9        1080         120 out   11   12   11     2     0      0        0        0
           当前进度:   7 % - 
  10        1200         120 out   12   13   12     2     0      0        0        0
           当前进度:   8 % - 
  11        1320         120 out   13   14   13     2     0      0        0        0
  12        1440         120 out   14   15   14     2     0      0        0        0
           当前进度:   9 % - 
Memory: 1274/1274 1272/1272
  13        1560         120 out   15   16   15     2     0      0        0        0
  14        1680         120 out   16   17   16     2     0      0        0        0
-          当前进度:  10 % - 
Memory: 1275/1275 1273/1273
  15        1800         120 out   17   18   17     2     0      0        0        0
  16        1920         120 out   18   19   18     2     0      0        0        0
-          当前进度:  11 % - 组装矩阵
-          当前进度:  11 % - 
  17        2040         120 out   19   20   19     2     0      0        0        0
  18        2160         120 out   20   21   20     2     0      0        0        0
-          当前进度:  12 % - 
  19        2280         120 out   21   22   21     2     0      0        0        0
  20        2400         120 out   22   23   22     2     0      0        0        0
-          当前进度:  13 % - 
  21        2520         120 out   23   24   23     2     0      0        0        0
  22        2640         120 out   24   25   24     2     0      0        0        0
-          当前进度:  14 % - 
  23        2760         120 out   25   26   25     2     0      0        0        0
  24        2880         120 out   26   27   26     2     0      0        0        0
-          当前进度:  15 % - 
  25        3000         120 out   27   28   27     2     0      0        0        0
  26        3120         120 out   28   29   28     2     0      0        0        0
-          当前进度:  16 % - 
  27        3240         120 out   29   30   29     2     0      0        0        0
  28        3360         120 out   30   31   30     2     0      0        0        0
-          当前进度:  17 % - 
Memory: 1276/1276 1273/1273
  29        3480         120 out   31   32   31     2     0      0        0        0
  30        3600         120 out   32   33   32     2     0      0        0        0
-          当前进度:  18 % - 
Memory: 1276/1276 1282/1282
  31        3720         120 out   33   34   33     2     0      0        0        0
  32        3840         120 out   34   35   34     2     0      0        0        0
-          当前进度:  19 % - 
  33        3960         120 out   35   36   35     2     0      0        0        0
  34        4080         120 out   36   37   36     2     0      0        0        0
--         当前进度:  20 % - 
  35        4200         120 out   37   38   37     2     0      0        0        0
--         当前进度:  21 % - 
  36        4320         120 out   38   39   38     2     0      0        0        0
  37        4440         120 out   39   40   39     2     0      0        0        0
--         当前进度:  22 % - 
Memory: 1277/1277 1282/1282
  38        4560         120 out   40   41   40     2     0      0        0        0
  39        4680         120 out   41   42   41     2     0      0        0        0
--         当前进度:  23 % - 
  40        4800         120 out   42   43   42     2     0      0        0        0
  41        4920         120 out   43   44   43     2     0      0        0        0
--         当前进度:  24 % - 
  42        5040         120 out   44   45   44     2     0      0        0        0
  43        5160         120 out   45   46   45     2     0      0        0        0
--         当前进度:  25 % - 
  44        5280         120 out   46   47   46     2     0      0        0        0
  45        5400         120 out   47   48   47     2     0      0        0        0
--         当前进度:  26 % - 
  46        5520         120 out   48   49   48     2     0      0        0        0
  47        5640         120 out   49   50   49     2     0      0        0        0
--         当前进度:  27 % - 
  48        5760         120 out   50   51   50     2     0      0        0        0
  49        5880         120 out   51   52   51     2     0      0        0        0
--         当前进度:  28 % - 
Memory: 1278/1278 1282/1282
  50        6000         120 out   52   53   52     2     0      0        0        0
  51        6120         120 out   53   54   53     2     0      0        0        0
--         当前进度:  29 % - 
  52        6240         120 out   54   55   54     2     0      0        0        0
  53        6360         120 out   55   56   55     2     0      0        0        0
---        当前进度:  30 % - 
  54        6480         120 out   56   57   56     2     0      0        0        0
  55        6600         120 out   57   58   57     2     0      0        0        0
---        当前进度:  31 % - 
  56        6720         120 out   58   59   58     2     0      0        0        0
  57        6840         120 out   59   60   59     2     0      0        0        0
---        当前进度:  32 % - 
  58        6960         120 out   60   61   60     2     0      0        0        0
---        当前进度:  33 % - 
  59        7080         120 out   61   62   61     2     0      0        0        0
  60        7200         120 out   62   63   62     2     0      0        0        0
---        当前进度:  34 % - 
  61        7320         120 out   63   64   63     2     0      0        0        0
  62        7440         120 out   64   65   64     2     0      0        0        0
---        当前进度:  35 % - 
Memory: 1279/1279 1282/1282
  63        7560         120 out   65   66   65     2     0      0        0        0
  64        7680         120 out   66   67   66     2     0      0        0        0
---        当前进度:  36 % - 组装矩阵
---        当前进度:  36 % - 
  65        7800         120 out   67   68   67     2     0      0        0        0
  66        7920         120 out   68   69   68     2     0      0        0        0
---        当前进度:  37 % - 
  67        8040         120 out   69   70   69     2     0      0        0        0
  68        8160         120 out   70   71   70     2     0      0        0        0
---        当前进度:  38 % - 
  69        8280         120 out   71   72   71     2     0      0        0        0
  70        8400         120 out   72   73   72     2     0      0        0        0
---        当前进度:  39 % - 组装矩阵
---        当前进度:  39 % - 
  71        8520         120 out   73   74   73     2     0      0        0        0
  72        8640         120 out   74   75   74     2     0      0        0        0
----       当前进度:  40 % - 
  73        8760         120 out   75   76   75     2     0      0        0        0
  74        8880         120 out   76   77   76     2     0      0        0        0
----       当前进度:  41 % - 
  75        9000         120 out   77   78   77     2     0      0        0        0
  76        9120         120 out   78   79   78     2     0      0        0        0
----       当前进度:  42 % - 
Memory: 1280/1280 1282/1282
  77        9240         120 out   79   80   79     2     0      0        0        0
  78        9360         120 out   80   81   80     2     0      0        0        0
----       当前进度:  43 % - 
  79        9480         120 out   81   82   81     2     0      0        0        0
  80        9600         120 out   82   83   82     2     0      0        0        0
----       当前进度:  44 % - 
  81        9720         120 out   83   84   83     2     0      0        0        0
  82        9840         120 out   84   85   84     2     0      0        0        0
----       当前进度:  45 % - 
  83        9960         120 out   85   86   85     2     0      0        0        0
----       当前进度:  46 % - 
  84       10080         120 out   86   87   86     2     0      0        0        0
  85       10200         120 out   87   88   87     2     0      0        0        0
----       当前进度:  47 % - 
  86       10320         120 out   88   89   88     2     0      0        0        0
  87       10440         120 out   89   90   89     2     0      0        0        0
----       当前进度:  48 % - 
  88       10560         120 out   90   91   90     2     0      0        0        0
  89       10680         120 out   91   92   91     2     0      0        0        0
----       当前进度:  49 % - 
Memory: 1281/1281 1282/1282
  90       10800         120 out   92   93   92     2     0      0        0        0
  91       10920         120 out   93   94   93     2     0      0        0        0
-----      当前进度:  50 % - 
Memory: 1281/1284 1282/1285
  92       11040         120 out   94   95   94     2     0      0        0        0
时间步进已完成。
求解时间：1131 s。 （18 分钟，51 秒）
物理内存: 1.28 GB
虚拟内存: 1.28 GB
结束时间：2026年9月30日 上午6:02:14。
----- O: orbital transient, 2.0 orbits/解 4 (sol4) 中的“瞬态求解器 1” ----------------->
<---- O: orbital transient, 2.0 orbits/解 4 (sol4) 中的“编译方程: 轨道温度” ---------------
开始于 2026年9月30日 上午6:02:14。
几何形函数: 二次拉格朗日单元
几何形函数: 二次拉格朗日单元
-----      当前进度:  50 % - 生成方程
Memory: 1183/1284 1183/1285
-----      当前进度:  51 % - 编译方程: 轨道温度
Memory: 1221/1284 1221/1285
时间：3。
物理内存: 1.22 GB
虚拟内存: 1.22 GB
结束时间：2026年9月30日 上午6:02:17。
----- O: orbital transient, 2.0 orbits/解 4 (sol4) 中的“编译方程: 轨道温度” -------------->
<---- O: orbital transient, 2.0 orbits/解 4 (sol4) 中的“因变量 2” --------------------
开始于 2026年9月30日 上午6:02:17。
待求解变量的初始值: 解 4 (sol4), 解存储 2 (sol5), t=11040 s [自动（单一解）].
不求解变量的值: 解 4 (sol4), 解存储 2 (sol5), t=11040 s [自动（单一解）].
-----      当前进度:  51 % - 因变量 2
Memory: 1224/1284 1224/1285
求解时间：0 s。
物理内存: 1.22 GB
虚拟内存: 1.22 GB
结束时间：2026年9月30日 上午6:02:17。
----- O: orbital transient, 2.0 orbits/解 4 (sol4) 中的“因变量 2” ------------------->
<---- O: orbital transient, 2.0 orbits/解 4 (sol4) 中的“瞬态求解器 2” ------------------
开始于 2026年9月30日 上午6:02:17。
瞬态求解器 (BDF)
-----      当前进度:  52 % - 瞬态求解器 2
Memory: 1227/1284 1226/1285
求解的自由度数：11718。
-----      当前进度:  52 % - 组装稀疏模式
Memory: 1221/1284 1220/1285
-----      当前进度:  52 % - 组装矩阵
Memory: 1238/1284 1238/1285
找到非对称矩阵。
缩放因变量：
温度 (comp1.T2): 3e+02
NH3 panel outlet temperatures (K) (comp1.ODE1): 3e+02
已使用正交零空间函数。
-----      当前进度:  52 % - 约束处理
Memory: 1239/1284 1238/1285
-----      当前进度:  52 % - 组装矩阵
Memory: 1240/1284 1238/1285
找到对称矩阵。
缩放因变量：
表面辐射度，下侧 (comp1.otl.ds_hrs.Jd_band): 1.2e+02
表面辐射度，上侧 (comp1.otl.ds_hrs.Ju_band): 1.2e+02
已使用正交零空间函数。
-----      当前进度:  52 % - 约束处理
Memory: 1241/1284 1238/1285
-----      当前进度:  52 % - 组装矩阵
Memory: 1241/1284 1241/1285
找到对称矩阵。
指示器状态的比例：
comp1.otl.inEclipse_event: 4e+05
comp1.otl.outEclipse_event: 4e+05
Step        Time    Stepsize      Res  Jac  Sol Order Tfail NLfail   LinErr   LinRes
-----      当前进度:  52 % - 约束处理
Memory: 1246/1284 1245/1285
-----      当前进度:  52 % - 组装矩阵
-----      当前进度:  52 % - 约束处理
Memory: 1328/1328 1335/1335
-----      当前进度:  52 % - 组装稀疏模式
-----      当前进度:  52 % - 组装矩阵
Memory: 1332/1332 1338/1338
-----      当前进度:  52 % - 求解线性方程组
Memory: 1340/1340 1345/1348
-----      当前进度:  52 % - 组装矩阵
Memory: 1348/1348 1351/1351
-----      当前进度:  52 % - 矩阵分解
Memory: 1377/1377 1377/1377
-----      当前进度:  52 % - 组装矩阵
Memory: 1380/1380 1378/1378
-----      当前进度:  52 % - 求解线性方程组
Memory: 1411/1414 1412/1412
-----      当前进度:  52 % - 组装矩阵
Memory: 1414/1414 1415/1415
   0           0           - out   18    6   18                  0
                   Group #1:        9    3    9                     4.1e-16  1.8e-16
                   Group #2:        9    3    9                     3.4e-16  1.4e-16
指示器状态的比例：
comp1.otl.inEclipse_event: 4e+05
comp1.otl.outEclipse_event: 4e+05
-----      当前进度:  52 % - 组装稀疏模式
Memory: 1435/1437 1434/1436
-----      当前进度:  52 % - 组装矩阵
   1         120         120 out   26    8   26     1     0      0
                   Group #1:       13    4   13                     1.8e-15  1.3e-16
                   Group #2:       13    4   13                     3.5e-16  1.4e-16
-----      当前进度:  53 % - 组装矩阵
Memory: 1420/1437 1419/1437
-----      当前进度:  53 % - 组装稀疏模式
-----      当前进度:  53 % - 组装矩阵
   2         240         120 out   34   10   34     1     0      0
                   Group #1:       17    5   17                     2.2e-15  1.5e-16
                   Group #2:       17    5   17                     3.4e-16  1.4e-16
-----      当前进度:  53 % - 组装稀疏模式
Memory: 1439/1439 1438/1440
-----      当前进度:  53 % - 组装矩阵
   3         360         120 out   40   12   40     2     0      0
                   Group #1:       20    6   20                     1.9e-15  1.4e-16
                   Group #2:       20    6   20                     3.3e-16  1.4e-16
-----      当前进度:  54 % - 组装矩阵
Memory: 1442/1442 1441/1444
-----      当前进度:  54 % - 组装稀疏模式
Memory: 1443/1443 1442/1444
-----      当前进度:  54 % - 组装矩阵
   4         480         120 out   46   14   46     2     0      0
                   Group #1:       23    7   23                     4.1e-16  2.2e-16
                   Group #2:       23    7   23                     3.3e-16  1.4e-16
-----      当前进度:  54 % - 组装稀疏模式
Memory: 1447/1447 1445/1448
-----      当前进度:  54 % - 组装矩阵
   5         600         120 out   52   16   52     2     0      0
                   Group #1:       26    8   26                     4.4e-16  2.3e-16
                   Group #2:       26    8   26                     3.2e-16  1.5e-16
-----      当前进度:  55 % - 组装矩阵
Memory: 1450/1450 1448/1451
   6         720         120 out   58   18   58     2     0      0
                   Group #1:       29    9   29                     3.7e-16  3.2e-16
                   Group #2:       29    9   29                     3.2e-16  1.6e-16
   7         840         120 out   64   20   64     2     0      0
                   Group #1:       32   10   32                     4.1e-16  2.6e-16
                   Group #2:       32   10   32                     3.2e-16  1.9e-16
-----      当前进度:  56 % - 组装矩阵
Memory: 1457/1457 1455/1458
-----      当前进度:  56 % - 组装稀疏模式
Memory: 1458/1458 1456/1458
-----      当前进度:  56 % - 组装矩阵
   8         960         120 out   70   22   70     2     0      0
                   Group #1:       35   11   35                     3.7e-16  2.9e-16
                   Group #2:       35   11   35                     2.9e-16  1.5e-16
-----      当前进度:  56 % - 组装稀疏模式
Memory: 1462/1462 1460/1462
-----      当前进度:  56 % - 组装矩阵
   9        1080         120 out   76   24   76     2     0      0
                   Group #1:       38   12   38                     3.8e-16    2e-16
                   Group #2:       38   12   38                     2.8e-16  1.5e-16
-----      当前进度:  57 % - 组装矩阵
Memory: 1465/1465 1462/1466
  10        1200         120 out   82   26   82     2     0      0
                   Group #1:       41   13   41                     3.8e-16  2.1e-16
                   Group #2:       41   13   41                     2.7e-16  1.5e-16
  11        1320         120 out   90   28   90     2     0      0
                   Group #1:       45   14   45                     3.9e-16  2.3e-16
                   Group #2:       45   14   45                     3.4e-16  1.4e-16
-----      当前进度:  58 % - 组装矩阵
Memory: 1474/1474 1474/1474
  12        1440         120 out   96   30   96     2     0      0
                   Group #1:       48   15   48                     4.4e-16  2.1e-16
                   Group #2:       48   15   48                     3.1e-16  1.6e-16
  13        1560         120 out  102   32  102     2     0      0
                   Group #1:       51   16   51                     4.2e-16    2e-16
                   Group #2:       51   16   51                     3.1e-16  1.5e-16
-----      当前进度:  59 % - 组装矩阵
Memory: 1481/1481 1481/1484
  14        1680         120 out  108   34  108     2     0      0
                   Group #1:       54   17   54                       4e-16  1.9e-16
                   Group #2:       54   17   54                     2.7e-16  1.5e-16
  15        1800         120 out  116   36  116     2     0      0
                   Group #1:       58   18   58                     3.8e-16    2e-16
                   Group #2:       58   18   58                     3.3e-16  1.4e-16
------     当前进度:  60 % - 组装矩阵
Memory: 1490/1490 1490/1493
  16        1920         120 out  122   38  122     2     0      0
                   Group #1:       61   19   61                     3.9e-16    2e-16
                   Group #2:       61   19   61                     2.8e-16  1.5e-16
------     当前进度:  60 % - 组装稀疏模式
Memory: 1494/1494 1494/1497
------     当前进度:  60 % - 组装矩阵
  17        2040         120 out  128   40  128     2     0      0
                   Group #1:       64   20   64                     3.9e-16  1.9e-16
                   Group #2:       64   20   64                       3e-16  1.6e-16
------     当前进度:  61 % - 组装矩阵
Memory: 1497/1497 1497/1500
------     当前进度:  61 % - 组装稀疏模式
Memory: 1498/1498 1498/1500
------     当前进度:  61 % - 组装矩阵
  18        2160         120 out  134   42  134     2     0      0
                   Group #1:       67   21   67                     3.8e-16  1.9e-16
                   Group #2:       67   21   67                     3.1e-16  1.9e-16
  19        2280         120 out  140   44  140     2     0      0
                   Group #1:       70   22   70                       4e-16    2e-16
                   Group #2:       70   22   70                     2.8e-16  1.9e-16
------     当前进度:  62 % - 组装矩阵
Memory: 1505/1505 1504/1508
  20        2400         120 out  146   46  146     2     0      0
                   Group #1:       73   23   73                     3.9e-16  1.8e-16
                   Group #2:       73   23   73                     2.7e-16  1.8e-16
------     当前进度:  63 % - 组装矩阵
Memory: 1509/1509 1508/1511
  21        2520         120 out  152   48  152     2     0      0
                   Group #1:       76   24   76                     3.7e-16  1.9e-16
                   Group #2:       76   24   76                     2.8e-16  1.6e-16
  22        2640         120 out  158   50  158     2     0      0
                   Group #1:       79   25   79                     3.2e-16  1.9e-16
                   Group #2:       79   25   79                     2.6e-16  1.8e-16
------     当前进度:  64 % - 组装矩阵
Memory: 1517/1517 1516/1519
------     当前进度:  64 % - 约束处理
------     当前进度:  64 % - 组装矩阵
  23        2760         120 out  164   52  164     2     0      0
                   Group #1:       82   26   82                     4.2e-16  2.1e-16
                   Group #2:       82   26   82                     2.8e-16  1.5e-16
------     当前进度:  64 % - 组装稀疏模式
Memory: 1521/1521 1520/1522
------     当前进度:  64 % - 组装矩阵
  24        2880         120 out  168   54  168     2     0      0
                   Group #1:       84   27   84                     4.1e-16  2.8e-16
                   Group #2:       84   27   84                     2.6e-16  1.7e-16
------     当前进度:  65 % - 组装矩阵
Memory: 1523/1523 1522/1525
  25        3000         120 out  172   56  172     2     0      0
                   Group #1:       86   28   86                     4.2e-16  2.5e-16
                   Group #2:       86   28   86                     2.6e-16  1.6e-16
  26        3120         120 out  178   58  178     2     0      0
                   Group #1:       89   29   89                     3.2e-16    2e-16
                   Group #2:       89   29   89                     2.5e-16  1.7e-16
------     当前进度:  66 % - 组装矩阵
Memory: 1530/1530 1541/1544
  27        3240         120 out  184   60  184     2     0      0
                   Group #1:       92   30   92                     4.1e-16  2.1e-16
                   Group #2:       92   30   92                     2.9e-16  1.6e-16
------     当前进度:  66 % - 组装稀疏模式
Memory: 1534/1534 1545/1547
------     当前进度:  66 % - 组装矩阵
  28        3360         120 out  190   62  190     2     0      0
                   Group #1:       95   31   95                       4e-16    2e-16
                   Group #2:       95   31   95                     2.6e-16  1.6e-16
------     当前进度:  67 % - 组装矩阵
Memory: 1538/1538 1549/1551
------     当前进度:  67 % - 组装稀疏模式
Memory: 1539/1539 1550/1551
------     当前进度:  67 % - 组装矩阵
  29        3480         120 out  196   64  196     2     0      0
                   Group #1:       98   32   98                     3.7e-16  1.9e-16
                   Group #2:       98   32   98                     2.6e-16  1.7e-16
------     当前进度:  67 % - 求解线性方程组
Memory: 1544/1544 1555/1558
------     当前进度:  67 % - 组装矩阵
  30        3600         120 out  202   66  202     2     0      0
                   Group #1:      101   33  101                     4.2e-16    2e-16
                   Group #2:      101   33  101                     2.8e-16    2e-16
------     当前进度:  68 % - 组装矩阵
Memory: 1545/1545 1556/1558
  31        3720         120 out  208   68  208     2     0      0
                   Group #1:      104   34  104                     4.2e-16  2.2e-16
                   Group #2:      104   34  104                       3e-16  1.6e-16
  32        3840         120 out  214   70  214     2     0      0
                   Group #1:      107   35  107                     3.6e-16  2.5e-16
                   Group #2:      107   35  107                     2.8e-16  1.4e-16
------     当前进度:  69 % - 组装矩阵
Memory: 1561/1575 1571/1586
  33        3960         120 out  220   72  220     2     0      0
                   Group #1:      110   36  110                     4.1e-16    2e-16
                   Group #2:      110   36  110                     2.8e-16  1.7e-16
------     当前进度:  69 % - 矩阵分解
------     当前进度:  69 % - 组装矩阵
  34        4080         120 out  228   74  228     2     0      0
                   Group #1:      114   37  114                     3.8e-16    2e-16
                   Group #2:      114   37  114                     3.4e-16  1.4e-16
-------    当前进度:  70 % - 组装矩阵
Memory: 1563/1575 1573/1586
  35        4200         120 out  234   76  234     2     0      0
                   Group #1:      117   38  117                     4.1e-16  2.1e-16
                   Group #2:      117   38  117                     3.2e-16  1.6e-16
  36        4320         120 out  240   78  240     2     0      0
                   Group #1:      120   39  120                     3.8e-16  2.3e-16
                   Group #2:      120   39  120                     3.1e-16  1.5e-16
-------    当前进度:  71 % - 组装矩阵
Memory: 1572/1575 1581/1586
  37        4440         120 out  246   80  246     2     0      0
                   Group #1:      123   40  123                     3.8e-16    2e-16
                   Group #2:      123   40  123                     2.8e-16  1.6e-16
  38        4560         120 out  254   82  254     2     0      0
                   Group #1:      127   41  127                     3.7e-16  2.2e-16
                   Group #2:      127   41  127                     3.4e-16  1.4e-16
-------    当前进度:  72 % - 组装矩阵
Memory: 1581/1581 1590/1593
-------    当前进度:  72 % - 组装稀疏模式
Memory: 1581/1581 1591/1593
-------    当前进度:  72 % - 组装矩阵
  39        4680         120 out  260   84  260     2     0      0
                   Group #1:      130   42  130                     3.9e-16  2.1e-16
                   Group #2:      130   42  130                     3.1e-16  1.4e-16
  40        4800         120 out  266   86  266     2     0      0
                   Group #1:      133   43  133                     4.5e-16  2.4e-16
                   Group #2:      133   43  133                       3e-16  1.5e-16
-------    当前进度:  73 % - 组装矩阵
Memory: 1589/1589 1598/1601
  41        4920         120 out  272   88  272     2     0      0
                   Group #1:      136   44  136                     3.6e-16  1.8e-16
                   Group #2:      136   44  136                     2.8e-16  1.9e-16
-------    当前进度:  73 % - 组装稀疏模式
Memory: 1593/1593 1603/1605
-------    当前进度:  73 % - 组装矩阵
  42        5040         120 out  278   90  278     2     0      0
                   Group #1:      139   45  139                     4.2e-16  2.4e-16
                   Group #2:      139   45  139                     2.8e-16  1.9e-16
-------    当前进度:  74 % - 组装矩阵
Memory: 1597/1597 1606/1608
  43        5160         120 out  284   92  284     2     0      0
                   Group #1:      142   46  142                     3.9e-16  3.4e-16
                   Group #2:      142   46  142                     2.9e-16  1.6e-16
  44        5280         120 out  290   94  290     2     0      0
                   Group #1:      145   47  145                     3.7e-16  2.1e-16
                   Group #2:      145   47  145                     2.5e-16  1.8e-16
-------    当前进度:  75 % - 组装矩阵
Memory: 1605/1605 1614/1616
  45        5400         120 out  296   96  296     2     0      0
                   Group #1:      148   48  148                     3.5e-16    2e-16
                   Group #2:      148   48  148                     2.2e-16  1.5e-16
-------    当前进度:  76 % - 组装矩阵
Memory: 1609/1609 1618/1620
  46        5520         120 out  302   98  302     2     0      0
                   Group #1:      151   49  151                     4.3e-16  4.1e-16
                   Group #2:      151   49  151                     2.6e-16  1.4e-16
  47        5640         120 out  308  100  308     2     0      0
                   Group #1:      154   50  154                     3.5e-16  2.4e-16
                   Group #2:      154   50  154                     2.7e-16  1.7e-16
-------    当前进度:  77 % - 组装矩阵
Memory: 1617/1617 1626/1628
  48        5760         120 out  314  102  314     2     0      0
                   Group #1:      157   51  157                     3.9e-16  3.2e-16
                   Group #2:      157   51  157                     2.6e-16  1.5e-16
  49        5880         120 out  320  104  320     2     0      0
                   Group #1:      160   52  160                     3.7e-16  2.9e-16
                   Group #2:      160   52  160                     2.7e-16  1.5e-16
-------    当前进度:  78 % - 组装矩阵
Memory: 1624/1624 1632/1635
  50        6000         120 out  328  106  328     2     0      0
                   Group #1:      164   53  164                     3.9e-16  3.9e-16
                   Group #2:      164   53  164                     3.3e-16  1.3e-16
  51        6120         120 out  334  108  334     2     0      0
                   Group #1:      167   54  167                     3.9e-16  3.4e-16
                   Group #2:      167   54  167                     2.9e-16  1.5e-16
-------    当前进度:  79 % - 组装矩阵
Memory: 1626/1626 1634/1637
-------    当前进度:  79 % - 组装稀疏模式
-------    当前进度:  79 % - 组装矩阵
  52        6240         120 out  340  110  340     2     0      0
                   Group #1:      170   55  170                       4e-16  2.8e-16
                   Group #2:      170   55  170                     2.5e-16  1.8e-16
  53        6360         120 out  346  112  346     2     0      0
                   Group #1:      173   56  173                     4.1e-16  2.6e-16
                   Group #2:      173   56  173                     2.9e-16  1.8e-16
--------   当前进度:  80 % - 组装矩阵
Memory: 1629/1629 1636/1639
--------   当前进度:  80 % - 矩阵分解
--------   当前进度:  80 % - 组装矩阵
  54        6480         120 out  352  114  352     2     0      0
                   Group #1:      176   57  176                       4e-16  2.2e-16
                   Group #2:      176   57  176                     3.2e-16    2e-16
--------   当前进度:  80 % - 求解线性方程组
Memory: 1630/1630 1637/1641
--------   当前进度:  80 % - 组装矩阵
--------   当前进度:  80 % - 矩阵分解
--------   当前进度:  80 % - 组装矩阵
  55        6600         120 out  358  116  358     2     0      0
                   Group #1:      179   58  179                     4.1e-16  3.6e-16
                   Group #2:      179   58  179                     3.1e-16  1.4e-16
--------   当前进度:  81 % - 组装矩阵
Memory: 1631/1631 1637/1641
  56        6720         120 out  364  118  364     2     0      0
                   Group #1:      182   59  182                     3.6e-16  2.5e-16
                   Group #2:      182   59  182                     2.9e-16  1.6e-16
  57        6840         120 out  372  120  372     2     0      0
                   Group #1:      186   60  186                     3.9e-16  2.6e-16
                   Group #2:      186   60  186                     3.4e-16  1.4e-16
--------   当前进度:  82 % - 组装矩阵
Memory: 1634/1634 1640/1643
  58        6960         120 out  380  122  380     2     0      0
                   Group #1:      190   61  190                     3.9e-16  2.4e-16
                   Group #2:      190   61  190                     3.3e-16  1.4e-16
  59        7080         120 out  386  124  386     2     0      0
                   Group #1:      193   62  193                     3.9e-16  2.8e-16
                   Group #2:      193   62  193                     3.4e-16  1.5e-16
--------   当前进度:  83 % - 组装矩阵
Memory: 1636/1636 1642/1645
  60        7200         120 out  392  126  392     2     0      0
                   Group #1:      196   63  196                     3.6e-16  2.1e-16
                   Group #2:      196   63  196                     2.9e-16  1.5e-16
--------   当前进度:  83 % - 求解线性方程组
Memory: 1639/1639 1645/1648
--------   当前进度:  83 % - 组装矩阵
  61        7320         120 out  400  128  400     2     0      0
                   Group #1:      200   64  200                     4.1e-16  2.2e-16
                   Group #2:      200   64  200                     3.5e-16  1.5e-16
--------   当前进度:  84 % - 组装矩阵
Memory: 1640/1640 1645/1648
--------   当前进度:  84 % - 组装稀疏模式
--------   当前进度:  84 % - 组装矩阵
  62        7440         120 out  406  130  406     2     0      0
                   Group #1:      203   65  203                     3.7e-16  2.1e-16
                   Group #2:      203   65  203                       3e-16  1.4e-16
  63        7560         120 out  412  132  412     2     0      0
                   Group #1:      206   66  206                     4.1e-16  2.3e-16
                   Group #2:      206   66  206                     3.1e-16  1.6e-16
--------   当前进度:  85 % - 组装矩阵
Memory: 1642/1642 1647/1650
  64        7680         120 out  418  134  418     2     0      0
                   Group #1:      209   67  209                     3.8e-16    2e-16
                   Group #2:      209   67  209                     2.8e-16  1.7e-16
--------   当前进度:  85 % - 组装稀疏模式
Memory: 1644/1644 1649/1652
--------   当前进度:  85 % - 组装矩阵
--------   当前进度:  85 % - 矩阵分解
Memory: 1643/1644 1649/1652
--------   当前进度:  85 % - 组装矩阵
Memory: 1644/1644 1649/1652
  65        7800         120 out  424  136  424     2     0      0
                   Group #1:      212   68  212                       4e-16  1.9e-16
                   Group #2:      212   68  212                     2.7e-16  1.8e-16
--------   当前进度:  86 % - 组装矩阵
Memory: 1645/1645 1650/1653
--------   当前进度:  86 % - 组装稀疏模式
--------   当前进度:  86 % - 组装矩阵
  66        7920         120 out  430  138  430     2     0      0
                   Group #1:      215   69  215                     3.8e-16  1.9e-16
                   Group #2:      215   69  215                     2.9e-16    2e-16
  67        8040         120 out  436  140  436     2     0      0
                   Group #1:      218   70  218                     4.1e-16  2.1e-16
                   Group #2:      218   70  218                     2.7e-16  1.8e-16
--------   当前进度:  87 % - 组装矩阵
Memory: 1648/1648 1652/1655
  68        8160         120 out  442  142  442     2     0      0
                   Group #1:      221   71  221                     3.7e-16    2e-16
                   Group #2:      221   71  221                     2.5e-16  1.7e-16
--------   当前进度:  88 % - 组装矩阵
Memory: 1649/1649 1653/1656
  69        8280         120 out  448  144  448     2     0      0
                   Group #1:      224   72  224                     3.7e-16  2.2e-16
                   Group #2:      224   72  224                     2.4e-16  1.4e-16
--------   当前进度:  88 % - 求解线性方程组
Memory: 1652/1652 1656/1659
--------   当前进度:  88 % - 组装矩阵
  70        8400         120 out  454  146  454     2     0      0
                   Group #1:      227   73  227                       3e-16  1.8e-16
                   Group #2:      227   73  227                     2.5e-16  1.4e-16
--------   当前进度:  89 % - 组装矩阵
  71        8520         120 out  456  148  456     2     0      0
                   Group #1:      228   74  228                     3.5e-16  2.3e-16
                   Group #2:      228   74  228                     2.7e-16  1.9e-16
  72        8640         120 out  462  150  462     2     0      0
                   Group #1:      231   75  231                     3.4e-16  2.1e-16
                   Group #2:      231   75  231                     2.7e-16  1.5e-16
---------  当前进度:  90 % - 组装矩阵
Memory: 1654/1654 1658/1661
  73        8760         120 out  468  152  468     2     0      0
                   Group #1:      234   76  234                       4e-16    2e-16
                   Group #2:      234   76  234                     2.3e-16  1.6e-16
  74        8880         120 out  474  154  474     2     0      0
                   Group #1:      237   77  237                       4e-16  2.1e-16
                   Group #2:      237   77  237                     2.4e-16  1.6e-16
---------  当前进度:  91 % - 组装矩阵
Memory: 1657/1657 1660/1663
  75        9000         120 out  480  156  480     2     0      0
                   Group #1:      240   78  240                     4.2e-16    2e-16
                   Group #2:      240   78  240                     2.7e-16  1.9e-16
---------  当前进度:  91 % - 矩阵分解
Memory: 1658/1659 1663/1665
---------  当前进度:  91 % - 组装矩阵
Memory: 1659/1659 1663/1666
  76        9120         120 out  486  158  486     2     0      0
                   Group #1:      243   79  243                     4.2e-16  1.9e-16
                   Group #2:      243   79  243                     2.8e-16    2e-16
---------  当前进度:  92 % - 组装矩阵
Memory: 1661/1661 1665/1667
  77        9240         120 out  492  160  492     2     0      0
                   Group #1:      246   80  246                     4.4e-16  2.1e-16
                   Group #2:      246   80  246                     2.7e-16  1.6e-16
  78        9360         120 out  498  162  498     2     0      0
                   Group #1:      249   81  249                     3.7e-16  2.4e-16
                   Group #2:      249   81  249                     3.2e-16  1.5e-16
---------  当前进度:  93 % - 组装矩阵
Memory: 1666/1666 1669/1672
---------  当前进度:  93 % - 组装稀疏模式
Memory: 1667/1667 1669/1672
---------  当前进度:  93 % - 组装矩阵
  79        9480         120 out  504  164  504     2     0      0
                   Group #1:      252   82  252                     4.5e-16  2.2e-16
                   Group #2:      252   82  252                     2.9e-16  1.6e-16
---------  当前进度:  93 % - 求解线性方程组
Memory: 1670/1670 1673/1676
---------  当前进度:  93 % - 组装矩阵
  80        9600         120 out  510  166  510     2     0      0
                   Group #1:      255   83  255                     4.5e-16  2.1e-16
                   Group #2:      255   83  255                     3.2e-16  1.7e-16
---------  当前进度:  94 % - 组装矩阵
Memory: 1671/1671 1674/1676
  81        9720         120 out  518  168  518     2     0      0
                   Group #1:      259   84  259                     3.8e-16  2.1e-16
                   Group #2:      259   84  259                     3.3e-16  1.4e-16
---------  当前进度:  94 % - 组装稀疏模式
Memory: 1674/1674 1677/1680
---------  当前进度:  94 % - 组装矩阵
  82        9840         120 out  524  170  524     2     0      0
                   Group #1:      262   85  262                     3.8e-16  3.1e-16
                   Group #2:      262   85  262                     3.3e-16  1.4e-16
---------  当前进度:  95 % - 组装矩阵
Memory: 1677/1677 1679/1682
---------  当前进度:  95 % - 组装稀疏模式
---------  当前进度:  95 % - 组装矩阵
  83        9960         120 out  530  172  530     2     0      0
                   Group #1:      265   86  265                       4e-16  2.3e-16
                   Group #2:      265   86  265                     3.2e-16  1.6e-16
  84       10080         120 out  538  174  538     2     0      0
                   Group #1:      269   87  269                     4.1e-16  2.2e-16
                   Group #2:      269   87  269                     3.3e-16  1.4e-16
---------  当前进度:  96 % - 组装矩阵
Memory: 1682/1682 1684/1686
---------  当前进度:  96 % - 求解线性方程组
Memory: 1684/1684 1686/1689
---------  当前进度:  96 % - 组装矩阵
Memory: 1685/1685 1687/1690
  85       10200         120 out  546  176  546     2     0      0
                   Group #1:      273   88  273                     4.3e-16  3.5e-16
                   Group #2:      273   88  273                     3.3e-16  1.4e-16
  86       10320         120 out  552  178  552     2     0      0
                   Group #1:      276   89  276                     4.2e-16  3.2e-16
                   Group #2:      276   89  276                     2.9e-16  1.5e-16
---------  当前进度:  97 % - 组装矩阵
Memory: 1688/1688 1690/1692
  87       10440         120 out  558  180  558     2     0      0
                   Group #1:      279   90  279                       4e-16  2.6e-16
                   Group #2:      279   90  279                     2.7e-16  1.6e-16
  88       10560         120 out  564  182  564     2     0      0
                   Group #1:      282   91  282                       4e-16  2.8e-16
                   Group #2:      282   91  282                     3.2e-16  1.9e-16
---------  当前进度:  98 % - 组装矩阵
Memory: 1692/1692 1694/1696
  89       10680         120 out  570  184  570     2     0      0
                   Group #1:      285   92  285                     3.8e-16  2.1e-16
                   Group #2:      285   92  285                     2.6e-16  1.9e-16
  90       10800         120 out  576  186  576     2     0      0
                   Group #1:      288   93  288                       4e-16  3.7e-16
                   Group #2:      288   93  288                     2.6e-16  1.5e-16
---------  当前进度:  99 % - 组装矩阵
Memory: 1697/1697 1711/1713
  91       10920         120 out  582  188  582     2     0      0
                   Group #1:      291   94  291                     3.6e-16  2.3e-16
                   Group #2:      291   94  291                     2.5e-16  1.5e-16
---------  当前进度:  99 % - 矩阵分解
Memory: 1700/1700 1713/1716
---------  当前进度:  99 % - 组装矩阵
Memory: 1700/1700 1714/1716
  92       11040         120 out  588  190  588     2     0      0
                   Group #1:      294   95  294                     4.6e-16  4.1e-16
                   Group #2:      294   95  294                     2.9e-16  1.4e-16
时间步进已完成。
---------- 当前进度: 100 % - 
Memory: 1701/1702 1714/1718
求解时间：893 s。 （14 分钟，53 秒）
物理内存: 1.7 GB
虚拟内存: 1.72 GB
结束时间：2026年9月30日 上午6:17:10。
----- O: orbital transient, 2.0 orbits/解 4 (sol4) 中的“瞬态求解器 2” ----------------->
           当前进度:   0 % - 
Memory: 1720/1724 1733/1737
---------- 当前进度: 100 % - 计算
           当前进度:   0 % - 
---------- 当前进度: 100 % - 计算
           当前进度:   0 % - 
---------- 当前进度: 100 % - 计算
           当前进度:   0 % - 
Memory: 1743/1743 1756/1756
---------- 当前进度: 100 % - 计算
           当前进度:   0 % - 
Memory: 1743/1745 1756/1758
---------- 当前进度: 100 % - 计算
           当前进度:   0 % - 
---------- 当前进度: 100 % - 计算
Memory: 1746/1746 1759/1759
           当前进度:   0 % - 
Memory: 1773/1775 1787/1790
---------- 当前进度: 100 % - 计算
           当前进度:   0 % - 
Memory: 1773/1776 1787/1790
---------- 当前进度: 100 % - 计算
           当前进度:   0 % - 
Memory: 1791/1791 1805/1805
---------- 当前进度: 100 % - 计算
