*******************************************
***COMSOL 6.3.0.290 progress output file***
*******************************************
Wed Sep 30 07:13:49 SGT 2026
---------- 当前进度: 100 % - 正在更新选择
Memory: 507/507 519/519
           当前进度:   0 % - EATCS radiator S1-1 panel 1
Memory: 571/571 648/650
           当前进度:   0 % - 矩形 1
           当前进度:   2 % - EATCS radiator S1-1 panel 2
Memory: 573/573 649/650
           当前进度:   2 % - 矩形 1
Memory: 573/575 649/652
           当前进度:   3 % - EATCS radiator S1-1 panel 3
           当前进度:   3 % - 矩形 1
           当前进度:   5 % - EATCS radiator S1-1 panel 4
           当前进度:   5 % - 矩形 1
           当前进度:   7 % - EATCS radiator S1-1 panel 5
           当前进度:   7 % - 矩形 1
           当前进度:   9 % - EATCS radiator S1-1 panel 6
           当前进度:   9 % - 矩形 1
-          当前进度:  10 % - EATCS radiator S1-1 panel 7
-          当前进度:  10 % - 矩形 1
-          当前进度:  12 % - EATCS radiator S1-1 panel 8
-          当前进度:  12 % - 矩形 1
-          当前进度:  14 % - EATCS radiator S1-2 panel 1
Memory: 573/575 650/652
-          当前进度:  14 % - 矩形 1
-          当前进度:  16 % - EATCS radiator S1-2 panel 2
-          当前进度:  16 % - 矩形 1
-          当前进度:  17 % - EATCS radiator S1-2 panel 3
-          当前进度:  17 % - 矩形 1
-          当前进度:  19 % - EATCS radiator S1-2 panel 4
-          当前进度:  19 % - 矩形 1
--         当前进度:  21 % - EATCS radiator S1-2 panel 5
--         当前进度:  21 % - 矩形 1
--         当前进度:  22 % - EATCS radiator S1-2 panel 6
--         当前进度:  22 % - 矩形 1
Memory: 574/575 650/652
--         当前进度:  24 % - EATCS radiator S1-2 panel 7
--         当前进度:  24 % - 矩形 1
--         当前进度:  26 % - EATCS radiator S1-2 panel 8
--         当前进度:  26 % - 矩形 1
--         当前进度:  28 % - EATCS radiator S1-3 panel 1
--         当前进度:  28 % - 矩形 1
--         当前进度:  29 % - EATCS radiator S1-3 panel 2
--         当前进度:  29 % - 矩形 1
---        当前进度:  31 % - EATCS radiator S1-3 panel 3
---        当前进度:  31 % - 矩形 1
---        当前进度:  33 % - EATCS radiator S1-3 panel 4
---        当前进度:  33 % - 矩形 1
---        当前进度:  34 % - EATCS radiator S1-3 panel 5
---        当前进度:  34 % - 矩形 1
---        当前进度:  36 % - EATCS radiator S1-3 panel 6
---        当前进度:  36 % - 矩形 1
---        当前进度:  38 % - EATCS radiator S1-3 panel 7
---        当前进度:  38 % - 矩形 1
----       当前进度:  40 % - EATCS radiator S1-3 panel 8
----       当前进度:  40 % - 矩形 1
----       当前进度:  41 % - EATCS radiator P1-1 panel 1
----       当前进度:  41 % - 矩形 1
----       当前进度:  43 % - EATCS radiator P1-1 panel 2
----       当前进度:  43 % - 矩形 1
----       当前进度:  45 % - EATCS radiator P1-1 panel 3
----       当前进度:  45 % - 矩形 1
----       当前进度:  47 % - EATCS radiator P1-1 panel 4
----       当前进度:  47 % - 矩形 1
----       当前进度:  48 % - EATCS radiator P1-1 panel 5
----       当前进度:  48 % - 矩形 1
-----      当前进度:  50 % - EATCS radiator P1-1 panel 6
-----      当前进度:  50 % - 矩形 1
-----      当前进度:  52 % - EATCS radiator P1-1 panel 7
-----      当前进度:  52 % - 矩形 1
-----      当前进度:  53 % - EATCS radiator P1-1 panel 8
-----      当前进度:  53 % - 矩形 1
-----      当前进度:  55 % - EATCS radiator P1-2 panel 1
-----      当前进度:  55 % - 矩形 1
-----      当前进度:  57 % - EATCS radiator P1-2 panel 2
-----      当前进度:  57 % - 矩形 1
-----      当前进度:  59 % - EATCS radiator P1-2 panel 3
-----      当前进度:  59 % - 矩形 1
------     当前进度:  60 % - EATCS radiator P1-2 panel 4
Memory: 576/576 652/652
------     当前进度:  60 % - 矩形 1
------     当前进度:  62 % - EATCS radiator P1-2 panel 5
Memory: 574/576 650/652
------     当前进度:  62 % - 矩形 1
------     当前进度:  64 % - EATCS radiator P1-2 panel 6
------     当前进度:  64 % - 矩形 1
------     当前进度:  66 % - EATCS radiator P1-2 panel 7
------     当前进度:  66 % - 矩形 1
------     当前进度:  67 % - EATCS radiator P1-2 panel 8
------     当前进度:  67 % - 矩形 1
------     当前进度:  69 % - EATCS radiator P1-3 panel 1
------     当前进度:  69 % - 矩形 1
-------    当前进度:  71 % - EATCS radiator P1-3 panel 2
-------    当前进度:  71 % - 矩形 1
-------    当前进度:  72 % - EATCS radiator P1-3 panel 3
-------    当前进度:  72 % - 矩形 1
-------    当前进度:  74 % - EATCS radiator P1-3 panel 4
-------    当前进度:  74 % - 矩形 1
-------    当前进度:  76 % - EATCS radiator P1-3 panel 5
-------    当前进度:  76 % - 矩形 1
-------    当前进度:  78 % - EATCS radiator P1-3 panel 6
-------    当前进度:  78 % - 矩形 1
-------    当前进度:  79 % - EATCS radiator P1-3 panel 7
-------    当前进度:  79 % - 矩形 1
--------   当前进度:  81 % - EATCS radiator P1-3 panel 8
Memory: 575/576 650/652
--------   当前进度:  81 % - 矩形 1
--------   当前进度:  83 % - 形成联合体
Memory: 575/576 651/652
--------   当前进度:  83 % - 执行布尔操作
Memory: 569/581 644/654
---------- 当前进度: 100 % - 正在更新选择
Memory: 570/581 644/654
---------- 当前进度: 100 % - 正在创建可视化网格
Memory: 586/586 651/654
---------- 当前进度: 100 % - 正在更新选择
Memory: 662/663 766/766
           当前进度:   0 % - 线段间隔 1
Memory: 667/668 765/767
           当前进度:   9 % - 形成联合体
---------- 当前进度: 100 % - 正在更新选择
Memory: 668/668 765/767
           当前进度:   0 % - 线段间隔 1
Memory: 753/755 800/802
           当前进度:   9 % - 形成联合体
Memory: 756/756 802/802
---------- 当前进度: 100 % - 正在更新选择
顶点单元数：192
------     当前进度:  65 % - 正在创建边界网格
Memory: 1171/1174 1171/1174
--------   当前进度:  83 % - 正在创建边界网格
Memory: 1171/1175 1171/1176
边单元数：576
边界单元数：1056
---------- 当前进度: 100 % - 正在创建边界网格
边界单元数：2
单元数：2
-----      当前进度:  54 % - 生成方程
Memory: 1180/1182 1181/1183
------     当前进度:  66 % - 生成方程
Memory: 1184/1188 1184/1189
---        当前进度:  39 % - 生成方程
Memory: 1179/1191 1179/1191
-----      当前进度:  54 % - 生成方程
Memory: 1189/1191 1188/1191
------     当前进度:  66 % - 生成方程
Memory: 1189/1193 1189/1193
-----      当前进度:  54 % - 生成方程
Memory: 1190/1194 1190/1194
------     当前进度:  66 % - 生成方程
Memory: 1189/1195 1189/1195
---        当前进度:  39 % - 生成方程
Memory: 1191/1195 1191/1195
-----      当前进度:  54 % - 生成方程
Memory: 1204/1209 1204/1209
---        当前进度:  39 % - 生成方程
Memory: 1205/1209 1204/1209
-----      当前进度:  54 % - 生成方程
Memory: 1198/1209 1198/1209
------     当前进度:  66 % - 生成方程
Memory: 1205/1209 1204/1209
-----      当前进度:  54 % - 生成方程
------     当前进度:  66 % - 生成方程
Memory: 1206/1210 1206/1209
---        当前进度:  39 % - 生成方程
Memory: 1207/1210 1207/1209
-----      当前进度:  54 % - 生成方程
Memory: 1198/1210 1198/1210
-------    当前进度:  72 % - 生成方程
---        当前进度:  39 % - 生成方程
Memory: 1199/1210 1199/1210
-----      当前进度:  54 % - 生成方程
Memory: 1202/1210 1202/1210
<---- O: orbital transient, 2.0 orbits/解 4 (sol4) 中的“编译方程: 轨道热载荷” --------------
开始于 2026年9月30日 上午7:15:22。
几何形函数: 二次拉格朗日单元
几何形函数: 二次拉格朗日单元
在 AMD64 Family 25 Model 117 Stepping 2, AuthenticAMD 上运行。
在以下位置使用 1 个插槽： MarkLiu 上（共 1 个内核）。
可用内存：32.38 GB。
           当前进度:   0 % - 生成方程
Memory: 1198/1210 1198/1210
           当前进度:   1 % - 编译方程: 轨道热载荷
Memory: 1233/1233 1235/1235
           当前进度:   1 % - 正在创建可视化网格
Memory: 1239/1240 1239/1240
时间：5。
物理内存: 1.28 GB
虚拟内存: 1.28 GB
结束时间：2026年9月30日 上午7:15:27。
----- O: orbital transient, 2.0 orbits/解 4 (sol4) 中的“编译方程: 轨道热载荷” ------------->
<---- O: orbital transient, 2.0 orbits/解 4 (sol4) 中的“因变量 1” --------------------
开始于 2026年9月30日 上午7:15:27。
           当前进度:   1 % - 因变量 1
Memory: 1258/1277 1256/1279
求解时间：1 s。
物理内存: 1.26 GB
虚拟内存: 1.26 GB
结束时间：2026年9月30日 上午7:15:28。
----- O: orbital transient, 2.0 orbits/解 4 (sol4) 中的“因变量 1” ------------------->
<---- O: orbital transient, 2.0 orbits/解 4 (sol4) 中的“瞬态求解器 1” ------------------
开始于 2026年9月30日 上午7:15:28。
瞬态求解器 (BDF)
求解的自由度数：10（加上 4224 个内部自由度）。
           当前进度:   2 % - 组装稀疏模式
Memory: 1267/1277 1261/1279
找到对称矩阵。
           当前进度:   2 % - 组装矩阵
缩放因变量：
形函数 (comp1.otl.ds_hrs.storeGextd_band): 1
形函数 (comp1.otl.ds_hrs.storeGextu_band): 1
指示器状态的比例：
comp1.otl.inEclipse_event: 4e+05
comp1.otl.outEclipse_event: 4e+05
Step        Time    Stepsize      Res  Jac  Sol Order Tfail NLfail   LinErr   LinRes
   0           0           - out    2    3    2                  0        0        0
指示器状态的比例：
comp1.otl.inEclipse_event: 4e+05
comp1.otl.outEclipse_event: 4e+05
           当前进度:   2 % - 约束处理
Memory: 1280/1281 1273/1279
           当前进度:   2 % - 组装矩阵
Memory: 1288/1288 1282/1282
           当前进度:   2 % - 
Memory: 1291/1291 1285/1285
   1         120         120 out    3    4    3     1     0      0        0        0
           当前进度:   3 % - 组装矩阵
Memory: 1293/1293 1287/1287
           当前进度:   3 % - 
Memory: 1294/1294 1288/1288
   2         240         120 out    4    5    4     1     0      0        0        0
   3         360         120 out    5    6    5     2     0      0        0        0
           当前进度:   4 % - 
   4         480         120 out    6    7    6     2     0      0        0        0
   5         600         120 out    7    8    7     2     0      0        0        0
           当前进度:   5 % - 
   6         720         120 out    8    9    8     2     0      0        0        0
   7         840         120 out    9   10    9     2     0      0        0        0
           当前进度:   6 % - 
   8         960         120 out   10   11   10     2     0      0        0        0
   9        1080         120 out   11   12   11     2     0      0        0        0
           当前进度:   7 % - 
  10        1200         120 out   12   13   12     2     0      0        0        0
           当前进度:   8 % - 
  11        1320         120 out   13   14   13     2     0      0        0        0
  12        1440         120 out   14   15   14     2     0      0        0        0
           当前进度:   9 % - 
  13        1560         120 out   15   16   15     2     0      0        0        0
  14        1680         120 out   16   17   16     2     0      0        0        0
-          当前进度:  10 % - 
  15        1800         120 out   17   18   17     2     0      0        0        0
  16        1920         120 out   18   19   18     2     0      0        0        0
-          当前进度:  11 % - 
  17        2040         120 out   19   20   19     2     0      0        0        0
  18        2160         120 out   20   21   20     2     0      0        0        0
-          当前进度:  12 % - 
  19        2280         120 out   21   22   21     2     0      0        0        0
  20        2400         120 out   22   23   22     2     0      0        0        0
-          当前进度:  13 % - 
  21        2520         120 out   23   24   23     2     0      0        0        0
  22        2640         120 out   24   25   24     2     0      0        0        0
-          当前进度:  14 % - 
Memory: 1295/1295 1288/1288
  23        2760         120 out   25   26   25     2     0      0        0        0
  24        2880         120 out   26   27   26     2     0      0        0        0
-          当前进度:  15 % - 
  25        3000         120 out   27   28   27     2     0      0        0        0
  26        3120         120 out   28   29   28     2     0      0        0        0
-          当前进度:  16 % - 
  27        3240         120 out   29   30   29     2     0      0        0        0
  28        3360         120 out   30   31   30     2     0      0        0        0
-          当前进度:  17 % - 
  29        3480         120 out   31   32   31     2     0      0        0        0
  30        3600         120 out   32   33   32     2     0      0        0        0
-          当前进度:  18 % - 
Memory: 1295/1296 1288/1290
  31        3720         120 out   33   34   33     2     0      0        0        0
  32        3840         120 out   34   35   34     2     0      0        0        0
-          当前进度:  19 % - 
  33        3960         120 out   35   36   35     2     0      0        0        0
  34        4080         120 out   36   37   36     2     0      0        0        0
--         当前进度:  20 % - 
  35        4200         120 out   37   38   37     2     0      0        0        0
--         当前进度:  21 % - 
  36        4320         120 out   38   39   38     2     0      0        0        0
  37        4440         120 out   39   40   39     2     0      0        0        0
--         当前进度:  22 % - 
  38        4560         120 out   40   41   40     2     0      0        0        0
  39        4680         120 out   41   42   41     2     0      0        0        0
--         当前进度:  23 % - 
  40        4800         120 out   42   43   42     2     0      0        0        0
  41        4920         120 out   43   44   43     2     0      0        0        0
--         当前进度:  24 % - 
  42        5040         120 out   44   45   44     2     0      0        0        0
  43        5160         120 out   45   46   45     2     0      0        0        0
--         当前进度:  25 % - 
  44        5280         120 out   46   47   46     2     0      0        0        0
  45        5400         120 out   47   48   47     2     0      0        0        0
--         当前进度:  26 % - 
  46        5520         120 out   48   49   48     2     0      0        0        0
  47        5640         120 out   49   50   49     2     0      0        0        0
--         当前进度:  27 % - 
  48        5760         120 out   50   51   50     2     0      0        0        0
  49        5880         120 out   51   52   51     2     0      0        0        0
--         当前进度:  28 % - 
Memory: 1296/1296 1288/1290
  50        6000         120 out   52   53   52     2     0      0        0        0
  51        6120         120 out   53   54   53     2     0      0        0        0
--         当前进度:  29 % - 
  52        6240         120 out   54   55   54     2     0      0        0        0
  53        6360         120 out   55   56   55     2     0      0        0        0
---        当前进度:  30 % - 
  54        6480         120 out   56   57   56     2     0      0        0        0
---        当前进度:  30 % - 组装矩阵
---        当前进度:  30 % - 
  55        6600         120 out   57   58   57     2     0      0        0        0
---        当前进度:  31 % - 
  56        6720         120 out   58   59   58     2     0      0        0        0
  57        6840         120 out   59   60   59     2     0      0        0        0
---        当前进度:  32 % - 
  58        6960         120 out   60   61   60     2     0      0        0        0
---        当前进度:  33 % - 
  59        7080         120 out   61   62   61     2     0      0        0        0
  60        7200         120 out   62   63   62     2     0      0        0        0
---        当前进度:  34 % - 
  61        7320         120 out   63   64   63     2     0      0        0        0
---        当前进度:  34 % - 组装矩阵
---        当前进度:  34 % - 
  62        7440         120 out   64   65   64     2     0      0        0        0
---        当前进度:  35 % - 
  63        7560         120 out   65   66   65     2     0      0        0        0
  64        7680         120 out   66   67   66     2     0      0        0        0
---        当前进度:  36 % - 
Memory: 1296/1296 1296/1296
  65        7800         120 out   67   68   67     2     0      0        0        0
  66        7920         120 out   68   69   68     2     0      0        0        0
---        当前进度:  37 % - 
  67        8040         120 out   69   70   69     2     0      0        0        0
  68        8160         120 out   70   71   70     2     0      0        0        0
---        当前进度:  38 % - 
  69        8280         120 out   71   72   71     2     0      0        0        0
  70        8400         120 out   72   73   72     2     0      0        0        0
---        当前进度:  39 % - 
  71        8520         120 out   73   74   73     2     0      0        0        0
  72        8640         120 out   74   75   74     2     0      0        0        0
----       当前进度:  40 % - 
  73        8760         120 out   75   76   75     2     0      0        0        0
  74        8880         120 out   76   77   76     2     0      0        0        0
----       当前进度:  41 % - 
Memory: 1297/1297 1296/1296
  75        9000         120 out   77   78   77     2     0      0        0        0
  76        9120         120 out   78   79   78     2     0      0        0        0
----       当前进度:  42 % - 
  77        9240         120 out   79   80   79     2     0      0        0        0
  78        9360         120 out   80   81   80     2     0      0        0        0
----       当前进度:  43 % - 
  79        9480         120 out   81   82   81     2     0      0        0        0
  80        9600         120 out   82   83   82     2     0      0        0        0
----       当前进度:  44 % - 
  81        9720         120 out   83   84   83     2     0      0        0        0
  82        9840         120 out   84   85   84     2     0      0        0        0
----       当前进度:  45 % - 
  83        9960         120 out   85   86   85     2     0      0        0        0
----       当前进度:  46 % - 
  84       10080         120 out   86   87   86     2     0      0        0        0
  85       10200         120 out   87   88   87     2     0      0        0        0
----       当前进度:  47 % - 
  86       10320         120 out   88   89   88     2     0      0        0        0
  87       10440         120 out   89   90   89     2     0      0        0        0
----       当前进度:  48 % - 
  88       10560         120 out   90   91   90     2     0      0        0        0
  89       10680         120 out   91   92   91     2     0      0        0        0
----       当前进度:  49 % - 
  90       10800         120 out   92   93   92     2     0      0        0        0
  91       10920         120 out   93   94   93     2     0      0        0        0
-----      当前进度:  50 % - 
  92       11040         120 out   94   95   94     2     0      0        0        0
时间步进已完成。
求解时间：866 s。 （14 分钟，26 秒）
物理内存: 1.3 GB
虚拟内存: 1.3 GB
结束时间：2026年9月30日 上午7:29:54。
----- O: orbital transient, 2.0 orbits/解 4 (sol4) 中的“瞬态求解器 1” ----------------->
<---- O: orbital transient, 2.0 orbits/解 4 (sol4) 中的“编译方程: 轨道温度” ---------------
开始于 2026年9月30日 上午7:29:54。
几何形函数: 二次拉格朗日单元
几何形函数: 二次拉格朗日单元
-----      当前进度:  50 % - 生成方程
Memory: 1149/1300 1147/1300
-----      当前进度:  51 % - 编译方程: 轨道温度
Memory: 1193/1300 1193/1300
-----      当前进度:  51 % - 正在创建可视化网格
Memory: 1194/1300 1194/1300
时间：3。
物理内存: 1.23 GB
虚拟内存: 1.23 GB
结束时间：2026年9月30日 上午7:29:58。
----- O: orbital transient, 2.0 orbits/解 4 (sol4) 中的“编译方程: 轨道温度” -------------->
<---- O: orbital transient, 2.0 orbits/解 4 (sol4) 中的“因变量 2” --------------------
开始于 2026年9月30日 上午7:29:58。
待求解变量的初始值: 解 4 (sol4), 解存储 2 (sol5), t=11040 s [自动（单一解）].
不求解变量的值: 解 4 (sol4), 解存储 2 (sol5), t=11040 s [自动（单一解）].
-----      当前进度:  51 % - 因变量 2
Memory: 1232/1300 1232/1300
求解时间：0 s。
物理内存: 1.23 GB
虚拟内存: 1.23 GB
结束时间：2026年9月30日 上午7:29:58。
----- O: orbital transient, 2.0 orbits/解 4 (sol4) 中的“因变量 2” ------------------->
<---- O: orbital transient, 2.0 orbits/解 4 (sol4) 中的“瞬态求解器 2” ------------------
开始于 2026年9月30日 上午7:29:58。
瞬态求解器 (BDF)
-----      当前进度:  52 % - 瞬态求解器 2
Memory: 1230/1300 1229/1300
求解的自由度数：6246。
-----      当前进度:  52 % - 组装稀疏模式
-----      当前进度:  52 % - 组装矩阵
Memory: 1233/1300 1231/1300
找到非对称矩阵。
缩放因变量：
温度 (comp1.T2): 3e+02
NH3 panel outlet temperatures (K) (comp1.ODE1): 3e+02
已使用正交零空间函数。
-----      当前进度:  52 % - 约束处理
Memory: 1234/1300 1231/1300
找到对称矩阵。
缩放因变量：
表面辐射度，下侧 (comp1.otl.ds_hrs.Jd_band): 1.2e+02
表面辐射度，上侧 (comp1.otl.ds_hrs.Ju_band): 1.2e+02
已使用正交零空间函数。
-----      当前进度:  52 % - 组装稀疏模式
Memory: 1235/1300 1231/1300
找到对称矩阵。
-----      当前进度:  52 % - 组装矩阵
Memory: 1236/1300 1232/1300
指示器状态的比例：
comp1.otl.inEclipse_event: 4e+05
comp1.otl.outEclipse_event: 4e+05
Step        Time    Stepsize      Res  Jac  Sol Order Tfail NLfail   LinErr   LinRes
-----      当前进度:  52 % - 约束处理
Memory: 1240/1300 1236/1300
-----      当前进度:  52 % - 组装矩阵
Memory: 1248/1300 1241/1300
-----      当前进度:  52 % - 约束处理
Memory: 1270/1300 1263/1300
-----      当前进度:  52 % - 组装稀疏模式
-----      当前进度:  52 % - 组装矩阵
-----      当前进度:  52 % - 求解线性方程组
Memory: 1273/1300 1263/1300
-----      当前进度:  52 % - 组装矩阵
Memory: 1274/1300 1271/1300
   0           0           - out   18    6   18                  0
                   Group #1:        9    3    9                       4e-16  1.8e-16
                   Group #2:        9    3    9                     3.5e-16  1.4e-16
指示器状态的比例：
comp1.otl.inEclipse_event: 4e+05
comp1.otl.outEclipse_event: 4e+05
   1         120         120 out   26    8   26     1     0      0
                   Group #1:       13    4   13                     1.1e-15  1.5e-16
                   Group #2:       13    4   13                     3.4e-16  1.4e-16
-----      当前进度:  53 % - 组装矩阵
Memory: 1308/1333 1305/1331
-----      当前进度:  53 % - 组装稀疏模式
Memory: 1312/1333 1307/1331
-----      当前进度:  53 % - 组装矩阵
Memory: 1317/1333 1312/1331
   2         240         120 out   32   10   32     1     0      0
                   Group #1:       16    5   16                     1.3e-15  1.5e-16
                   Group #2:       16    5   16                     3.2e-16  1.3e-16
   3         360         120 out   38   12   38     2     0      0
                   Group #1:       19    6   19                     9.3e-16  1.6e-16
                   Group #2:       19    6   19                     3.3e-16  1.3e-16
-----      当前进度:  54 % - 组装矩阵
Memory: 1333/1333 1330/1333
   4         480         120 out   46   14   46     2     0      0
                   Group #1:       23    7   23                       4e-16  1.8e-16
                   Group #2:       23    7   23                     3.3e-16  1.4e-16
   5         600         120 out   52   16   52     2     0      0
                   Group #1:       26    8   26                     4.1e-16  2.3e-16
                   Group #2:       26    8   26                     2.8e-16  1.6e-16
-----      当前进度:  55 % - 组装矩阵
Memory: 1341/1342 1337/1345
   6         720         120 out   58   18   58     2     0      0
                   Group #1:       29    9   29                     3.8e-16    2e-16
                   Group #2:       29    9   29                     2.6e-16  1.7e-16
   7         840         120 out   64   20   64     2     0      0
                   Group #1:       32   10   32                     3.7e-16  1.9e-16
                   Group #2:       32   10   32                     2.8e-16    2e-16
-----      当前进度:  56 % - 组装矩阵
Memory: 1348/1349 1344/1352
-----      当前进度:  56 % - 组装稀疏模式
Memory: 1349/1349 1349/1352
-----      当前进度:  56 % - 组装矩阵
   8         960         120 out   70   22   70     2     0      0
                   Group #1:       35   11   35                     4.2e-16  2.1e-16
                   Group #2:       35   11   35                     2.5e-16  1.4e-16
   9        1080         120 out   78   24   78     2     0      0
                   Group #1:       39   12   39                     3.7e-16  2.3e-16
                   Group #2:       39   12   39                     3.5e-16  1.4e-16
-----      当前进度:  57 % - 组装矩阵
Memory: 1357/1357 1358/1360
-----      当前进度:  57 % - 组装稀疏模式
Memory: 1357/1357 1357/1360
-----      当前进度:  57 % - 组装矩阵
  10        1200         120 out   84   26   84     2     0      0
                   Group #1:       42   13   42                     3.7e-16  1.8e-16
                   Group #2:       42   13   42                     2.5e-16  1.6e-16
  11        1320         120 out   92   28   92     2     0      0
                   Group #1:       46   14   46                     4.3e-16  2.1e-16
                   Group #2:       46   14   46                     3.4e-16  1.5e-16
-----      当前进度:  58 % - 组装矩阵
Memory: 1365/1365 1365/1371
  12        1440         120 out   98   30   98     2     0      0
                   Group #1:       49   15   49                     4.1e-16  1.9e-16
                   Group #2:       49   15   49                     2.9e-16  1.7e-16
  13        1560         120 out  104   32  104     2     0      0
                   Group #1:       52   16   52                     4.4e-16  2.1e-16
                   Group #2:       52   16   52                     2.7e-16  1.6e-16
-----      当前进度:  59 % - 组装矩阵
Memory: 1372/1372 1372/1376
  14        1680         120 out  110   34  110     2     0      0
                   Group #1:       55   17   55                     3.9e-16  1.9e-16
                   Group #2:       55   17   55                     2.8e-16  1.8e-16
  15        1800         120 out  118   36  118     2     0      0
                   Group #1:       59   18   59                     3.7e-16  1.8e-16
                   Group #2:       59   18   59                     3.3e-16  1.4e-16
------     当前进度:  60 % - 组装矩阵
Memory: 1381/1381 1379/1381
  16        1920         120 out  124   38  124     2     0      0
                   Group #1:       62   19   62                     3.7e-16  1.8e-16
                   Group #2:       62   19   62                     2.6e-16  1.5e-16
  17        2040         120 out  130   40  130     2     0      0
                   Group #1:       65   20   65                     4.1e-16  1.9e-16
                   Group #2:       65   20   65                     2.5e-16  1.6e-16
------     当前进度:  61 % - 组装矩阵
Memory: 1388/1388 1387/1391
------     当前进度:  61 % - 求解线性方程组
Memory: 1389/1389 1390/1393
------     当前进度:  61 % - 组装矩阵
Memory: 1389/1389 1391/1393
  18        2160         120 out  136   42  136     2     0      0
                   Group #1:       68   21   68                     4.1e-16    2e-16
                   Group #2:       68   21   68                     2.7e-16  1.8e-16
------     当前进度:  61 % - 组装稀疏模式
Memory: 1392/1392 1390/1398
------     当前进度:  61 % - 组装矩阵
  19        2280         120 out  142   44  142     2     0      0
                   Group #1:       71   22   71                     3.4e-16  1.9e-16
                   Group #2:       71   22   71                     2.5e-16  1.8e-16
------     当前进度:  62 % - 组装矩阵
Memory: 1397/1397 1396/1400
------     当前进度:  62 % - 组装稀疏模式
Memory: 1397/1398 1397/1401
------     当前进度:  62 % - 组装矩阵
------     当前进度:  62 % - 求解线性方程组
Memory: 1400/1400 1401/1404
------     当前进度:  62 % - 组装矩阵
Memory: 1400/1400 1402/1404
  20        2400         120 out  148   46  148     2     0      0
                   Group #1:       74   23   74                     3.8e-16    2e-16
                   Group #2:       74   23   74                     2.7e-16  1.9e-16
------     当前进度:  63 % - 组装矩阵
Memory: 1401/1401 1405/1407
------     当前进度:  63 % - 组装稀疏模式
Memory: 1402/1402 1403/1407
------     当前进度:  63 % - 组装矩阵
  21        2520         120 out  154   48  154     2     0      0
                   Group #1:       77   24   77                     3.8e-16    2e-16
                   Group #2:       77   24   77                     2.4e-16  1.4e-16
  22        2640         120 out  160   50  160     2     0      0
                   Group #1:       80   25   80                       4e-16  2.1e-16
                   Group #2:       80   25   80                     2.5e-16  1.6e-16
------     当前进度:  64 % - 组装矩阵
Memory: 1409/1409 1412/1412
  23        2760         120 out  166   52  166     2     0      0
                   Group #1:       83   26   83                     3.7e-16    2e-16
                   Group #2:       83   26   83                     2.7e-16  1.5e-16
  24        2880         120 out  172   54  172     2     0      0
                   Group #1:       86   27   86                     4.2e-16  2.3e-16
                   Group #2:       86   27   86                     2.7e-16  1.8e-16
------     当前进度:  65 % - 组装矩阵
Memory: 1416/1416 1414/1419
  25        3000         120 out  176   56  176     2     0      0
                   Group #1:       88   28   88                     2.8e-16    2e-16
                   Group #2:       88   28   88                     2.4e-16  1.9e-16
  26        3120         120 out  182   58  182     2     0      0
                   Group #1:       91   29   91                     3.6e-16    2e-16
                   Group #2:       91   29   91                     2.5e-16  1.6e-16
------     当前进度:  66 % - 组装矩阵
Memory: 1423/1423 1427/1430
  27        3240         120 out  188   60  188     2     0      0
                   Group #1:       94   30   94                     3.1e-16  1.8e-16
                   Group #2:       94   30   94                     2.3e-16  1.7e-16
  28        3360         120 out  194   62  194     2     0      0
                   Group #1:       97   31   97                     3.5e-16  2.2e-16
                   Group #2:       97   31   97                     2.4e-16  1.6e-16
------     当前进度:  67 % - 组装矩阵
Memory: 1431/1431 1428/1431
  29        3480         120 out  200   64  200     2     0      0
                   Group #1:      100   32  100                     3.7e-16    2e-16
                   Group #2:      100   32  100                     2.7e-16  1.8e-16
  30        3600         120 out  206   66  206     2     0      0
                   Group #1:      103   33  103                     4.1e-16    2e-16
                   Group #2:      103   33  103                     2.7e-16    2e-16
------     当前进度:  68 % - 组装矩阵
Memory: 1439/1439 1436/1440
  31        3720         120 out  212   68  212     2     0      0
                   Group #1:      106   34  106                     3.7e-16  1.9e-16
                   Group #2:      106   34  106                     2.7e-16  1.6e-16
  32        3840         120 out  218   70  218     2     0      0
                   Group #1:      109   35  109                     3.9e-16  2.2e-16
                   Group #2:      109   35  109                     2.8e-16  1.4e-16
------     当前进度:  69 % - 组装矩阵
Memory: 1446/1446 1444/1450
  33        3960         120 out  224   72  224     2     0      0
                   Group #1:      112   36  112                     3.8e-16  1.9e-16
                   Group #2:      112   36  112                     2.6e-16  1.6e-16
  34        4080         120 out  232   74  232     2     0      0
                   Group #1:      116   37  116                     3.9e-16  1.9e-16
                   Group #2:      116   37  116                     3.6e-16  1.5e-16
-------    当前进度:  70 % - 组装矩阵
Memory: 1456/1456 1455/1458
  35        4200         120 out  238   76  238     2     0      0
                   Group #1:      119   38  119                       4e-16  1.9e-16
                   Group #2:      119   38  119                     2.5e-16  1.4e-16
  36        4320         120 out  244   78  244     2     0      0
                   Group #1:      122   39  122                       4e-16    2e-16
                   Group #2:      122   39  122                     2.6e-16  1.5e-16
-------    当前进度:  71 % - 组装矩阵
Memory: 1463/1463 1466/1469
  37        4440         120 out  250   80  250     2     0      0
                   Group #1:      125   40  125                       4e-16    2e-16
                   Group #2:      125   40  125                     2.9e-16  1.8e-16
-------    当前进度:  71 % - 约束处理
Memory: 1468/1468 1471/1473
-------    当前进度:  71 % - 组装矩阵
Memory: 1469/1469 1472/1474
  38        4560         120 out  258   82  258     2     0      0
                   Group #1:      129   41  129                       4e-16  2.1e-16
                   Group #2:      129   41  129                     3.1e-16  1.4e-16
-------    当前进度:  72 % - 组装矩阵
Memory: 1473/1473 1476/1479
-------    当前进度:  72 % - 组装稀疏模式
-------    当前进度:  72 % - 组装矩阵
  39        4680         120 out  264   84  264     2     0      0
                   Group #1:      132   42  132                     3.4e-16  1.7e-16
                   Group #2:      132   42  132                     2.7e-16  1.5e-16
-------    当前进度:  72 % - 求解线性方程组
Memory: 1478/1478 1482/1485
-------    当前进度:  72 % - 组装矩阵
  40        4800         120 out  270   86  270     2     0      0
                   Group #1:      135   43  135                     3.6e-16    2e-16
                   Group #2:      135   43  135                     2.3e-16  1.4e-16
-------    当前进度:  73 % - 组装矩阵
Memory: 1480/1480 1484/1486
  41        4920         120 out  276   88  276     2     0      0
                   Group #1:      138   44  138                     3.7e-16    2e-16
                   Group #2:      138   44  138                     2.6e-16  1.8e-16
-------    当前进度:  73 % - 组装稀疏模式
Memory: 1484/1484 1488/1490
-------    当前进度:  73 % - 组装矩阵
  42        5040         120 out  282   90  282     2     0      0
                   Group #1:      141   45  141                     3.8e-16  2.5e-16
                   Group #2:      141   45  141                     2.7e-16  1.6e-16
-------    当前进度:  74 % - 组装矩阵
Memory: 1488/1488 1491/1493
  43        5160         120 out  288   92  288     2     0      0
                   Group #1:      144   46  144                       4e-16  2.4e-16
                   Group #2:      144   46  144                     2.7e-16  1.5e-16
  44        5280         120 out  296   94  296     2     0      0
                   Group #1:      148   47  148                       4e-16  2.5e-16
                   Group #2:      148   47  148                     3.5e-16  1.4e-16
-------    当前进度:  75 % - 组装矩阵
Memory: 1497/1497 1500/1502
  45        5400         120 out  304   96  304     2     0      0
                   Group #1:      152   48  152                     3.8e-16  2.4e-16
                   Group #2:      152   48  152                     3.5e-16  1.5e-16
-------    当前进度:  76 % - 组装矩阵
Memory: 1502/1502 1505/1507
  46        5520         120 out  310   98  310     2     0      0
                   Group #1:      155   49  155                     4.1e-16  2.7e-16
                   Group #2:      155   49  155                     3.2e-16  1.5e-16
  47        5640         120 out  316  100  316     2     0      0
                   Group #1:      158   50  158                     3.6e-16  2.4e-16
                   Group #2:      158   50  158                     2.8e-16  1.6e-16
-------    当前进度:  77 % - 组装矩阵
Memory: 1509/1509 1513/1515
  48        5760         120 out  322  102  322     2     0      0
                   Group #1:      161   51  161                     3.7e-16  2.5e-16
                   Group #2:      161   51  161                     3.2e-16  1.4e-16
