*******************************************
***COMSOL 6.3.0.290 progress output file***
*******************************************
Wed Sep 30 05:41:35 SGT 2026
---------- 当前进度: 100 % - 正在更新选择
Memory: 541/541 618/618
           当前进度:   0 % - EATCS radiator S1-1 panel 1
Memory: 577/577 636/637
           当前进度:   0 % - 矩形 1
           当前进度:   2 % - EATCS radiator S1-1 panel 2
Memory: 582/582 641/641
           当前进度:   2 % - 矩形 1
Memory: 579/582 638/641
           当前进度:   3 % - EATCS radiator S1-1 panel 3
Memory: 581/582 639/641
           当前进度:   3 % - 矩形 1
           当前进度:   5 % - EATCS radiator S1-1 panel 4
           当前进度:   5 % - 矩形 1
           当前进度:   7 % - EATCS radiator S1-1 panel 5
           当前进度:   7 % - 矩形 1
           当前进度:   9 % - EATCS radiator S1-1 panel 6
           当前进度:   9 % - 矩形 1
-          当前进度:  10 % - EATCS radiator S1-1 panel 7
-          当前进度:  10 % - 矩形 1
-          当前进度:  12 % - EATCS radiator S1-1 panel 8
-          当前进度:  12 % - 矩形 1
-          当前进度:  14 % - EATCS radiator S1-2 panel 1
Memory: 579/582 637/641
-          当前进度:  14 % - 矩形 1
-          当前进度:  16 % - EATCS radiator S1-2 panel 2
-          当前进度:  16 % - 矩形 1
-          当前进度:  17 % - EATCS radiator S1-2 panel 3
-          当前进度:  17 % - 矩形 1
-          当前进度:  19 % - EATCS radiator S1-2 panel 4
-          当前进度:  19 % - 矩形 1
--         当前进度:  21 % - EATCS radiator S1-2 panel 5
Memory: 580/582 638/641
--         当前进度:  21 % - 矩形 1
--         当前进度:  22 % - EATCS radiator S1-2 panel 6
--         当前进度:  22 % - 矩形 1
--         当前进度:  24 % - EATCS radiator S1-2 panel 7
--         当前进度:  24 % - 矩形 1
--         当前进度:  26 % - EATCS radiator S1-2 panel 8
--         当前进度:  26 % - 矩形 1
--         当前进度:  28 % - EATCS radiator S1-3 panel 1
--         当前进度:  28 % - 矩形 1
--         当前进度:  29 % - EATCS radiator S1-3 panel 2
--         当前进度:  29 % - 矩形 1
---        当前进度:  31 % - EATCS radiator S1-3 panel 3
---        当前进度:  31 % - 矩形 1
Memory: 580/582 639/641
---        当前进度:  33 % - EATCS radiator S1-3 panel 4
---        当前进度:  33 % - 矩形 1
---        当前进度:  34 % - EATCS radiator S1-3 panel 5
---        当前进度:  34 % - 矩形 1
---        当前进度:  36 % - EATCS radiator S1-3 panel 6
---        当前进度:  36 % - 矩形 1
---        当前进度:  38 % - EATCS radiator S1-3 panel 7
---        当前进度:  38 % - 矩形 1
----       当前进度:  40 % - EATCS radiator S1-3 panel 8
----       当前进度:  40 % - 矩形 1
----       当前进度:  41 % - EATCS radiator P1-1 panel 1
----       当前进度:  41 % - 矩形 1
----       当前进度:  43 % - EATCS radiator P1-1 panel 2
----       当前进度:  43 % - 矩形 1
----       当前进度:  45 % - EATCS radiator P1-1 panel 3
----       当前进度:  45 % - 矩形 1
----       当前进度:  47 % - EATCS radiator P1-1 panel 4
Memory: 581/582 639/641
----       当前进度:  47 % - 矩形 1
----       当前进度:  48 % - EATCS radiator P1-1 panel 5
----       当前进度:  48 % - 矩形 1
-----      当前进度:  50 % - EATCS radiator P1-1 panel 6
-----      当前进度:  50 % - 矩形 1
-----      当前进度:  52 % - EATCS radiator P1-1 panel 7
-----      当前进度:  52 % - 矩形 1
-----      当前进度:  53 % - EATCS radiator P1-1 panel 8
-----      当前进度:  53 % - 矩形 1
-----      当前进度:  55 % - EATCS radiator P1-2 panel 1
-----      当前进度:  55 % - 矩形 1
-----      当前进度:  57 % - EATCS radiator P1-2 panel 2
-----      当前进度:  57 % - 矩形 1
-----      当前进度:  59 % - EATCS radiator P1-2 panel 3
-----      当前进度:  59 % - 矩形 1
------     当前进度:  60 % - EATCS radiator P1-2 panel 4
------     当前进度:  60 % - 矩形 1
------     当前进度:  62 % - EATCS radiator P1-2 panel 5
------     当前进度:  62 % - 矩形 1
------     当前进度:  64 % - EATCS radiator P1-2 panel 6
------     当前进度:  64 % - 矩形 1
------     当前进度:  66 % - EATCS radiator P1-2 panel 7
------     当前进度:  66 % - 矩形 1
------     当前进度:  67 % - EATCS radiator P1-2 panel 8
------     当前进度:  67 % - 矩形 1
------     当前进度:  69 % - EATCS radiator P1-3 panel 1
------     当前进度:  69 % - 矩形 1
-------    当前进度:  71 % - EATCS radiator P1-3 panel 2
-------    当前进度:  71 % - 矩形 1
-------    当前进度:  72 % - EATCS radiator P1-3 panel 3
-------    当前进度:  72 % - 矩形 1
-------    当前进度:  74 % - EATCS radiator P1-3 panel 4
-------    当前进度:  74 % - 矩形 1
-------    当前进度:  76 % - EATCS radiator P1-3 panel 5
-------    当前进度:  76 % - 矩形 1
-------    当前进度:  78 % - EATCS radiator P1-3 panel 6
-------    当前进度:  78 % - 矩形 1
-------    当前进度:  79 % - EATCS radiator P1-3 panel 7
-------    当前进度:  79 % - 矩形 1
--------   当前进度:  81 % - EATCS radiator P1-3 panel 8
--------   当前进度:  81 % - 矩形 1
--------   当前进度:  83 % - 形成联合体
--------   当前进度:  83 % - 执行布尔操作
Memory: 579/590 640/648
---------- 当前进度: 100 % - 正在更新选择
Memory: 580/590 640/648
---------- 当前进度: 100 % - 正在创建可视化网格
Memory: 587/590 643/648
---------- 当前进度: 100 % - 正在更新选择
Memory: 695/696 801/801
           当前进度:   0 % - 线段间隔 1
Memory: 704/704 802/802
           当前进度:   9 % - 形成联合体
---------- 当前进度: 100 % - 正在更新选择
           当前进度:   0 % - 线段间隔 1
Memory: 831/831 901/901
           当前进度:   9 % - 形成联合体
---------- 当前进度: 100 % - 正在更新选择
顶点单元数：192
-------    当前进度:  77 % - 正在创建边界网格
Memory: 955/958 957/962
边单元数：576
边界单元数：1056
---------- 当前进度: 100 % - 正在创建边界网格
Memory: 956/958 957/962
边界单元数：2
单元数：2
-----      当前进度:  54 % - 生成方程
Memory: 965/968 966/970
------     当前进度:  66 % - 生成方程
Memory: 965/969 967/970
---        当前进度:  39 % - 生成方程
Memory: 965/974 967/975
-----      当前进度:  54 % - 生成方程
Memory: 977/977 978/978
-------    当前进度:  72 % - 生成方程
Memory: 974/978 975/979
-----      当前进度:  54 % - 生成方程
Memory: 972/978 974/979
------     当前进度:  66 % - 生成方程
Memory: 965/980 968/981
-----      当前进度:  54 % - 生成方程
Memory: 999/999 1040/1040
------     当前进度:  66 % - 生成方程
Memory: 1040/1043 1041/1044
---        当前进度:  39 % - 生成方程
Memory: 1043/1043 1044/1044
-----      当前进度:  54 % - 生成方程
Memory: 1038/1043 1039/1044
-------    当前进度:  72 % - 生成方程
---        当前进度:  39 % - 生成方程
Memory: 1040/1043 1041/1044
-----      当前进度:  54 % - 生成方程
Memory: 1040/1044 1042/1045
-------    当前进度:  72 % - 生成方程
-----      当前进度:  54 % - 生成方程
Memory: 1036/1046 1039/1047
------     当前进度:  66 % - 生成方程
Memory: 1038/1046 1040/1047
-----      当前进度:  54 % - 生成方程
Memory: 1039/1046 1040/1047
------     当前进度:  66 % - 生成方程
Memory: 1034/1046 1036/1047
---        当前进度:  39 % - 生成方程
Memory: 1041/1046 1043/1047
-----      当前进度:  54 % - 生成方程
Memory: 1042/1046 1044/1047
---        当前进度:  39 % - 生成方程
Memory: 1045/1046 1047/1048
-----      当前进度:  54 % - 生成方程
Memory: 1104/1107 1106/1108
-------    当前进度:  72 % - 生成方程
<---- O: orbital transient, 2.0 orbits/解 4 (sol4) 中的“编译方程: 轨道热载荷” --------------
开始于 2026年9月30日 上午5:43:16。
几何形函数: 二次拉格朗日单元
几何形函数: 二次拉格朗日单元
在 AMD64 Family 25 Model 117 Stepping 2, AuthenticAMD 上运行。
在以下位置使用 1 个插槽： MarkLiu 上（共 1 个内核）。
可用内存：32.38 GB。
           当前进度:   0 % - 生成方程
Memory: 1106/1109 1107/1110
           当前进度:   1 % - 编译方程: 轨道热载荷
Memory: 1203/1203 1205/1205
           当前进度:   1 % - 正在创建可视化网格
Memory: 1208/1210 1209/1211
时间：6。
物理内存: 1.24 GB
虚拟内存: 1.24 GB
结束时间：2026年9月30日 上午5:43:22。
----- O: orbital transient, 2.0 orbits/解 4 (sol4) 中的“编译方程: 轨道热载荷” ------------->
<---- O: orbital transient, 2.0 orbits/解 4 (sol4) 中的“因变量 1” --------------------
开始于 2026年9月30日 上午5:43:22。
           当前进度:   1 % - 因变量 1
Memory: 1240/1242 1240/1242
求解时间：1 s。
物理内存: 1.24 GB
虚拟内存: 1.24 GB
结束时间：2026年9月30日 上午5:43:23。
----- O: orbital transient, 2.0 orbits/解 4 (sol4) 中的“因变量 1” ------------------->
<---- O: orbital transient, 2.0 orbits/解 4 (sol4) 中的“瞬态求解器 1” ------------------
开始于 2026年9月30日 上午5:43:23。
瞬态求解器 (BDF)
求解的自由度数：10（加上 4224 个内部自由度）。
           当前进度:   2 % - 组装稀疏模式
Memory: 1254/1254 1251/1251
找到对称矩阵。
           当前进度:   2 % - 组装矩阵
Memory: 1262/1262 1258/1258
缩放因变量：
形函数 (comp1.otl.ds_hrs.storeGextd_band): 1
形函数 (comp1.otl.ds_hrs.storeGextu_band): 1
指示器状态的比例：
comp1.otl.inEclipse_event: 4e+05
comp1.otl.outEclipse_event: 4e+05
Step        Time    Stepsize      Res  Jac  Sol Order Tfail NLfail   LinErr   LinRes
   0           0           - out    2    3    2                  0        0        0
指示器状态的比例：
comp1.otl.inEclipse_event: 4e+05
comp1.otl.outEclipse_event: 4e+05
           当前进度:   2 % - 约束处理
Memory: 1275/1275 1270/1270
           当前进度:   2 % - 求解线性方程组
Memory: 1278/1283 1276/1277
           当前进度:   2 % - 组装矩阵
Memory: 1280/1283 1277/1277
           当前进度:   2 % - 
Memory: 1283/1283 1280/1280
   1          60          60 out    3    4    3     1     0      0        0        0
           当前进度:   3 % - 组装矩阵
Memory: 1285/1285 1283/1283
           当前进度:   3 % - 
Memory: 1289/1289 1286/1286
   2         120          60 out    4    5    4     1     0      0        0        0
   3         180          60 out    5    6    5     2     0      0        0        0
   4         240          60 out    6    7    6     2     0      0        0        0
   5         300          60 out    7    8    7     2     0      0        0        0
           当前进度:   4 % - 
Memory: 1290/1290 1286/1286
   6         360          60 out    8    9    8     2     0      0        0        0
   7         420          60 out    9   10    9     2     0      0        0        0
   8         480          60 out   10   11   10     2     0      0        0        0
   9         540          60 out   11   12   11     2     0      0        0        0
           当前进度:   5 % - 
  10         600          60 out   12   13   12     2     0      0        0        0
  11         660          60 out   13   14   13     2     0      0        0        0
  12         720          60 out   14   15   14     2     0      0        0        0
  13         780          60 out   15   16   15     2     0      0        0        0
           当前进度:   6 % - 
  14         840          60 out   16   17   16     2     0      0        0        0
  15         900          60 out   17   18   17     2     0      0        0        0
  16         960          60 out   18   19   18     2     0      0        0        0
  17        1020          60 out   19   20   19     2     0      0        0        0
           当前进度:   7 % - 
Memory: 1291/1291 1287/1287
  18        1080          60 out   20   21   20     2     0      0        0        0
           当前进度:   7 % - 组装矩阵
           当前进度:   7 % - 
  19        1140          60 out   21   22   21     2     0      0        0        0
  20        1200          60 out   22   23   22     2     0      0        0        0
  21        1260          60 out   23   24   23     2     0      0        0        0
           当前进度:   8 % - 
  22        1320          60 out   24   25   24     2     0      0        0        0
  23        1380          60 out   25   26   25     2     0      0        0        0
  24        1440          60 out   26   27   26     2     0      0        0        0
           当前进度:   9 % - 
  25        1500          60 out   27   28   27     2     0      0        0        0
  26        1560          60 out   28   29   28     2     0      0        0        0
  27        1620          60 out   29   30   29     2     0      0        0        0
  28        1680          60 out   30   31   30     2     0      0        0        0
-          当前进度:  10 % - 组装矩阵
-          当前进度:  10 % - 
  29        1740          60 out   31   32   31     2     0      0        0        0
  30        1800          60 out   32   33   32     2     0      0        0        0
  31        1860          60 out   33   34   33     2     0      0        0        0
  32        1920          60 out   34   35   34     2     0      0        0        0
-          当前进度:  11 % - 
Memory: 1292/1292 1287/1287
  33        1980          60 out   35   36   35     2     0      0        0        0
  34        2040          60 out   36   37   36     2     0      0        0        0
  35        2100          60 out   37   38   37     2     0      0        0        0
  36        2160          60 out   38   39   38     2     0      0        0        0
-          当前进度:  12 % - 
  37        2220          60 out   39   40   39     2     0      0        0        0
  38        2280          60 out   40   41   40     2     0      0        0        0
  39        2340          60 out   41   42   41     2     0      0        0        0
  40        2400          60 out   42   43   42     2     0      0        0        0
-          当前进度:  13 % - 
  41        2460          60 out   43   44   43     2     0      0        0        0
  42        2520          60 out   44   45   44     2     0      0        0        0
  43        2580          60 out   45   46   45     2     0      0        0        0
  44        2640          60 out   46   47   46     2     0      0        0        0
-          当前进度:  14 % - 
Memory: 1292/1292 1288/1288
  45        2700          60 out   47   48   47     2     0      0        0        0
  46        2760          60 out   48   49   48     2     0      0        0        0
  47        2820          60 out   49   50   49     2     0      0        0        0
  48        2880          60 out   50   51   50     2     0      0        0        0
-          当前进度:  15 % - 
  49        2940          60 out   51   52   51     2     0      0        0        0
  50        3000          60 out   52   53   52     2     0      0        0        0
  51        3060          60 out   53   54   53     2     0      0        0        0
-          当前进度:  16 % - 
Memory: 1295/1295 1290/1290
  52        3120          60 out   54   55   54     2     0      0        0        0
  53        3180          60 out   55   56   55     2     0      0        0        0
  54        3240          60 out   56   57   56     2     0      0        0        0
  55        3300          60 out   57   58   57     2     0      0        0        0
-          当前进度:  17 % - 
Memory: 1296/1296 1290/1290
  56        3360          60 out   58   59   58     2     0      0        0        0
  57        3420          60 out   59   60   59     2     0      0        0        0
  58        3480          60 out   60   61   60     2     0      0        0        0
  59        3540          60 out   61   62   61     2     0      0        0        0
-          当前进度:  18 % - 
  60        3600          60 out   62   63   62     2     0      0        0        0
  61        3660          60 out   63   64   63     2     0      0        0        0
  62        3720          60 out   64   65   64     2     0      0        0        0
-          当前进度:  18 % - 组装矩阵
-          当前进度:  18 % - 
  63        3780          60 out   65   66   65     2     0      0        0        0
-          当前进度:  19 % - 
Memory: 1296/1296 1299/1299
  64        3840          60 out   66   67   66     2     0      0        0        0
  65        3900          60 out   67   68   67     2     0      0        0        0
  66        3960          60 out   68   69   68     2     0      0        0        0
  67        4020          60 out   69   70   69     2     0      0        0        0
--         当前进度:  20 % - 
  68        4080          60 out   70   71   70     2     0      0        0        0
  69        4140          60 out   71   72   71     2     0      0        0        0
  70        4200          60 out   72   73   72     2     0      0        0        0
  71        4260          60 out   73   74   73     2     0      0        0        0
--         当前进度:  21 % - 
  72        4320          60 out   74   75   74     2     0      0        0        0
  73        4380          60 out   75   76   75     2     0      0        0        0
  74        4440          60 out   76   77   76     2     0      0        0        0
--         当前进度:  21 % - 组装矩阵
Memory: 1297/1297 1299/1299
--         当前进度:  21 % - 
  75        4500          60 out   77   78   77     2     0      0        0        0
--         当前进度:  22 % - 
  76        4560          60 out   78   79   78     2     0      0        0        0
  77        4620          60 out   79   80   79     2     0      0        0        0
  78        4680          60 out   80   81   80     2     0      0        0        0
--         当前进度:  23 % - 
  79        4740          60 out   81   82   81     2     0      0        0        0
  80        4800          60 out   82   83   82     2     0      0        0        0
  81        4860          60 out   83   84   83     2     0      0        0        0
  82        4920          60 out   84   85   84     2     0      0        0        0
--         当前进度:  24 % - 
  83        4980          60 out   85   86   85     2     0      0        0        0
  84        5040          60 out   86   87   86     2     0      0        0        0
  85        5100          60 out   87   88   87     2     0      0        0        0
  86        5160          60 out   88   89   88     2     0      0        0        0
--         当前进度:  25 % - 
  87        5220          60 out   89   90   89     2     0      0        0        0
  88        5280          60 out   90   91   90     2     0      0        0        0
  89        5340          60 out   91   92   91     2     0      0        0        0
--         当前进度:  25 % - 组装矩阵
--         当前进度:  25 % - 
  90        5400          60 out   92   93   92     2     0      0        0        0
--         当前进度:  26 % - 
  91        5460          60 out   93   94   93     2     0      0        0        0
  92        5520          60 out   94   95   94     2     0      0        0        0
  93        5580          60 out   95   96   95     2     0      0        0        0
  94        5640          60 out   96   97   96     2     0      0        0        0
--         当前进度:  27 % - 
  95        5700          60 out   97   98   97     2     0      0        0        0
  96        5760          60 out   98   99   98     2     0      0        0        0
  97        5820          60 out   99  100   99     2     0      0        0        0
  98        5880          60 out  100  101  100     2     0      0        0        0
--         当前进度:  28 % - 
  99        5940          60 out  101  102  101     2     0      0        0        0
 100        6000          60 out  102  103  102     2     0      0        0        0
 101        6060          60 out  103  104  103     2     0      0        0        0
 102        6120          60 out  104  105  104     2     0      0        0        0
--         当前进度:  29 % - 
 103        6180          60 out  105  106  105     2     0      0        0        0
 104        6240          60 out  106  107  106     2     0      0        0        0
 105        6300          60 out  107  108  107     2     0      0        0        0
--         当前进度:  29 % - 组装矩阵
--         当前进度:  29 % - 
 106        6360          60 out  108  109  108     2     0      0        0        0
---        当前进度:  30 % - 
 107        6420          60 out  109  110  109     2     0      0        0        0
 108        6480          60 out  110  111  110     2     0      0        0        0
 109        6540          60 out  111  112  111     2     0      0        0        0
---        当前进度:  31 % - 
Memory: 1298/1298 1299/1299
 110        6600          60 out  112  113  112     2     0      0        0        0
 111        6660          60 out  113  114  113     2     0      0        0        0
 112        6720          60 out  114  115  114     2     0      0        0        0
 113        6780          60 out  115  116  115     2     0      0        0        0
---        当前进度:  32 % - 组装矩阵
---        当前进度:  32 % - 
 114        6840          60 out  116  117  116     2     0      0        0        0
 115        6900          60 out  117  118  117     2     0      0        0        0
 116        6960          60 out  118  119  118     2     0      0        0        0
 117        7020          60 out  119  120  119     2     0      0        0        0
---        当前进度:  33 % - 
 118        7080          60 out  120  121  120     2     0      0        0        0
 119        7140          60 out  121  122  121     2     0      0        0        0
 120        7200          60 out  122  123  122     2     0      0        0        0
---        当前进度:  33 % - 组装矩阵
---        当前进度:  33 % - 
 121        7260          60 out  123  124  123     2     0      0        0        0
---        当前进度:  34 % - 
 122        7320          60 out  124  125  124     2     0      0        0        0
 123        7380          60 out  125  126  125     2     0      0        0        0
 124        7440          60 out  126  127  126     2     0      0        0        0
 125        7500          60 out  127  128  127     2     0      0        0        0
---        当前进度:  35 % - 
Memory: 1270/1298 1275/1299
 126        7560          60 out  128  129  128     2     0      0        0        0
 127        7620          60 out  129  130  129     2     0      0        0        0
 128        7680          60 out  130  131  130     2     0      0        0        0
 129        7740          60 out  131  132  131     2     0      0        0        0
---        当前进度:  36 % - 
 130        7800          60 out  132  133  132     2     0      0        0        0
 131        7860          60 out  133  134  133     2     0      0        0        0
 132        7920          60 out  134  135  134     2     0      0        0        0
 133        7980          60 out  135  136  135     2     0      0        0        0
---        当前进度:  37 % - 
Memory: 1271/1298 1275/1299
 134        8040          60 out  136  137  136     2     0      0        0        0
 135        8100          60 out  137  138  137     2     0      0        0        0
 136        8160          60 out  138  139  138     2     0      0        0        0
---        当前进度:  38 % - 
 137        8220          60 out  139  140  139     2     0      0        0        0
 138        8280          60 out  140  141  140     2     0      0        0        0
 139        8340          60 out  141  142  141     2     0      0        0        0
 140        8400          60 out  142  143  142     2     0      0        0        0
---        当前进度:  39 % - 
 141        8460          60 out  143  144  143     2     0      0        0        0
 142        8520          60 out  144  145  144     2     0      0        0        0
 143        8580          60 out  145  146  145     2     0      0        0        0
 144        8640          60 out  146  147  146     2     0      0        0        0
----       当前进度:  40 % - 组装矩阵
----       当前进度:  40 % - 
 145        8700          60 out  147  148  147     2     0      0        0        0
 146        8760          60 out  148  149  148     2     0      0        0        0
 147        8820          60 out  149  150  149     2     0      0        0        0
 148        8880          60 out  150  151  150     2     0      0        0        0
----       当前进度:  41 % - 
 149        8940          60 out  151  152  151     2     0      0        0        0
 150        9000          60 out  152  153  152     2     0      0        0        0
 151        9060          60 out  153  154  153     2     0      0        0        0
 152        9120          60 out  154  155  154     2     0      0        0        0
----       当前进度:  42 % - 
 153        9180          60 out  155  156  155     2     0      0        0        0
 154        9240          60 out  156  157  156     2     0      0        0        0
 155        9300          60 out  157  158  157     2     0      0        0        0
 156        9360          60 out  158  159  158     2     0      0        0        0
----       当前进度:  43 % - 
Memory: 1272/1298 1276/1299
 157        9420          60 out  159  160  159     2     0      0        0        0
 158        9480          60 out  160  161  160     2     0      0        0        0
 159        9540          60 out  161  162  161     2     0      0        0        0
 160        9600          60 out  162  163  162     2     0      0        0        0
----       当前进度:  44 % - 组装矩阵
Memory: 1273/1298 1276/1299
----       当前进度:  44 % - 
 161        9660          60 out  163  164  163     2     0      0        0        0
 162        9720          60 out  164  165  164     2     0      0        0        0
 163        9780          60 out  165  166  165     2     0      0        0        0
----       当前进度:  45 % - 组装矩阵
----       当前进度:  45 % - 
 164        9840          60 out  166  167  166     2     0      0        0        0
 165        9900          60 out  167  168  167     2     0      0        0        0
 166        9960          60 out  168  169  168     2     0      0        0        0
 167       10020          60 out  169  170  169     2     0      0        0        0
----       当前进度:  46 % - 
 168       10080          60 out  170  171  170     2     0      0        0        0
 169       10140          60 out  171  172  171     2     0      0        0        0
----       当前进度:  46 % - 组装矩阵
Memory: 1278/1298 1281/1299
----       当前进度:  46 % - 
 170       10200          60 out  172  173  172     2     0      0        0        0
 171       10260          60 out  173  174  173     2     0      0        0        0
----       当前进度:  47 % - 
 172       10320          60 out  174  175  174     2     0      0        0        0
 173       10380          60 out  175  176  175     2     0      0        0        0
 174       10440          60 out  176  177  176     2     0      0        0        0
 175       10500          60 out  177  178  177     2     0      0        0        0
----       当前进度:  48 % - 
 176       10560          60 out  178  179  178     2     0      0        0        0
 177       10620          60 out  179  180  179     2     0      0        0        0
 178       10680          60 out  180  181  180     2     0      0        0        0
 179       10740          60 out  181  182  181     2     0      0        0        0
----       当前进度:  49 % - 
 180       10800          60 out  182  183  182     2     0      0        0        0
 181       10860          60 out  183  184  183     2     0      0        0        0
 182       10920          60 out  184  185  184     2     0      0        0        0
 183       10980          60 out  185  186  185     2     0      0        0        0
-----      当前进度:  50 % - 
 184       11040          60 out  186  187  186     2     0      0        0        0
 185       11100          60 out  187  188  187     2     0      0        0        0
时间步进已完成。
求解时间：2029 s。 （33 分钟，49 秒）
物理内存: 1.3 GB
虚拟内存: 1.3 GB
结束时间：2026年9月30日 上午6:17:12。
----- O: orbital transient, 2.0 orbits/解 4 (sol4) 中的“瞬态求解器 1” ----------------->
<---- O: orbital transient, 2.0 orbits/解 4 (sol4) 中的“编译方程: 轨道温度” ---------------
开始于 2026年9月30日 上午6:17:12。
几何形函数: 二次拉格朗日单元
几何形函数: 二次拉格朗日单元
-----      当前进度:  50 % - 生成方程
Memory: 1161/1298 1159/1299
-----      当前进度:  51 % - 编译方程: 轨道温度
Memory: 1202/1298 1201/1299
-----      当前进度:  51 % - 正在创建可视化网格
Memory: 1205/1298 1203/1299
时间：4。
物理内存: 1.24 GB
虚拟内存: 1.23 GB
结束时间：2026年9月30日 上午6:17:16。
----- O: orbital transient, 2.0 orbits/解 4 (sol4) 中的“编译方程: 轨道温度” -------------->
<---- O: orbital transient, 2.0 orbits/解 4 (sol4) 中的“因变量 2” --------------------
开始于 2026年9月30日 上午6:17:16。
待求解变量的初始值: 解 4 (sol4), 解存储 2 (sol5), t=11100 s [自动（单一解）].
不求解变量的值: 解 4 (sol4), 解存储 2 (sol5), t=11100 s [自动（单一解）].
-----      当前进度:  51 % - 因变量 2
Memory: 1238/1298 1236/1299
求解时间：0 s。
物理内存: 1.24 GB
虚拟内存: 1.24 GB
结束时间：2026年9月30日 上午6:17:16。
----- O: orbital transient, 2.0 orbits/解 4 (sol4) 中的“因变量 2” ------------------->
<---- O: orbital transient, 2.0 orbits/解 4 (sol4) 中的“瞬态求解器 2” ------------------
开始于 2026年9月30日 上午6:17:16。
瞬态求解器 (BDF)
-----      当前进度:  52 % - 瞬态求解器 2
Memory: 1242/1298 1240/1299
求解的自由度数：6246。
-----      当前进度:  52 % - 组装稀疏模式
-----      当前进度:  52 % - 组装矩阵
Memory: 1244/1298 1240/1299
找到非对称矩阵。
缩放因变量：
温度 (comp1.T2): 3e+02
NH3 panel outlet temperatures (K) (comp1.ODE1): 3e+02
已使用正交零空间函数。
-----      当前进度:  52 % - 约束处理
Memory: 1245/1298 1242/1299
找到对称矩阵。
缩放因变量：
表面辐射度，下侧 (comp1.otl.ds_hrs.Jd_band): 1.2e+02
表面辐射度，上侧 (comp1.otl.ds_hrs.Ju_band): 1.2e+02
已使用正交零空间函数。
-----      当前进度:  52 % - 组装矩阵
Memory: 1244/1298 1240/1299
找到对称矩阵。
指示器状态的比例：
comp1.otl.inEclipse_event: 4e+05
comp1.otl.outEclipse_event: 4e+05
Step        Time    Stepsize      Res  Jac  Sol Order Tfail NLfail   LinErr   LinRes
-----      当前进度:  52 % - 约束处理
-----      当前进度:  52 % - 组装矩阵
Memory: 1250/1298 1244/1299
-----      当前进度:  52 % - 约束处理
Memory: 1267/1298 1260/1299
-----      当前进度:  52 % - 组装稀疏模式
-----      当前进度:  52 % - 组装矩阵
-----      当前进度:  52 % - 矩阵分解
Memory: 1270/1298 1262/1299
-----      当前进度:  52 % - 组装矩阵
Memory: 1271/1298 1270/1299
   0           0           - out   18    6   18                  0
                   Group #1:        9    3    9                     4.1e-16  1.8e-16
                   Group #2:        9    3    9                     3.4e-16  1.4e-16
指示器状态的比例：
comp1.otl.inEclipse_event: 4e+05
comp1.otl.outEclipse_event: 4e+05
-----      当前进度:  52 % - 求解线性方程组
Memory: 1317/1338 1314/1335
   1          60          60 out   26    8   26     1     0      0
                   Group #1:       13    4   13                     1.4e-15  1.4e-16
                   Group #2:       13    4   13                     3.4e-16  1.4e-16
-----      当前进度:  52 % - 组装矩阵
-----      当前进度:  52 % - 组装稀疏模式
-----      当前进度:  52 % - 组装矩阵
Memory: 1321/1338 1318/1335
   2         120          60 out   34   10   34     1     0      0
                   Group #1:       17    5   17                     1.3e-15  1.6e-16
                   Group #2:       17    5   17                     3.5e-16  1.4e-16
-----      当前进度:  53 % - 组装矩阵
Memory: 1335/1338 1332/1335
-----      当前进度:  53 % - 组装稀疏模式
Memory: 1336/1338 1333/1335
-----      当前进度:  53 % - 组装矩阵
   3         180          60 out   42   12   42     2     0      0
                   Group #1:       21    6   21                     4.1e-16  2.8e-16
                   Group #2:       21    6   21                     3.2e-16  1.3e-16
   4         240          60 out   48   14   48     2     0      0
                   Group #1:       24    7   24                     6.8e-16  1.6e-16
                   Group #2:       24    7   24                     3.2e-16  1.4e-16
-----      当前进度:  53 % - 组装稀疏模式
Memory: 1344/1344 1341/1344
-----      当前进度:  53 % - 组装矩阵
   5         300          60 out   54   16   54     2     0      0
                   Group #1:       27    8   27                     4.6e-16  2.4e-16
                   Group #2:       27    8   27                     3.3e-16  1.5e-16
-----      当前进度:  53 % - 组装稀疏模式
Memory: 1348/1348 1345/1347
-----      当前进度:  53 % - 组装矩阵
   6         360          60 out   60   18   60     2     0      0
                   Group #1:       30    9   30                     3.9e-16  2.3e-16
                   Group #2:       30    9   30                     3.3e-16  1.4e-16
-----      当前进度:  54 % - 组装矩阵
Memory: 1351/1351 1348/1351
   7         420          60 out   66   20   66     2     0      0
                   Group #1:       33   10   33                     3.8e-16  2.9e-16
                   Group #2:       33   10   33                     3.3e-16  1.4e-16
-----      当前进度:  54 % - 求解线性方程组
Memory: 1358/1358 1355/1358
-----      当前进度:  54 % - 组装矩阵
   8         480          60 out   72   22   72     2     0      0
                   Group #1:       36   11   36                     3.6e-16  2.6e-16
                   Group #2:       36   11   36                     3.1e-16  1.5e-16
   9         540          60 out   78   24   78     2     0      0
                   Group #1:       39   12   39                       4e-16    3e-16
                   Group #2:       39   12   39                     2.9e-16  1.4e-16
  10         600          60 out   84   26   84     2     0      0
                   Group #1:       42   13   42                     3.6e-16  2.7e-16
                   Group #2:       42   13   42                     2.3e-16  1.6e-16
-----      当前进度:  55 % - 组装矩阵
Memory: 1365/1365 1362/1365
  11         660          60 out   90   28   90     2     0      0
                   Group #1:       45   14   45                     3.8e-16  2.8e-16
                   Group #2:       45   14   45                       3e-16  1.9e-16
  12         720          60 out   96   30   96     2     0      0
                   Group #1:       48   15   48                     3.7e-16  2.5e-16
                   Group #2:       48   15   48                       3e-16  2.1e-16
  13         780          60 out  102   32  102     2     0      0
                   Group #1:       51   16   51                     3.5e-16  2.5e-16
                   Group #2:       51   16   51                     2.5e-16  1.5e-16
  14         840          60 out  110   34  110     2     0      0
                   Group #1:       55   17   55                     3.9e-16    3e-16
                   Group #2:       55   17   55                     3.5e-16  1.4e-16
-----      当前进度:  56 % - 组装矩阵
Memory: 1381/1381 1378/1381
-----      当前进度:  56 % - 组装稀疏模式
Memory: 1382/1382 1379/1381
-----      当前进度:  56 % - 组装矩阵
  15         900          60 out  118   36  118     2     0      0
                   Group #1:       59   18   59                     4.2e-16  2.2e-16
                   Group #2:       59   18   59                     3.4e-16  1.4e-16
  16         960          60 out  126   38  126     2     0      0
                   Group #1:       63   19   63                     3.9e-16  2.4e-16
                   Group #2:       63   19   63                     3.3e-16  1.3e-16
  17        1020          60 out  132   40  132     2     0      0
                   Group #1:       66   20   66                     4.1e-16  2.7e-16
                   Group #2:       66   20   66                     2.6e-16  1.3e-16
-----      当前进度:  57 % - 组装矩阵
Memory: 1394/1394 1391/1394
  18        1080          60 out  140   42  140     2     0      0
                   Group #1:       70   21   70                     4.2e-16    2e-16
                   Group #2:       70   21   70                     3.2e-16  1.4e-16
  19        1140          60 out  148   44  148     2     0      0
                   Group #1:       74   22   74                     3.9e-16  2.3e-16
                   Group #2:       74   22   74                     3.5e-16  1.4e-16
  20        1200          60 out  156   46  156     2     0      0
                   Group #1:       78   23   78                     3.9e-16  2.4e-16
                   Group #2:       78   23   78                     3.3e-16  1.4e-16
  21        1260          60 out  162   48  162     2     0      0
                   Group #1:       81   24   81                     3.6e-16  2.5e-16
                   Group #2:       81   24   81                     3.3e-16  1.6e-16
-----      当前进度:  58 % - 组装矩阵
Memory: 1414/1414 1410/1413
  22        1320          60 out  168   50  168     2     0      0
                   Group #1:       84   25   84                     3.4e-16  1.9e-16
                   Group #2:       84   25   84                     2.4e-16  2.1e-16
  23        1380          60 out  174   52  174     2     0      0
                   Group #1:       87   26   87                     3.6e-16  1.8e-16
                   Group #2:       87   26   87                     2.9e-16  1.8e-16
-----      当前进度:  58 % - 组装稀疏模式
Memory: 1422/1422 1419/1421
-----      当前进度:  58 % - 组装矩阵
  24        1440          60 out  180   54  180     2     0      0
                   Group #1:       90   27   90                     3.8e-16  2.4e-16
                   Group #2:       90   27   90                     2.6e-16  1.4e-16
  25        1500          60 out  186   56  186     2     0      0
                   Group #1:       93   28   93                     3.8e-16  2.2e-16
                   Group #2:       93   28   93                     2.3e-16  1.5e-16
-----      当前进度:  59 % - 组装矩阵
Memory: 1429/1429 1426/1429
  26        1560          60 out  192   58  192     2     0      0
                   Group #1:       96   29   96                     3.3e-16  2.2e-16
                   Group #2:       96   29   96                     2.2e-16    2e-16
  27        1620          60 out  198   60  198     2     0      0
                   Group #1:       99   30   99                     3.7e-16  2.3e-16
                   Group #2:       99   30   99                     2.7e-16  2.1e-16
-----      当前进度:  59 % - 组装稀疏模式
Memory: 1438/1438 1434/1436
-----      当前进度:  59 % - 组装矩阵
  28        1680          60 out  204   62  204     2     0      0
                   Group #1:      102   31  102                     3.1e-16  2.1e-16
                   Group #2:      102   31  102                     2.8e-16  1.4e-16
-----      当前进度:  59 % - 矩阵分解
Memory: 1442/1442 1438/1440
-----      当前进度:  59 % - 组装矩阵
Memory: 1442/1442 1438/1441
  29        1740          60 out  210   64  210     2     0      0
                   Group #1:      105   32  105                     3.2e-16  2.2e-16
                   Group #2:      105   32  105                     2.5e-16  2.3e-16
------     当前进度:  60 % - 组装矩阵
Memory: 1445/1445 1441/1444
------     当前进度:  60 % - 组装稀疏模式
Memory: 1446/1446 1442/1444
------     当前进度:  60 % - 组装矩阵
  30        1800          60 out  216   66  216     2     0      0
                   Group #1:      108   33  108                     3.2e-16    2e-16
                   Group #2:      108   33  108                     2.3e-16    2e-16
  31        1860          60 out  222   68  222     2     0      0
                   Group #1:      111   34  111                     3.7e-16  1.9e-16
                   Group #2:      111   34  111                     2.4e-16  1.6e-16
------     当前进度:  60 % - 组装稀疏模式
Memory: 1453/1453 1450/1452
------     当前进度:  60 % - 组装矩阵
  32        1920          60 out  228   70  228     2     0      0
                   Group #1:      114   35  114                     3.8e-16  2.4e-16
                   Group #2:      114   35  114                     2.5e-16  1.4e-16
  33        1980          60 out  234   72  234     2     0      0
                   Group #1:      117   36  117                     3.8e-16    2e-16
                   Group #2:      117   36  117                     2.6e-16  1.9e-16
------     当前进度:  61 % - 组装矩阵
Memory: 1461/1461 1457/1460
  34        2040          60 out  240   74  240     2     0      0
                   Group #1:      120   37  120                     3.1e-16  2.2e-16
                   Group #2:      120   37  120                     2.4e-16    2e-16
  35        2100          60 out  246   76  246     2     0      0
                   Group #1:      123   38  123                     3.5e-16    2e-16
                   Group #2:      123   38  123                     2.7e-16    2e-16
------     当前进度:  61 % - 矩阵分解
Memory: 1469/1469 1465/1467
------     当前进度:  61 % - 组装矩阵
Memory: 1470/1470 1466/1468
  36        2160          60 out  252   78  252     2     0      0
                   Group #1:      126   39  126                     3.2e-16  1.9e-16
                   Group #2:      126   39  126                     2.4e-16  2.1e-16
  37        2220          60 out  258   80  258     2     0      0
                   Group #1:      129   40  129                     3.5e-16    2e-16
                   Group #2:      129   40  129                     2.5e-16  2.1e-16
------     当前进度:  62 % - 组装矩阵
Memory: 1475/1475 1471/1474
  38        2280          60 out  264   82  264     2     0      0
                   Group #1:      132   41  132                     3.4e-16  2.3e-16
                   Group #2:      132   41  132                     2.6e-16  1.9e-16
  39        2340          60 out  270   84  270     2     0      0
                   Group #1:      135   42  135                     3.8e-16  2.1e-16
                   Group #2:      135   42  135                     2.3e-16  1.9e-16
  40        2400          60 out  276   86  276     2     0      0
                   Group #1:      138   43  138                     3.3e-16  1.9e-16
                   Group #2:      138   43  138                     2.3e-16  1.7e-16
------     当前进度:  62 % - 组装稀疏模式
Memory: 1479/1479 1474/1477
------     当前进度:  62 % - 组装矩阵
  41        2460          60 out  282   88  282     2     0      0
                   Group #1:      141   44  141                     3.6e-16  1.9e-16
                   Group #2:      141   44  141                     2.9e-16  1.8e-16
------     当前进度:  63 % - 组装矩阵
Memory: 1480/1480 1475/1478
  42        2520          60 out  288   90  288     2     0      0
                   Group #1:      144   45  144                     3.8e-16  2.2e-16
                   Group #2:      144   45  144                     2.2e-16  1.5e-16
  43        2580          60 out  294   92  294     2     0      0
                   Group #1:      147   46  147                     3.2e-16  1.6e-16
                   Group #2:      147   46  147                     2.3e-16  1.7e-16
  44        2640          60 out  300   94  300     2     0      0
                   Group #1:      150   47  150                     4.2e-16  1.9e-16
                   Group #2:      150   47  150                     2.3e-16  1.4e-16
------     当前进度:  64 % - 组装矩阵
Memory: 1484/1484 1478/1481
  45        2700          60 out  304   96  304     2     0      0
                   Group #1:      152   48  152                     3.6e-16  2.5e-16
                   Group #2:      152   48  152                       3e-16  2.5e-16
  46        2760          60 out  308   98  308     2     0      0
                   Group #1:      154   49  154                     4.1e-16  2.5e-16
                   Group #2:      154   49  154                     2.9e-16  2.5e-16
  47        2820          60 out  312  100  312     2     0      0
                   Group #1:      156   50  156                     3.6e-16  2.1e-16
                   Group #2:      156   50  156                     2.1e-16  1.6e-16
  48        2880          60 out  316  102  316     2     0      0
                   Group #1:      158   51  158                     3.1e-16  2.2e-16
                   Group #2:      158   51  158                     3.1e-16    2e-16
------     当前进度:  65 % - 组装矩阵
Memory: 1487/1487 1482/1485
  49        2940          60 out  320  104  320     2     0      0
                   Group #1:      160   52  160                     3.6e-16  2.2e-16
                   Group #2:      160   52  160                     1.8e-16  1.4e-16
  50        3000          60 out  324  106  324     2     0      0
                   Group #1:      162   53  162                     2.8e-16  1.8e-16
                   Group #2:      162   53  162                     2.9e-16  2.1e-16
  51        3060          60 out  330  108  330     2     0      0
                   Group #1:      165   54  165                     3.5e-16  2.1e-16
                   Group #2:      165   54  165                     2.7e-16  1.7e-16
------     当前进度:  65 % - 组装稀疏模式
Memory: 1491/1491 1493/1493
------     当前进度:  65 % - 组装矩阵
  52        3120          60 out  336  110  336     2     0      0
                   Group #1:      168   55  168                     4.7e-16  2.4e-16
                   Group #2:      168   55  168                     2.5e-16  1.5e-16
------     当前进度:  66 % - 组装矩阵
Memory: 1491/1491 1494/1497
------     当前进度:  66 % - 组装稀疏模式
Memory: 1492/1492 1494/1497
------     当前进度:  66 % - 组装矩阵
  53        3180          60 out  342  112  342     2     0      0
                   Group #1:      171   56  171                     3.6e-16  2.1e-16
                   Group #2:      171   56  171                     1.9e-16  1.4e-16
  54        3240          60 out  348  114  348     2     0      0
                   Group #1:      174   57  174                     4.1e-16  2.2e-16
                   Group #2:      174   57  174                     2.6e-16  1.4e-16
------     当前进度:  66 % - 组装稀疏模式
Memory: 1495/1495 1497/1500
------     当前进度:  66 % - 组装矩阵
------     当前进度:  66 % - 矩阵分解
------     当前进度:  66 % - 组装矩阵
  55        3300          60 out  354  116  354     2     0      0
                   Group #1:      177   58  177                     3.4e-16    2e-16
                   Group #2:      177   58  177                     2.4e-16  1.7e-16
------     当前进度:  66 % - 组装稀疏模式
Memory: 1496/1496 1498/1501
------     当前进度:  66 % - 组装矩阵
  56        3360          60 out  360  118  360     2     0      0
                   Group #1:      180   59  180                     3.5e-16  2.1e-16
                   Group #2:      180   59  180                     2.6e-16  1.5e-16
------     当前进度:  67 % - 组装矩阵
Memory: 1497/1497 1499/1502
  57        3420          60 out  366  120  366     2     0      0
                   Group #1:      183   60  183                     3.5e-16  2.2e-16
                   Group #2:      183   60  183                     2.7e-16    2e-16
  58        3480          60 out  372  122  372     2     0      0
                   Group #1:      186   61  186                     3.4e-16  2.2e-16
                   Group #2:      186   61  186                     2.7e-16  2.1e-16
  59        3540          60 out  378  124  378     2     0      0
                   Group #1:      189   62  189                       4e-16  2.2e-16
                   Group #2:      189   62  189                     2.8e-16  2.4e-16
  60        3600          60 out  384  126  384     2     0      0
                   Group #1:      192   63  192                     3.5e-16  2.1e-16
                   Group #2:      192   63  192                     2.9e-16  1.8e-16
------     当前进度:  68 % - 组装矩阵
Memory: 1503/1503 1504/1507
  61        3660          60 out  390  128  390     2     0      0
                   Group #1:      195   64  195                     4.3e-16  2.4e-16
                   Group #2:      195   64  195                     2.5e-16  1.5e-16
------     当前进度:  68 % - 求解线性方程组
Memory: 1506/1506 1507/1510
------     当前进度:  68 % - 组装矩阵
  62        3720          60 out  396  130  396     2     0      0
                   Group #1:      198   65  198                       3e-16  1.8e-16
                   Group #2:      198   65  198                     2.3e-16  1.5e-16
  63        3780          60 out  402  132  402     2     0      0
                   Group #1:      201   66  201                       4e-16  2.1e-16
                   Group #2:      201   66  201                     2.7e-16  1.4e-16
  64        3840          60 out  408  134  408     2     0      0
                   Group #1:      204   67  204                       4e-16    2e-16
                   Group #2:      204   67  204                     2.6e-16  1.5e-16
------     当前进度:  69 % - 组装矩阵
Memory: 1511/1511 1512/1515
  65        3900          60 out  414  136  414     2     0      0
                   Group #1:      207   68  207                     3.2e-16  1.8e-16
                   Group #2:      207   68  207                     2.6e-16  1.9e-16
  66        3960          60 out  420  138  420     2     0      0
                   Group #1:      210   69  210                     4.1e-16  2.4e-16
                   Group #2:      210   69  210                     2.5e-16    2e-16
  67        4020          60 out  426  140  426     2     0      0
                   Group #1:      213   70  213                     3.1e-16  1.9e-16
                   Group #2:      213   70  213                     2.7e-16  1.7e-16
------     当前进度:  69 % - 约束处理
Memory: 1520/1520 1521/1524
------     当前进度:  69 % - 组装矩阵
  68        4080          60 out  432  142  432     2     0      0
                   Group #1:      216   71  216                     3.2e-16    2e-16
                   Group #2:      216   71  216                     2.9e-16  1.7e-16
-------    当前进度:  70 % - 组装矩阵
Memory: 1521/1521 1522/1524
  69        4140          60 out  438  144  438     2     0      0
                   Group #1:      219   72  219                     4.2e-16  2.2e-16
                   Group #2:      219   72  219                     2.7e-16  1.4e-16
  70        4200          60 out  444  146  444     2     0      0
                   Group #1:      222   73  222                     3.9e-16  2.6e-16
                   Group #2:      222   73  222                     2.8e-16  1.4e-16
  71        4260          60 out  450  148  450     2     0      0
                   Group #1:      225   74  225                     3.4e-16    2e-16
                   Group #2:      225   74  225                     2.3e-16  1.4e-16
  72        4320          60 out  456  150  456     2     0      0
                   Group #1:      228   75  228                     3.2e-16    2e-16
                   Group #2:      228   75  228                     2.2e-16  1.7e-16
-------    当前进度:  71 % - 组装矩阵
Memory: 1530/1530 1531/1533
  73        4380          60 out  462  152  462     2     0      0
                   Group #1:      231   76  231                     3.4e-16  2.3e-16
                   Group #2:      231   76  231                     2.7e-16  1.6e-16
  74        4440          60 out  468  154  468     2     0      0
                   Group #1:      234   77  234                     3.4e-16  2.2e-16
                   Group #2:      234   77  234                     3.1e-16  1.6e-16
  75        4500          60 out  474  156  474     2     0      0
                   Group #1:      237   78  237                     3.5e-16  2.2e-16
                   Group #2:      237   78  237                     2.8e-16  2.4e-16
-------    当前进度:  72 % - 组装矩阵
Memory: 1537/1537 1538/1540
  76        4560          60 out  480  158  480     2     0      0
                   Group #1:      240   79  240                     3.1e-16  2.2e-16
                   Group #2:      240   79  240                     2.3e-16    2e-16
  77        4620          60 out  486  160  486     2     0      0
                   Group #1:      243   80  243                     3.7e-16  2.3e-16
                   Group #2:      243   80  243                     2.8e-16  1.5e-16
  78        4680          60 out  494  162  494     2     0      0
                   Group #1:      247   81  247                     4.1e-16  2.5e-16
                   Group #2:      247   81  247                     3.6e-16  1.4e-16
  79        4740          60 out  500  164  500     2     0      0
                   Group #1:      250   82  250                     3.6e-16  2.7e-16
                   Group #2:      250   82  250                       3e-16  1.4e-16
-------    当前进度:  73 % - 组装矩阵
Memory: 1550/1550 1550/1553
  80        4800          60 out  506  166  506     2     0      0
                   Group #1:      253   83  253                     3.4e-16  2.2e-16
                   Group #2:      253   83  253                     2.3e-16  1.6e-16
  81        4860          60 out  512  168  512     2     0      0
                   Group #1:      256   84  256                     3.7e-16  2.9e-16
                   Group #2:      256   84  256                     3.1e-16  1.5e-16
  82        4920          60 out  518  170  518     2     0      0
                   Group #1:      259   85  259                     3.9e-16  2.9e-16
                   Group #2:      259   85  259                     3.1e-16  1.4e-16
  83        4980          60 out  524  172  524     2     0      0
                   Group #1:      262   86  262                       4e-16    3e-16
                   Group #2:      262   86  262                     3.1e-16  1.5e-16
-------    当前进度:  74 % - 组装矩阵
Memory: 1557/1557 1556/1559
  84        5040          60 out  530  174  530     2     0      0
                   Group #1:      265   87  265                       4e-16    3e-16
                   Group #2:      265   87  265                     3.1e-16  1.4e-16
-------    当前进度:  74 % - 组装稀疏模式
Memory: 1558/1558 1557/1560
-------    当前进度:  74 % - 组装矩阵
  85        5100          60 out  536  176  536     2     0      0
                   Group #1:      268   88  268                     4.1e-16  3.1e-16
                   Group #2:      268   88  268                     3.1e-16  1.3e-16
  86        5160          60 out  542  178  542     2     0      0
                   Group #1:      271   89  271                     3.7e-16  2.9e-16
                   Group #2:      271   89  271                     3.1e-16  1.4e-16
  87        5220          60 out  548  180  548     2     0      0
                   Group #1:      274   90  274                       4e-16    3e-16
                   Group #2:      274   90  274                     2.9e-16  1.3e-16
-------    当前进度:  75 % - 组装矩阵
Memory: 1562/1562 1561/1564
  88        5280          60 out  554  182  554     2     0      0
                   Group #1:      277   91  277                     3.9e-16    3e-16
                   Group #2:      277   91  277                     2.9e-16  1.4e-16
  89        5340          60 out  560  184  560     2     0      0
                   Group #1:      280   92  280                       4e-16  2.9e-16
                   Group #2:      280   92  280                     2.9e-16  1.4e-16
  90        5400          60 out  566  186  566     2     0      0
                   Group #1:      283   93  283                     3.7e-16  2.6e-16
                   Group #2:      283   93  283                     3.1e-16  1.6e-16
-------    当前进度:  75 % - 组装稀疏模式
Memory: 1565/1565 1564/1567
-------    当前进度:  75 % - 组装矩阵
  91        5460          60 out  572  188  572     2     0      0
                   Group #1:      286   94  286                     3.7e-16  2.9e-16
                   Group #2:      286   94  286                     3.4e-16  1.4e-16
-------    当前进度:  76 % - 组装矩阵
Memory: 1567/1567 1566/1569
-------    当前进度:  76 % - 组装稀疏模式
-------    当前进度:  76 % - 组装矩阵
-------    当前进度:  76 % - 求解线性方程组
Memory: 1568/1568 1567/1570
-------    当前进度:  76 % - 组装矩阵
  92        5520          60 out  578  190  578     2     0      0
                   Group #1:      289   95  289                     3.5e-16  2.4e-16
                   Group #2:      289   95  289                     2.7e-16  1.9e-16
  93        5580          60 out  584  192  584     2     0      0
                   Group #1:      292   96  292                     3.9e-16    3e-16
                   Group #2:      292   96  292                     3.2e-16  1.4e-16
-------    当前进度:  76 % - 组装稀疏模式
Memory: 1570/1570 1568/1571
-------    当前进度:  76 % - 组装矩阵
  94        5640          60 out  586  194  586     2     0      0
                   Group #1:      293   97  293                     3.7e-16  2.3e-16
                   Group #2:      293   97  293                     2.8e-16  1.9e-16
  95        5700          60 out  592  196  592     2     0      0
                   Group #1:      296   98  296                     3.8e-16    3e-16
                   Group #2:      296   98  296                     3.2e-16  1.3e-16
-------    当前进度:  77 % - 组装矩阵
Memory: 1572/1572 1570/1573
  96        5760          60 out  598  198  598     2     0      0
                   Group #1:      299   99  299                     3.8e-16    3e-16
                   Group #2:      299   99  299                     3.3e-16  1.3e-16
  97        5820          60 out  604  200  604     2     0      0
                   Group #1:      302  100  302                     3.8e-16  2.2e-16
                   Group #2:      302  100  302                     2.8e-16  1.8e-16
  98        5880          60 out  610  202  610     2     0      0
                   Group #1:      305  101  305                       4e-16  2.8e-16
                   Group #2:      305  101  305                     2.7e-16  1.3e-16
  99        5940          60 out  616  204  616     2     0      0
                   Group #1:      308  102  308                     4.1e-16  2.9e-16
                   Group #2:      308  102  308                     2.8e-16  1.5e-16
-------    当前进度:  78 % - 组装矩阵
Memory: 1577/1577 1575/1578
-------    当前进度:  78 % - 矩阵分解
-------    当前进度:  78 % - 组装矩阵
 100        6000          60 out  622  206  622     2     0      0
                   Group #1:      311  103  311                     3.8e-16    3e-16
                   Group #2:      311  103  311                     3.2e-16  1.4e-16
 101        6060          60 out  628  208  628     2     0      0
                   Group #1:      314  104  314                     3.9e-16  2.9e-16
                   Group #2:      314  104  314                     2.9e-16  1.4e-16
 102        6120          60 out  634  210  634     2     0      0
                   Group #1:      317  105  317                       4e-16    3e-16
                   Group #2:      317  105  317                     3.6e-16  1.5e-16
-------    当前进度:  79 % - 组装矩阵
Memory: 1581/1581 1578/1582
 103        6180          60 out  642  212  642     2     0      0
                   Group #1:      321  106  321                       4e-16  2.7e-16
                   Group #2:      321  106  321                     3.2e-16  1.3e-16
 104        6240          60 out  648  214  648     2     0      0
                   Group #1:      324  107  324                       4e-16    3e-16
                   Group #2:      324  107  324                     3.2e-16  1.4e-16
-------    当前进度:  79 % - 组装稀疏模式
Memory: 1584/1584 1581/1585
-------    当前进度:  79 % - 组装矩阵
 105        6300          60 out  654  216  654     2     0      0
                   Group #1:      327  108  327                     4.1e-16  2.8e-16
                   Group #2:      327  108  327                     2.7e-16  1.6e-16
 106        6360          60 out  660  218  660     2     0      0
                   Group #1:      330  109  330                     3.5e-16  2.5e-16
                   Group #2:      330  109  330                     2.4e-16  1.8e-16
--------   当前进度:  80 % - 组装矩阵
Memory: 1586/1586 1584/1587
 107        6420          60 out  666  220  666     2     0      0
                   Group #1:      333  110  333                     3.4e-16  2.2e-16
                   Group #2:      333  110  333                     2.2e-16    2e-16
 108        6480          60 out  672  222  672     2     0      0
                   Group #1:      336  111  336                     3.2e-16    2e-16
                   Group #2:      336  111  336                     2.3e-16  1.8e-16
 109        6540          60 out  678  224  678     2     0      0
                   Group #1:      339  112  339                     4.2e-16    3e-16
                   Group #2:      339  112  339                     3.1e-16  1.4e-16
--------   当前进度:  80 % - 组装稀疏模式
Memory: 1591/1591 1588/1591
--------   当前进度:  80 % - 组装矩阵
 110        6600          60 out  686  226  686     2     0      0
                   Group #1:      343  113  343                     3.4e-16  2.1e-16
                   Group #2:      343  113  343                     3.4e-16  1.4e-16
--------   当前进度:  81 % - 组装矩阵
Memory: 1592/1592 1589/1592
--------   当前进度:  81 % - 组装稀疏模式
Memory: 1593/1593 1590/1592
--------   当前进度:  81 % - 组装矩阵
 111        6660          60 out  692  228  692     2     0      0
                   Group #1:      346  114  346                     3.5e-16  2.6e-16
                   Group #2:      346  114  346                     2.6e-16  1.5e-16
 112        6720          60 out  698  230  698     2     0      0
                   Group #1:      349  115  349                     3.8e-16  2.3e-16
                   Group #2:      349  115  349                     2.7e-16  2.1e-16
--------   当前进度:  81 % - 组装稀疏模式
Memory: 1597/1597 1593/1596
--------   当前进度:  81 % - 组装矩阵
--------   当前进度:  81 % - 矩阵分解
Memory: 1597/1597 1594/1596
--------   当前进度:  81 % - 组装矩阵
Memory: 1597/1597 1594/1597
 113        6780          60 out  704  232  704     2     0      0
                   Group #1:      352  116  352                     3.3e-16  2.1e-16
                   Group #2:      352  116  352                     2.8e-16  1.7e-16
 114        6840          60 out  710  234  710     2     0      0
                   Group #1:      355  117  355                     3.8e-16  2.2e-16
                   Group #2:      355  117  355                     2.8e-16  1.8e-16
--------   当前进度:  82 % - 组装矩阵
Memory: 1599/1599 1596/1599
 115        6900          60 out  716  236  716     2     0      0
                   Group #1:      358  118  358                     3.5e-16  2.2e-16
                   Group #2:      358  118  358                     2.7e-16    2e-16
 116        6960          60 out  722  238  722     2     0      0
                   Group #1:      361  119  361                     3.3e-16  1.8e-16
                   Group #2:      361  119  361                     2.1e-16  1.5e-16
--------   当前进度:  82 % - 约束处理
Memory: 1602/1602 1598/1601
--------   当前进度:  82 % - 组装矩阵
 117        7020          60 out  728  240  728     2     0      0
                   Group #1:      364  120  364                     3.9e-16  2.4e-16
                   Group #2:      364  120  364                     2.9e-16  1.4e-16
--------   当前进度:  82 % - 组装稀疏模式
Memory: 1604/1604 1600/1603
--------   当前进度:  82 % - 组装矩阵
 118        7080          60 out  734  242  734     2     0      0
                   Group #1:      367  121  367                     4.4e-16  2.3e-16
                   Group #2:      367  121  367                     2.6e-16  1.3e-16
--------   当前进度:  83 % - 组装矩阵
Memory: 1605/1605 1602/1604
 119        7140          60 out  740  244  740     2     0      0
                   Group #1:      370  122  370                     3.9e-16  2.6e-16
                   Group #2:      370  122  370                     2.9e-16  1.4e-16
--------   当前进度:  83 % - 矩阵分解
Memory: 1610/1610 1615/1617
--------   当前进度:  83 % - 组装矩阵
 120        7200          60 out  746  246  746     2     0      0
                   Group #1:      373  123  373                     3.6e-16  2.3e-16
                   Group #2:      373  123  373                     3.1e-16    2e-16
 121        7260          60 out  752  248  752     2     0      0
                   Group #1:      376  124  376                     3.6e-16  2.2e-16
                   Group #2:      376  124  376                     2.9e-16  1.7e-16
 122        7320          60 out  758  250  758     2     0      0
                   Group #1:      379  125  379                     3.7e-16  2.1e-16
                   Group #2:      379  125  379                     2.5e-16    2e-16
--------   当前进度:  84 % - 组装矩阵
Memory: 1617/1617 1622/1625
 123        7380          60 out  764  252  764     2     0      0
                   Group #1:      382  126  382                     4.4e-16  2.1e-16
                   Group #2:      382  126  382                     2.7e-16  1.4e-16
 124        7440          60 out  770  254  770     2     0      0
                   Group #1:      385  127  385                     3.9e-16  2.6e-16
                   Group #2:      385  127  385                     3.1e-16  1.5e-16
 125        7500          60 out  776  256  776     2     0      0
                   Group #1:      388  128  388                     3.5e-16    2e-16
                   Group #2:      388  128  388                     2.8e-16  1.6e-16
 126        7560          60 out  782  258  782     2     0      0
                   Group #1:      391  129  391                     4.1e-16  2.1e-16
                   Group #2:      391  129  391                     2.4e-16  1.3e-16
--------   当前进度:  85 % - 组装矩阵
Memory: 1624/1624 1628/1631
 127        7620          60 out  788  260  788     2     0      0
                   Group #1:      394  130  394                     3.7e-16  2.3e-16
                   Group #2:      394  130  394                     2.7e-16  1.5e-16
 128        7680          60 out  794  262  794     2     0      0
                   Group #1:      397  131  397                     3.7e-16  2.1e-16
                   Group #2:      397  131  397                     2.8e-16  2.1e-16
--------   当前进度:  85 % - 组装稀疏模式
Memory: 1627/1627 1630/1633
--------   当前进度:  85 % - 组装矩阵
 129        7740          60 out  800  264  800     2     0      0
                   Group #1:      400  132  400                     3.2e-16    2e-16
                   Group #2:      400  132  400                     2.4e-16  2.1e-16
--------   当前进度:  86 % - 组装矩阵
Memory: 1628/1628 1631/1634
 130        7800          60 out  806  266  806     2     0      0
                   Group #1:      403  133  403                     3.4e-16  2.1e-16
                   Group #2:      403  133  403                     2.6e-16  1.9e-16
 131        7860          60 out  812  268  812     2     0      0
                   Group #1:      406  134  406                     3.3e-16  2.1e-16
                   Group #2:      406  134  406                     2.5e-16  1.9e-16
 132        7920          60 out  818  270  818     2     0      0
                   Group #1:      409  135  409                     3.2e-16  1.9e-16
                   Group #2:      409  135  409                     2.4e-16  1.7e-16
 133        7980          60 out  824  272  824     2     0      0
                   Group #1:      412  136  412                     3.8e-16  1.9e-16
                   Group #2:      412  136  412                     2.2e-16  1.4e-16
--------   当前进度:  87 % - 组装矩阵
Memory: 1633/1633 1636/1639
 134        8040          60 out  830  274  830     2     0      0
                   Group #1:      415  137  415                     4.1e-16  2.1e-16
                   Group #2:      415  137  415                     2.3e-16  1.7e-16
 135        8100          60 out  836  276  836     2     0      0
                   Group #1:      418  138  418                     3.5e-16  2.1e-16
                   Group #2:      418  138  418                     2.2e-16  1.5e-16
--------   当前进度:  87 % - 组装稀疏模式
Memory: 1636/1636 1639/1642
--------   当前进度:  87 % - 组装矩阵
 136        8160          60 out  842  278  842     2     0      0
                   Group #1:      421  139  421                     3.8e-16  2.1e-16
                   Group #2:      421  139  421                     2.1e-16  1.2e-16
 137        8220          60 out  846  280  846     2     0      0
                   Group #1:      423  140  423                     3.7e-16  2.1e-16
                   Group #2:      423  140  423                     2.5e-16  1.8e-16
--------   当前进度:  88 % - 组装矩阵
Memory: 1639/1639 1641/1644
 138        8280          60 out  850  282  850     2     0      0
                   Group #1:      425  141  425                     3.8e-16  2.4e-16
                   Group #2:      425  141  425                     2.3e-16  1.6e-16
 139        8340          60 out  854  284  854     2     0      0
                   Group #1:      427  142  427                     3.9e-16  2.9e-16
                   Group #2:      427  142  427                     2.1e-16  1.9e-16
 140        8400          60 out  858  286  858     2     0      0
                   Group #1:      429  143  429                     3.6e-16  2.4e-16
                   Group #2:      429  143  429                     2.3e-16    2e-16
 141        8460          60 out  862  288  862     2     0      0
                   Group #1:      431  144  431                       3e-16  2.1e-16
                   Group #2:      431  144  431                     2.3e-16  1.6e-16
--------   当前进度:  89 % - 组装矩阵
Memory: 1643/1643 1645/1648
 142        8520          60 out  866  290  866     2     0      0
                   Group #1:      433  145  433                     3.4e-16  2.5e-16
                   Group #2:      433  145  433                     2.9e-16  2.9e-16
 143        8580          60 out  870  292  870     2     0      0
                   Group #1:      435  146  435                     3.5e-16  2.5e-16
                   Group #2:      435  146  435                     2.1e-16  2.3e-16
 144        8640          60 out  876  294  876     2     0      0
                   Group #1:      438  147  438                     3.6e-16  1.9e-16
                   Group #2:      438  147  438                     2.3e-16  1.4e-16
--------   当前进度:  89 % - 组装稀疏模式
Memory: 1646/1646 1648/1651
--------   当前进度:  89 % - 组装矩阵
 145        8700          60 out  882  296  882     2     0      0
                   Group #1:      441  148  441                     3.6e-16  2.1e-16
                   Group #2:      441  148  441                     2.3e-16  1.5e-16
---------  当前进度:  90 % - 组装矩阵
Memory: 1647/1647 1649/1652
 146        8760          60 out  888  298  888     2     0      0
                   Group #1:      444  149  444                     3.9e-16    2e-16
                   Group #2:      444  149  444                     2.5e-16  1.7e-16
 147        8820          60 out  894  300  894     2     0      0
                   Group #1:      447  150  447                     3.9e-16  2.2e-16
                   Group #2:      447  150  447                     2.2e-16  1.5e-16
 148        8880          60 out  900  302  900     2     0      0
                   Group #1:      450  151  450                     3.5e-16    2e-16
                   Group #2:      450  151  450                     2.4e-16  1.9e-16
 149        8940          60 out  906  304  906     2     0      0
                   Group #1:      453  152  453                     2.9e-16  1.9e-16
                   Group #2:      453  152  453                     2.4e-16  2.3e-16
---------  当前进度:  91 % - 组装矩阵
Memory: 1654/1654 1656/1659
 150        9000          60 out  912  306  912     2     0      0
                   Group #1:      456  153  456                     3.7e-16  2.2e-16
                   Group #2:      456  153  456                     2.3e-16    2e-16
---------  当前进度:  91 % - 组装稀疏模式
Memory: 1657/1657 1658/1661
---------  当前进度:  91 % - 组装矩阵
 151        9060          60 out  918  308  918     2     0      0
                   Group #1:      459  154  459                     3.4e-16  1.9e-16
                   Group #2:      459  154  459                     2.4e-16  2.2e-16
 152        9120          60 out  924  310  924     2     0      0
                   Group #1:      462  155  462                     3.6e-16  2.1e-16
                   Group #2:      462  155  462                     2.6e-16  2.3e-16
 153        9180          60 out  930  312  930     2     0      0
                   Group #1:      465  156  465                     3.6e-16  2.5e-16
                   Group #2:      465  156  465                     2.4e-16  2.3e-16
---------  当前进度:  92 % - 组装矩阵
Memory: 1664/1664 1665/1668
---------  当前进度:  92 % - 组装稀疏模式
---------  当前进度:  92 % - 组装矩阵
 154        9240          60 out  936  314  936     2     0      0
                   Group #1:      468  157  468                       4e-16    2e-16
                   Group #2:      468  157  468                     2.1e-16  1.5e-16
 155        9300          60 out  942  316  942     2     0      0
                   Group #1:      471  158  471                     3.7e-16  2.2e-16
                   Group #2:      471  158  471                     2.6e-16  1.4e-16
 156        9360          60 out  948  318  948     2     0      0
                   Group #1:      474  159  474                     3.4e-16  1.9e-16
                   Group #2:      474  159  474                       2e-16  1.4e-16
 157        9420          60 out  954  320  954     2     0      0
                   Group #1:      477  160  477                     2.8e-16  1.9e-16
                   Group #2:      477  160  477                     2.1e-16  1.6e-16
---------  当前进度:  93 % - 组装矩阵
Memory: 1673/1673 1674/1677
 158        9480          60 out  960  322  960     2     0      0
                   Group #1:      480  161  480                     3.5e-16  2.2e-16
                   Group #2:      480  161  480                     2.5e-16  1.9e-16
 159        9540          60 out  966  324  966     2     0      0
                   Group #1:      483  162  483                     3.3e-16  1.9e-16
                   Group #2:      483  162  483                     2.4e-16  1.9e-16
 160        9600          60 out  972  326  972     2     0      0
                   Group #1:      486  163  486                     3.7e-16  2.4e-16
                   Group #2:      486  163  486                     3.1e-16  1.6e-16
---------  当前进度:  94 % - 组装矩阵
Memory: 1680/1680 1680/1683
 161        9660          60 out  978  328  978     2     0      0
                   Group #1:      489  164  489                     3.8e-16  2.5e-16
                   Group #2:      489  164  489                     2.4e-16  2.4e-16
 162        9720          60 out  984  330  984     2     0      0
                   Group #1:      492  165  492                     4.4e-16  2.2e-16
                   Group #2:      492  165  492                     2.4e-16  1.7e-16
---------  当前进度:  94 % - 组装稀疏模式
Memory: 1685/1685 1686/1689
---------  当前进度:  94 % - 组装矩阵
 163        9780          60 out  990  332  990     2     0      0
                   Group #1:      495  166  495                       4e-16  2.5e-16
                   Group #2:      495  166  495                     2.9e-16  1.4e-16
 164        9840          60 out  996  334  996     2     0      0
                   Group #1:      498  167  498                     3.5e-16  1.9e-16
                   Group #2:      498  167  498                     2.5e-16  1.6e-16
---------  当前进度:  95 % - 组装矩阵
Memory: 1692/1692 1693/1695
 165        9900          60 out 1002  336 1002     2     0      0
                   Group #1:      501  168  501                     3.6e-16  2.1e-16
                   Group #2:      501  168  501                     2.6e-16  1.7e-16
---------  当前进度:  95 % - 组装稀疏模式
Memory: 1696/1696 1697/1699
---------  当前进度:  95 % - 组装矩阵
 166        9960          60 out 1008  338 1008     2     0      0
                   Group #1:      504  169  504                     4.4e-16  2.5e-16
                   Group #2:      504  169  504                     2.7e-16    2e-16
 167       10020          60 out 1014  340 1014     2     0      0
                   Group #1:      507  170  507                     3.1e-16    2e-16
                   Group #2:      507  170  507                     2.9e-16  1.6e-16
---------  当前进度:  95 % - 组装稀疏模式
Memory: 1699/1699 1699/1702
---------  当前进度:  95 % - 组装矩阵
 168       10080          60 out 1020  342 1020     2     0      0
                   Group #1:      510  171  510                     3.7e-16  2.5e-16
                   Group #2:      510  171  510                     2.9e-16  1.4e-16
---------  当前进度:  96 % - 组装矩阵
Memory: 1700/1700 1700/1703
---------  当前进度:  96 % - 求解线性方程组
Memory: 1701/1701 1701/1705
---------  当前进度:  96 % - 组装矩阵
 169       10140          60 out 1028  344 1028     2     0      0
                   Group #1:      514  172  514                     3.5e-16  2.2e-16
                   Group #2:      514  172  514                     3.5e-16  1.4e-16
---------  当前进度:  96 % - 组装稀疏模式
---------  当前进度:  96 % - 组装矩阵
 170       10200          60 out 1034  346 1034     2     0      0
                   Group #1:      517  173  517                     3.5e-16  2.5e-16
                   Group #2:      517  173  517                     2.9e-16  1.4e-16
 171       10260          60 out 1040  348 1040     2     0      0
                   Group #1:      520  174  520                     3.9e-16    3e-16
                   Group #2:      520  174  520                     3.5e-16  1.5e-16
 172       10320          60 out 1048  350 1048     2     0      0
                   Group #1:      524  175  524                     3.6e-16  2.1e-16
                   Group #2:      524  175  524                     3.1e-16  1.3e-16
---------  当前进度:  97 % - 组装矩阵
Memory: 1704/1704 1705/1708
 173       10380          60 out 1054  352 1054     2     0      0
                   Group #1:      527  176  527                     3.6e-16  2.8e-16
                   Group #2:      527  176  527                     3.2e-16  1.5e-16
---------  当前进度:  97 % - 求解线性方程组
Memory: 1706/1706 1707/1710
---------  当前进度:  97 % - 组装矩阵
 174       10440          60 out 1060  354 1060     2     0      0
                   Group #1:      530  177  530                     3.8e-16  2.7e-16
                   Group #2:      530  177  530                     2.7e-16  1.6e-16
 175       10500          60 out 1066  356 1066     2     0      0
                   Group #1:      533  178  533                     3.6e-16  2.2e-16
                   Group #2:      533  178  533                     2.5e-16  2.2e-16
 176       10560          60 out 1072  358 1072     2     0      0
                   Group #1:      536  179  536                     3.6e-16  2.4e-16
                   Group #2:      536  179  536                     2.7e-16  2.1e-16
---------  当前进度:  98 % - 组装矩阵
Memory: 1709/1709 1710/1713
---------  当前进度:  98 % - 组装稀疏模式
---------  当前进度:  98 % - 组装矩阵
 177       10620          60 out 1078  360 1078     2     0      0
                   Group #1:      539  180  539                     3.8e-16  2.7e-16
                   Group #2:      539  180  539                     2.6e-16  1.7e-16
 178       10680          60 out 1084  362 1084     2     0      0
                   Group #1:      542  181  542                     3.5e-16  2.1e-16
                   Group #2:      542  181  542                     2.1e-16    2e-16
 179       10740          60 out 1090  364 1090     2     0      0
                   Group #1:      545  182  545                     3.8e-16    3e-16
                   Group #2:      545  182  545                     3.1e-16  1.4e-16
 180       10800          60 out 1096  366 1096     2     0      0
                   Group #1:      548  183  548                     3.9e-16  2.8e-16
                   Group #2:      548  183  548                       3e-16  1.7e-16
---------  当前进度:  99 % - 组装矩阵
Memory: 1714/1714 1714/1717
 181       10860          60 out 1102  368 1102     2     0      0
                   Group #1:      551  184  551                     3.7e-16  2.6e-16
                   Group #2:      551  184  551                     2.7e-16  1.5e-16
---------  当前进度:  99 % - 组装稀疏模式
Memory: 1715/1715 1715/1718
---------  当前进度:  99 % - 组装矩阵
 182       10920          60 out 1108  370 1108     2     0      0
                   Group #1:      554  185  554                     3.9e-16    3e-16
                   Group #2:      554  185  554                     3.2e-16  1.4e-16
 183       10980          60 out 1114  372 1114     2     0      0
                   Group #1:      557  186  557                     3.6e-16  2.9e-16
                   Group #2:      557  186  557                     3.4e-16  1.3e-16
 184       11040          60 out 1120  374 1120     2     0      0
                   Group #1:      560  187  560                       4e-16    3e-16
                   Group #2:      560  187  560                       3e-16  1.6e-16
---------- 当前进度: 100 % - 组装矩阵
Memory: 1718/1718 1719/1722
 185       11100          60 out 1126  376 1126     2     0      0
                   Group #1:      563  188  563                     3.9e-16  2.9e-16
                   Group #2:      563  188  563                     2.9e-16  1.6e-16
时间步进已完成。
---------- 当前进度: 100 % - 
Memory: 1720/1720 1720/1723
求解时间：1760 s。 （29 分钟，20 秒）
物理内存: 1.72 GB
虚拟内存: 1.72 GB
结束时间：2026年9月30日 上午6:46:36。
----- O: orbital transient, 2.0 orbits/解 4 (sol4) 中的“瞬态求解器 2” ----------------->
           当前进度:   0 % - 
Memory: 1749/1752 1750/1752
---------- 当前进度: 100 % - 计算
           当前进度:   0 % - 
Memory: 1750/1752 1750/1752
---------- 当前进度: 100 % - 计算
           当前进度:   0 % - 
---------- 当前进度: 100 % - 计算
           当前进度:   0 % - 
Memory: 1778/1778 1780/1780
---------- 当前进度: 100 % - 计算
           当前进度:   0 % - 
Memory: 1779/1779 1780/1780
---------- 当前进度: 100 % - 计算
           当前进度:   0 % - 
Memory: 1779/1782 1780/1783
---------- 当前进度: 100 % - 计算
           当前进度:   0 % - 
Memory: 1794/1794 1796/1796
---------- 当前进度: 100 % - 计算
Memory: 1795/1795 1796/1796
           当前进度:   0 % - 
---------- 当前进度: 100 % - 计算
           当前进度:   0 % - 
---------- 当前进度: 100 % - 计算
