*******************************************
***COMSOL 6.3.0.290 progress output file***
*******************************************
Wed Sep 30 02:53:15 SGT 2026
<---- O: orbital transient, 3.0 orbits/解 4 (sol4) 中的“编译方程: 轨道热载荷” --------------
开始于 2026年9月30日 上午2:53:29。
几何形函数: 二次拉格朗日单元
几何形函数: 二次拉格朗日单元
几何形函数: 二次拉格朗日单元
几何形函数: 二次拉格朗日单元
几何形函数: 二次拉格朗日单元
几何形函数: 二次拉格朗日单元
在 AMD64 Family 25 Model 117 Stepping 2, AuthenticAMD 上运行。
在以下位置使用 1 个插槽： MarkLiu 上（共 5 个内核）。
可用内存：32.38 GB。
           当前进度:   0 % - 生成方程
Memory: 993/997 1008/1015
           当前进度:   1 % - 编译方程: 轨道热载荷
Memory: 1184/1184 1203/1204
           当前进度:   1 % - 正在创建可视化网格
Memory: 1187/1190 1209/1211
时间：21。
物理内存: 1.29 GB
虚拟内存: 1.32 GB
结束时间：2026年9月30日 上午2:53:50。
----- O: orbital transient, 3.0 orbits/解 4 (sol4) 中的“编译方程: 轨道热载荷” ------------->
<---- O: orbital transient, 3.0 orbits/解 4 (sol4) 中的“因变量 1” --------------------
开始于 2026年9月30日 上午2:53:50。
           当前进度:   1 % - 因变量 1
Memory: 1237/1293 1260/1315
求解时间：0 s。
物理内存: 1.24 GB
虚拟内存: 1.26 GB
结束时间：2026年9月30日 上午2:53:50。
----- O: orbital transient, 3.0 orbits/解 4 (sol4) 中的“因变量 1” ------------------->
<---- O: orbital transient, 3.0 orbits/解 4 (sol4) 中的“瞬态求解器 1” ------------------
开始于 2026年9月30日 上午2:53:50。
瞬态求解器 (BDF)
求解的自由度数：60（加上 16144 个内部自由度）。
           当前进度:   2 % - 瞬态求解器 1
Memory: 1280/1293 1302/1315
找到对称矩阵。
           当前进度:   2 % - 组装矩阵
Memory: 1296/1296 1317/1317
缩放因变量：
形函数 (comp1.otl2.ds_hrs.storeGextd_band): 1
形函数 (comp1.otl2.ds_hrs.storeGextu_band): 1
形函数 (comp1.otl3.ds_pvr.storeGextd_band): 1
形函数 (comp1.otl3.ds_pvr.storeGextu_band): 1
形函数 (comp1.otl3.ds_rsa.storeGextd_band): 1
形函数 (comp1.otl3.ds_rsa.storeGextu_band): 1
形函数 (comp1.otl4.ds_saw.storeGextd_band): 1
形函数 (comp1.otl4.ds_saw.storeGextu_band): 1
形函数 (comp1.otl.ds_box.storeGextd_band): 1
形函数 (comp1.otl.ds_box.storeGextu_band): 1
形函数 (comp1.otl.ds_payload.storeGextd_band): 1
形函数 (comp1.otl.ds_payload.storeGextu_band): 1
形函数 (comp1.otl.ds_skin_rus.storeGextd_band): 1
形函数 (comp1.otl.ds_skin_rus.storeGextu_band): 1
形函数 (comp1.otl.ds_skin_usos.storeGextd_band): 1
形函数 (comp1.otl.ds_skin_usos.storeGextu_band): 1
形函数 (comp1.otl.ds_truss.storeGextd_band): 1
形函数 (comp1.otl.ds_truss.storeGextu_band): 1
指示器状态的比例：
comp1.otl2.inEclipse_event: 4e+05
comp1.otl2.outEclipse_event: 4e+05
comp1.otl3.inEclipse_event: 4e+05
comp1.otl3.outEclipse_event: 4e+05
comp1.otl4.inEclipse_event: 4e+05
comp1.otl4.outEclipse_event: 4e+05
comp1.otl.inEclipse_event: 4e+05
comp1.otl.outEclipse_event: 4e+05
Step        Time    Stepsize      Res  Jac  Sol Order Tfail NLfail   LinErr   LinRes
   0           0           - out    2    3    2                  0        0        0
指示器状态的比例：
comp1.otl2.inEclipse_event: 4e+05
comp1.otl2.outEclipse_event: 4e+05
comp1.otl3.inEclipse_event: 4e+05
comp1.otl3.outEclipse_event: 4e+05
comp1.otl4.inEclipse_event: 4e+05
comp1.otl4.outEclipse_event: 4e+05
comp1.otl.inEclipse_event: 4e+05
comp1.otl.outEclipse_event: 4e+05
           当前进度:   2 % - 约束处理
Memory: 1313/1313 1331/1331
           当前进度:   2 % - 
Memory: 1354/1354 1369/1369
   1         0.6         0.6        3    4    3     1     0      0        0        0
   2         1.2         0.6        4    5    4     1     0      0        0        0
   3         2.4         1.2        5    6    5     2     0      0        0        0
           当前进度:   3 % - 
Memory: 1392/1392 1415/1416
   4         4.8         2.4        6    7    6     1     0      0        0        0
   5         9.6         4.8        7    8    7     1     0      0        0        0
           当前进度:   3 % - 组装矩阵
Memory: 1405/1409 1427/1431
           当前进度:   3 % - 
   6        19.2         9.6        8    9    8     1     0      0        0        0
           当前进度:   4 % - 
Memory: 1409/1411 1428/1433
   7        38.4        19.2        9   10    9     1     0      0        0        0
           当前进度:   5 % - 
Memory: 1416/1416 1431/1435
   -          60           - out
   8        76.8        38.4       10   11   10     1     0      0        0        0
           当前进度:   8 % - 
Memory: 1421/1421 1435/1435
   -         120           - out
   9       136.8          60       11   12   11     1     0      0        0        0
-          当前进度:  13 % - 
Memory: 1423/1423 1437/1437
   -         180           - out
  10       196.8          60       12   13   12     1     0      0        0        0
-          当前进度:  18 % - 
Memory: 1424/1424 1435/1439
   -         240           - out
  11       256.8          60       13   14   13     1     0      0        0        0
--         当前进度:  23 % - 
Memory: 1428/1428 1454/1454
   -         300           - out
  12       316.8          60       14   15   14     1     0      0        0        0
--         当前进度:  28 % - 
Memory: 1429/1429 1452/1454
   -         360           - out
  13       376.8          60       15   16   15     1     0      0        0        0
---        当前进度:  32 % - 
Memory: 1430/1430 1452/1454
   -         420           - out
  14       436.8          60       16   17   16     1     0      0        0        0
---        当前进度:  37 % - 
Memory: 1431/1431 1452/1454
   -         480           - out
  15       496.8          60       17   18   17     1     0      0        0        0
----       当前进度:  42 % - 
Memory: 1432/1434 1454/1456
   -         540           - out
  16       548.4        51.6       18   19   18     1     0      0        0        0
----       当前进度:  46 % - 
Memory: 1434/1434 1456/1456
  17         600        51.6 out   19   20   19     1     0      0        0        0
时间步进已完成。
-----      当前进度:  50 % - 
Memory: 1435/1435 1456/1456
求解时间：50 s。
物理内存: 1.44 GB
虚拟内存: 1.48 GB
结束时间：2026年9月30日 上午2:54:41。
----- O: orbital transient, 3.0 orbits/解 4 (sol4) 中的“瞬态求解器 1” ----------------->
<---- O: orbital transient, 3.0 orbits/解 4 (sol4) 中的“编译方程: 轨道温度” ---------------
开始于 2026年9月30日 上午2:54:41。
几何形函数: 二次拉格朗日单元
几何形函数: 二次拉格朗日单元
几何形函数: 二次拉格朗日单元
几何形函数: 二次拉格朗日单元
几何形函数: 二次拉格朗日单元
几何形函数: 二次拉格朗日单元
-----      当前进度:  50 % - 生成方程
Memory: 1502/1504 1524/1526
-----      当前进度:  51 % - 编译方程: 轨道温度
Memory: 1750/1750 1776/1777
-----      当前进度:  51 % - 正在创建可视化网格
Memory: 1774/1779 1799/1804
时间：18。
物理内存: 2.06 GB
虚拟内存: 2.09 GB
结束时间：2026年9月30日 上午2:54:58。
----- O: orbital transient, 3.0 orbits/解 4 (sol4) 中的“编译方程: 轨道温度” -------------->
<---- O: orbital transient, 3.0 orbits/解 4 (sol4) 中的“因变量 2” --------------------
开始于 2026年9月30日 上午2:54:58。
待求解变量的初始值: 解 4 (sol4), 解存储 2 (sol5), t=600 s [自动（单一解）].
不求解变量的值: 解 4 (sol4), 解存储 2 (sol5), t=600 s [自动（单一解）].
-----      当前进度:  51 % - 因变量 2
Memory: 2026/2058 2064/2091
求解时间：0 s。
物理内存: 2.03 GB
虚拟内存: 2.06 GB
结束时间：2026年9月30日 上午2:54:58。
----- O: orbital transient, 3.0 orbits/解 4 (sol4) 中的“因变量 2” ------------------->
<---- O: orbital transient, 3.0 orbits/解 4 (sol4) 中的“瞬态求解器 2” ------------------
开始于 2026年9月30日 上午2:54:58。
瞬态求解器 (BDF)
-----      当前进度:  52 % - 瞬态求解器 2
Memory: 1863/2058 1894/2091
求解的自由度数：24040（加上 8908 个内部自由度）。
-----      当前进度:  52 % - 组装矩阵
Memory: 1913/2058 1946/2091
找到对称矩阵。
缩放因变量：
温度 (comp1.T): 3e+02
已使用正交零空间函数。
-----      当前进度:  52 % - 组装稀疏模式
Memory: 1926/2058 1976/2091
找到非对称矩阵。
缩放因变量：
温度 (comp1.T2): 3e+02
collected heat Qc (W) (comp1.ODE1): 2e+04
NH3 panel outlet temperatures (K) (comp1.ODE2): 3e+02
radiator flow fractions (comp1.ODE3): 1
已使用正交零空间函数。
找到对称矩阵。
缩放因变量：
表面辐射度，上侧 (comp1.otl.ds_box.Ju_band): 1.6e+02
表面辐射度，上侧 (comp1.otl.ds_payload.Ju_band): 1.6e+02
表面辐射度，下侧 (comp1.otl.ds_skin_rus.Jd_band): 1.5e-06
表面辐射度，上侧 (comp1.otl.ds_skin_rus.Ju_band): 1.3e+02
表面辐射度，下侧 (comp1.otl.ds_skin_usos.Jd_band): 1.5e-06
表面辐射度，上侧 (comp1.otl.ds_skin_usos.Ju_band): 66
表面辐射度，上侧 (comp1.otl.ds_truss.Ju_band): 99
已使用正交零空间函数。
找到对称矩阵。
缩放因变量：
表面辐射度，下侧 (comp1.otl2.ds_hrs.Jd_band): 1.1e+02
表面辐射度，上侧 (comp1.otl2.ds_hrs.Ju_band): 1.1e+02
已使用正交零空间函数。
-----      当前进度:  52 % - 约束处理
Memory: 1928/2058 1977/2091
找到对称矩阵。
缩放因变量：
表面辐射度，下侧 (comp1.otl3.ds_pvr.Jd_band): 1.2e+02
表面辐射度，上侧 (comp1.otl3.ds_pvr.Ju_band): 1.2e+02
表面辐射度，下侧 (comp1.otl3.ds_rsa.Jd_band): 1.6e+02
表面辐射度，上侧 (comp1.otl3.ds_rsa.Ju_band): 1.7e+02
已使用正交零空间函数。
找到对称矩阵。
缩放因变量：
表面辐射度，下侧 (comp1.otl4.ds_saw.Jd_band): 1.6e+02
表面辐射度，上侧 (comp1.otl4.ds_saw.Ju_band): 1.7e+02
已使用正交零空间函数。
-----      当前进度:  52 % - 组装矩阵
Memory: 1960/2058 2009/2091
找到对称矩阵。
指示器状态的比例：
comp1.otl2.inEclipse_event: 4e+05
comp1.otl2.outEclipse_event: 4e+05
comp1.otl3.inEclipse_event: 4e+05
comp1.otl3.outEclipse_event: 4e+05
comp1.otl4.inEclipse_event: 4e+05
comp1.otl4.outEclipse_event: 4e+05
comp1.otl.inEclipse_event: 4e+05
comp1.otl.outEclipse_event: 4e+05
Step        Time    Stepsize      Res  Jac  Sol Order Tfail NLfail   LinErr   LinRes
-----      当前进度:  52 % - 组装稀疏模式
Memory: 2001/2058 2061/2091
-----      当前进度:  52 % - 矩阵分解
Memory: 2031/2058 2088/2091
-----      当前进度:  52 % - 组装矩阵
Memory: 2061/2061 2116/2116
-----      当前进度:  52 % - 组装稀疏模式
Memory: 2085/2085 2129/2129
-----      当前进度:  52 % - 组装矩阵
Memory: 2113/2113 2150/2150
-----      当前进度:  52 % - 求解线性方程组
Memory: 2319/2319 2361/2364
-----      当前进度:  52 % - 组装矩阵
Memory: 2321/2321 2365/2365
-----      当前进度:  52 % - 组装稀疏模式
Memory: 2343/2347 2386/2390
-----      当前进度:  52 % - 组装矩阵
-----      当前进度:  52 % - 组装稀疏模式
Memory: 2378/2378 2421/2421
-----      当前进度:  52 % - 组装矩阵
Memory: 2387/2387 2431/2431
-----      当前进度:  52 % - 组装稀疏模式
Memory: 2406/2406 2450/2453
-----      当前进度:  52 % - 组装矩阵
Memory: 2418/2418 2462/2462
-----      当前进度:  52 % - 矩阵分解
Memory: 2463/2465 2499/2504
-----      当前进度:  52 % - 组装矩阵
Memory: 2462/2465 2498/2504
-----      当前进度:  52 % - 求解线性方程组
Memory: 2491/2491 2527/2530
-----      当前进度:  52 % - 组装矩阵
-----      当前进度:  52 % - 矩阵分解
Memory: 2494/2498 2530/2534
-----      当前进度:  52 % - 组装矩阵
Memory: 2500/2500 2536/2536
   0           0           - out  558   66  558                  0
                   Group #1:       93   11   93                     4.9e-16  3.2e-16
                   Group #2:       93   11   93                     3.8e-16  1.7e-16
                   Group #3:       93   11   93                     1.7e-16  7.5e-17
                   Group #4:       93   11   93                     3.8e-16  1.4e-16
                   Group #5:       93   11   93                       3e-16  1.2e-16
                   Group #6:       93   11   93                     3.3e-16  1.3e-16
指示器状态的比例：
comp1.otl2.inEclipse_event: 4e+05
comp1.otl2.outEclipse_event: 4e+05
comp1.otl3.inEclipse_event: 4e+05
comp1.otl3.outEclipse_event: 4e+05
comp1.otl4.inEclipse_event: 4e+05
comp1.otl4.outEclipse_event: 4e+05
comp1.otl.inEclipse_event: 4e+05
comp1.otl.outEclipse_event: 4e+05
-----      当前进度:  52 % - 约束处理
Memory: 2520/2521 2555/2558
-----      当前进度:  52 % - 
Memory: 2523/2523 2558/2558
-----      当前进度:  52 % - 组装矩阵
Memory: 2529/2529 2565/2565
-----      当前进度:  52 % - 矩阵分解
Memory: 2529/2532 2565/2567
-----      当前进度:  52 % - 组装矩阵
Memory: 2536/2536 2572/2572
   1   0.0088119   0.0088119      792   90  792     1     0      3
                   Group #1:      132   15  132                     4.1e-16  3.3e-16
                   Group #2:      132   15  132                     2.2e-16  2.2e-16
                   Group #3:      132   15  132                     2.3e-16  1.1e-16
                   Group #4:      132   15  132                     3.2e-16  1.2e-16
                   Group #5:      132   15  132                     3.3e-16  1.3e-16
                   Group #6:      132   15  132                     3.2e-16  1.3e-16
-----      当前进度:  52 % - 组装稀疏模式
Memory: 2576/2577 2612/2612
-----      当前进度:  52 % - 组装矩阵
Memory: 2603/2603 2640/2640
-----      当前进度:  52 % - 组装稀疏模式
Memory: 2610/2610 2647/2647
-----      当前进度:  52 % - 矩阵分解
Memory: 2624/2624 2661/2661
-----      当前进度:  52 % - 组装矩阵
Memory: 2650/2650 2687/2687
   2    0.026436    0.017624      804   96  804     1     0      3
                   Group #1:      134   16  134                     4.3e-16    3e-16
                   Group #2:      134   16  134                     1.8e-16  1.8e-16
                   Group #3:      134   16  134                     1.8e-16  8.5e-17
                   Group #4:      134   16  134                     3.5e-16  1.3e-16
                   Group #5:      134   16  134                     3.4e-16  1.2e-16
                   Group #6:      134   16  134                     3.3e-16  1.3e-16
-----      当前进度:  52 % - 组装稀疏模式
Memory: 2734/2734 2772/2772
-----      当前进度:  52 % - 组装矩阵
Memory: 2756/2756 2795/2795
   3    0.061683    0.035247      810  102  810     1     0      3
                   Group #1:      135   17  135                     5.6e-16  4.7e-16
                   Group #2:      135   17  135                     1.7e-16  1.7e-16
                   Group #3:      135   17  135                     3.9e-16  1.5e-16
                   Group #4:      135   17  135                       3e-16  1.1e-16
                   Group #5:      135   17  135                     3.4e-16  1.3e-16
                   Group #6:      135   17  135                     3.3e-16  1.3e-16
   4     0.13218    0.070495      816  108  816     1     0      3
                   Group #1:      136   18  136                     5.8e-16  4.9e-16
                   Group #2:      136   18  136                     1.6e-16  1.6e-16
                   Group #3:      136   18  136                     4.7e-16  1.6e-16
                   Group #4:      136   18  136                     3.1e-16  1.2e-16
                   Group #5:      136   18  136                     3.4e-16  1.3e-16
                   Group #6:      136   18  136                     3.4e-16  1.3e-16
-----      当前进度:  52 % - 组装稀疏模式
Memory: 2819/2819 2854/2854
-----      当前进度:  52 % - 组装矩阵
Memory: 2817/2820 2852/2855
   5     0.27317     0.14099      822  114  822     1     0      3
                   Group #1:      137   19  137                     5.9e-16  4.9e-16
                   Group #2:      137   19  137                     1.8e-16  1.8e-16
                   Group #3:      137   19  137                       2e-16  9.7e-17
                   Group #4:      137   19  137                     3.3e-16  1.2e-16
                   Group #5:      137   19  137                     3.3e-16  1.2e-16
                   Group #6:      137   19  137                     3.4e-16  1.3e-16
-----      当前进度:  52 % - 组装稀疏模式
Memory: 2832/2832 2867/2867
-----      当前进度:  52 % - 组装矩阵
Memory: 2832/2835 2867/2870
   6     0.55515     0.28198      876  120  876     1     0      3
                   Group #1:      146   20  146                     6.2e-16    5e-16
                   Group #2:      146   20  146                     1.8e-16  1.8e-16
                   Group #3:      146   20  146                     2.5e-16  1.2e-16
                   Group #4:      146   20  146                     3.4e-16  1.3e-16
                   Group #5:      146   20  146                     3.8e-16  1.3e-16
                   Group #6:      146   20  146                     3.1e-16  1.2e-16
   7      1.1191     0.56396      936  126  936     1     0      3
                   Group #1:      156   21  156                     5.7e-16  4.8e-16
                   Group #2:      156   21  156                     1.6e-16  1.5e-16
                   Group #3:      156   21  156                     3.2e-16  1.4e-16
                   Group #4:      156   21  156                     3.1e-16  1.2e-16
                   Group #5:      156   21  156                     2.8e-16  1.1e-16
                   Group #6:      156   21  156                     3.3e-16  1.3e-16
   8       2.247      1.1279      954  132  954     1     0      3
                   Group #1:      159   22  159                     5.5e-16  4.7e-16
                   Group #2:      159   22  159                     1.7e-16  1.6e-16
                   Group #3:      159   22  159                     3.7e-16  1.4e-16
                   Group #4:      159   22  159                     3.4e-16  1.2e-16
                   Group #5:      159   22  159                     3.5e-16  1.3e-16
                   Group #6:      159   22  159                     3.2e-16  1.3e-16
-----      当前进度:  52 % - 约束处理
Memory: 2879/2883 2925/2929
-----      当前进度:  52 % - 组装矩阵
Memory: 2885/2885 2931/2931
   9      3.3749      1.1279      966  138  966     1     0      3
                   Group #1:      161   23  161                     5.8e-16  5.1e-16
                   Group #2:      161   23  161                       2e-16  1.9e-16
                   Group #3:      161   23  161                     2.7e-16    1e-16
                   Group #4:      161   23  161                     3.2e-16  1.2e-16
                   Group #5:      161   23  161                     3.1e-16  1.1e-16
                   Group #6:      161   23  161                     3.1e-16  1.2e-16
-----      当前进度:  52 % - 求解线性方程组
Memory: 2882/2889 2928/2935
  10      5.6308      2.2558      978  144  978     1     0      3
                   Group #1:      163   24  163                     5.6e-16  4.6e-16
                   Group #2:      163   24  163                     2.4e-16  2.4e-16
                   Group #3:      163   24  163                       3e-16  1.3e-16
                   Group #4:      163   24  163                     3.3e-16  1.2e-16
                   Group #5:      163   24  163                     2.6e-16    1e-16
                   Group #6:      163   24  163                     3.2e-16  1.2e-16
-----      当前进度:  53 % - 组装稀疏模式
-----      当前进度:  53 % - 组装矩阵
Memory: 2884/2889 2929/2935
  11      10.142      4.5117     1002  150 1002     1     0      3
                   Group #1:      167   25  167                     5.9e-16  4.7e-16
                   Group #2:      167   25  167                     3.1e-16  3.2e-16
                   Group #3:      167   25  167                     3.5e-16  1.4e-16
                   Group #4:      167   25  167                     3.3e-16  1.2e-16
                   Group #5:      167   25  167                       3e-16  1.3e-16
                   Group #6:      167   25  167                     3.4e-16  1.3e-16
  12      14.654      4.5117     1050  156 1050     1     0      3
                   Group #1:      175   26  175                     4.7e-16  3.2e-16
                   Group #2:      175   26  175                     2.4e-16  2.8e-16
                   Group #3:      175   26  175                     3.7e-16  1.8e-16
                   Group #4:      175   26  175                     3.1e-16  1.3e-16
                   Group #5:      175   26  175                     3.2e-16  1.3e-16
                   Group #6:      175   26  175                     3.5e-16  1.3e-16
-----      当前进度:  53 % - 组装稀疏模式
Memory: 2898/2906 2944/2952
-----      当前进度:  53 % - 组装矩阵
Memory: 2906/2906 2952/2952
  13      19.166      4.5117     1068  162 1068     1     0      3
                   Group #1:      178   27  178                     5.4e-16  4.4e-16
                   Group #2:      178   27  178                     3.4e-16  3.4e-16
                   Group #3:      178   27  178                     3.2e-16  1.4e-16
                   Group #4:      178   27  178                     3.3e-16  1.3e-16
                   Group #5:      178   27  178                     3.3e-16  1.3e-16
                   Group #6:      178   27  178                     3.4e-16  1.3e-16
-----      当前进度:  54 % - 组装矩阵
Memory: 2906/2906 2952/2955
  14      23.677      4.5117     1080  168 1080     1     0      3
                   Group #1:      180   28  180                     5.9e-16  4.6e-16
                   Group #2:      180   28  180                     2.1e-16    2e-16
                   Group #3:      180   28  180                     3.3e-16  1.4e-16
                   Group #4:      180   28  180                     3.5e-16  1.3e-16
                   Group #5:      180   28  180                     3.3e-16  1.2e-16
                   Group #6:      180   28  180                     3.3e-16  1.3e-16
  15      32.701      9.0233     1104  174 1104     2     0      3
                   Group #1:      184   29  184                       5e-16  4.1e-16
                   Group #2:      184   29  184                     3.8e-16  3.9e-16
                   Group #3:      184   29  184                     3.3e-16  1.2e-16
                   Group #4:      184   29  184                     3.7e-16  1.3e-16
                   Group #5:      184   29  184                     3.3e-16  1.2e-16
                   Group #6:      184   29  184                     3.3e-16  1.3e-16
-----      当前进度:  55 % - 组装稀疏模式
Memory: 2907/2913 2953/2959
-----      当前进度:  55 % - 组装矩阵
Memory: 2911/2915 2957/2961
  16      41.724      9.0233     1128  180 1128     2     0      3
                   Group #1:      188   30  188                     5.5e-16  4.1e-16
                   Group #2:      188   30  188                     1.5e-16  1.4e-16
                   Group #3:      188   30  188                     3.5e-16  1.5e-16
                   Group #4:      188   30  188                     3.6e-16  1.2e-16
                   Group #5:      188   30  188                     2.5e-16  1.1e-16
                   Group #6:      188   30  188                     3.3e-16  1.3e-16
-----      当前进度:  55 % - 组装稀疏模式
Memory: 2916/2920 2962/2966
-----      当前进度:  55 % - 组装矩阵
Memory: 2919/2920 2966/2966
  17      50.747      9.0233     1152  186 1152     2     0      3
                   Group #1:      192   31  192                     5.6e-16    5e-16
                   Group #2:      192   31  192                     7.5e-16  7.6e-16
                   Group #3:      192   31  192                     3.2e-16  1.2e-16
                   Group #4:      192   31  192                       3e-16  1.2e-16
                   Group #5:      192   31  192                     3.1e-16  1.2e-16
                   Group #6:      192   31  192                     3.2e-16  1.3e-16
-----      当前进度:  56 % - 组装矩阵
Memory: 2920/2920 2966/2969
  18      59.771      9.0233     1176  192 1176     2     0      3
                   Group #1:      196   32  196                     5.6e-16    5e-16
                   Group #2:      196   32  196                     6.6e-16  6.7e-16
                   Group #3:      196   32  196                     2.5e-16  1.1e-16
                   Group #4:      196   32  196                     3.1e-16  1.3e-16
                   Group #5:      196   32  196                     3.8e-16  1.3e-16
                   Group #6:      196   32  196                     3.2e-16  1.3e-16
-----      当前进度:  57 % - 组装矩阵
Memory: 2923/2925 2969/2972
   -          60           - out
  19      62.027      2.2558     1296  204 1296     2     0      4
                   Group #1:      216   34  216                     5.7e-16  3.9e-16
                   Group #2:      216   34  216                     4.7e-16  4.8e-16
                   Group #3:      216   34  216                     3.3e-16  1.4e-16
                   Group #4:      216   34  216                     3.2e-16  1.2e-16
                   Group #5:      216   34  216                     3.4e-16  1.4e-16
                   Group #6:      216   34  216                     3.3e-16  1.3e-16
  20      66.538      4.5117     1350  210 1350     2     0      4
                   Group #1:      225   35  225                     5.5e-16    4e-16
                   Group #2:      225   35  225                     1.7e-16  1.4e-16
                   Group #3:      225   35  225                     3.1e-16  1.3e-16
                   Group #4:      225   35  225                     3.3e-16  1.3e-16
                   Group #5:      225   35  225                     3.3e-16  1.2e-16
                   Group #6:      225   35  225                     3.2e-16  1.2e-16
  21      68.794      2.2558     1428  222 1428     2     0      5
                   Group #1:      238   37  238                       5e-16  3.4e-16
                   Group #2:      238   37  238                     3.8e-16  3.8e-16
                   Group #3:      238   37  238                     3.6e-16  1.5e-16
                   Group #4:      238   37  238                     3.6e-16  1.4e-16
                   Group #5:      238   37  238                     3.2e-16  1.2e-16
                   Group #6:      238   37  238                     3.2e-16  1.3e-16
-----      当前进度:  58 % - 组装矩阵
Memory: 2963/2963 3009/3012
  22      73.306      4.5117     1434  228 1434     2     0      5
                   Group #1:      239   38  239                     5.5e-16  4.7e-16
                   Group #2:      239   38  239                     4.4e-16  4.5e-16
                   Group #3:      239   38  239                     3.3e-16  1.4e-16
                   Group #4:      239   38  239                     3.5e-16  1.3e-16
                   Group #5:      239   38  239                     3.2e-16  1.2e-16
                   Group #6:      239   38  239                     3.2e-16  1.2e-16
-----      当前进度:  58 % - 组装稀疏模式
Memory: 2968/2968 3014/3015
-----      当前进度:  58 % - 组装矩阵
Memory: 2964/2969 3010/3015
-----      当前进度:  58 % - 求解线性方程组
-----      当前进度:  58 % - 组装矩阵
  23      75.562      2.2558     1500  240 1500     2     0      6
                   Group #1:      250   40  250                     5.1e-16  4.7e-16
                   Group #2:      250   40  250                     4.9e-16    5e-16
                   Group #3:      250   40  250                     3.7e-16  1.5e-16
                   Group #4:      250   40  250                     3.5e-16  1.4e-16
                   Group #5:      250   40  250                       3e-16  1.1e-16
                   Group #6:      250   40  250                     3.2e-16  1.2e-16
  24       76.69      1.1279     1566  252 1566     2     0      7
                   Group #1:      261   42  261                       6e-16  5.5e-16
                   Group #2:      261   42  261                       4e-16    4e-16
                   Group #3:      261   42  261                     3.7e-16  1.5e-16
                   Group #4:      261   42  261                     3.1e-16  1.2e-16
                   Group #5:      261   42  261                     2.9e-16  1.2e-16
                   Group #6:      261   42  261                     3.5e-16  1.4e-16
-----      当前进度:  58 % - 求解线性方程组
Memory: 2988/2989 3034/3035
-----      当前进度:  58 % - 组装矩阵
  25      77.254     0.56396     1632  264 1632     2     0      8
                   Group #1:      272   44  272                     6.4e-16  5.7e-16
                   Group #2:      272   44  272                     4.5e-16  4.5e-16
                   Group #3:      272   44  272                     3.6e-16  1.5e-16
                   Group #4:      272   44  272                     3.4e-16  1.3e-16
                   Group #5:      272   44  272                     3.1e-16  1.2e-16
                   Group #6:      272   44  272                     3.3e-16  1.2e-16
  26      78.381      1.1279     1638  270 1638     2     0      8
                   Group #1:      273   45  273                     5.9e-16  4.3e-16
                   Group #2:      273   45  273                     3.8e-16  3.8e-16
                   Group #3:      273   45  273                     3.5e-16  1.4e-16
                   Group #4:      273   45  273                     3.6e-16  1.4e-16
                   Group #5:      273   45  273                     3.4e-16  1.6e-16
                   Group #6:      273   45  273                       3e-16  1.2e-16
-----      当前进度:  58 % - 矩阵分解
Memory: 3006/3006 3053/3054
-----      当前进度:  58 % - 组装矩阵
-----      当前进度:  58 % - 求解线性方程组
Memory: 3006/3006 3053/3056
-----      当前进度:  58 % - 组装矩阵
-----      当前进度:  58 % - 求解线性方程组
-----      当前进度:  58 % - 组装矩阵
  27      78.945     0.56396     1704  282 1704     2     0      9
                   Group #1:      284   47  284                     6.4e-16  3.8e-16
                   Group #2:      284   47  284                     2.5e-16  2.1e-16
                   Group #3:      284   47  284                     2.9e-16  1.4e-16
                   Group #4:      284   47  284                       3e-16    1e-16
                   Group #5:      284   47  284                     3.3e-16  1.2e-16
                   Group #6:      284   47  284                     3.1e-16  1.2e-16
-----      当前进度:  58 % - 组装稀疏模式
Memory: 3009/3018 3055/3065
-----      当前进度:  58 % - 组装矩阵
Memory: 3011/3018 3057/3065
  28      80.073      1.1279     1764  288 1764     2     0      9
                   Group #1:      294   48  294                     4.8e-16  3.1e-16
                   Group #2:      294   48  294                     5.8e-16  6.1e-16
                   Group #3:      294   48  294                     3.3e-16  1.3e-16
                   Group #4:      294   48  294                     3.1e-16  1.1e-16
                   Group #5:      294   48  294                     3.5e-16  1.2e-16
                   Group #6:      294   48  294                     3.4e-16  1.3e-16
-----      当前进度:  59 % - 组装矩阵
Memory: 3013/3018 3059/3065
  29      82.329      2.2558     1824  294 1824     2     0      9
                   Group #1:      304   49  304                     4.7e-16  3.2e-16
                   Group #2:      304   49  304                     4.1e-16    4e-16
                   Group #3:      304   49  304                     1.7e-16    1e-16
                   Group #4:      304   49  304                     3.3e-16  1.2e-16
                   Group #5:      304   49  304                     3.2e-16  1.2e-16
                   Group #6:      304   49  304                     3.2e-16  1.2e-16
-----      当前进度:  59 % - 矩阵分解
Memory: 3030/3035 3080/3082
-----      当前进度:  59 % - 组装矩阵
Memory: 3028/3035 3074/3082
  30      86.841      4.5117     1884  300 1884     2     0      9
                   Group #1:      314   50  314                       5e-16  2.9e-16
                   Group #2:      314   50  314                     3.2e-16    3e-16
                   Group #3:      314   50  314                     2.9e-16  1.1e-16
                   Group #4:      314   50  314                     3.2e-16  1.3e-16
                   Group #5:      314   50  314                       3e-16  1.2e-16
                   Group #6:      314   50  314                     3.2e-16  1.2e-16
  31      95.864      9.0233     1944  306 1944     2     0      9
                   Group #1:      324   51  324                     5.4e-16  4.4e-16
                   Group #2:      324   51  324                     2.9e-16  2.7e-16
                   Group #3:      324   51  324                     2.5e-16  1.1e-16
                   Group #4:      324   51  324                       3e-16  1.2e-16
                   Group #5:      324   51  324                     3.1e-16  1.2e-16
                   Group #6:      324   51  324                     3.1e-16  1.2e-16
------     当前进度:  60 % - 组装矩阵
Memory: 3047/3047 3094/3094
  32      100.38      4.5117     2040  318 2040     2     0     10
                   Group #1:      340   53  340                     5.9e-16  5.2e-16
                   Group #2:      340   53  340                     3.7e-16  3.6e-16
                   Group #3:      340   53  340                     4.3e-16  1.7e-16
                   Group #4:      340   53  340                     2.9e-16  1.1e-16
                   Group #5:      340   53  340                     2.7e-16  1.2e-16
                   Group #6:      340   53  340                     3.3e-16  1.3e-16
------     当前进度:  60 % - 组装稀疏模式
Memory: 3062/3062 3108/3110
------     当前进度:  60 % - 组装矩阵
Memory: 3062/3066 3108/3113
  33       109.4      9.0233     2070  324 2070     2     0     10
                   Group #1:      345   54  345                     6.3e-16  5.3e-16
                   Group #2:      345   54  345                     3.4e-16  3.1e-16
                   Group #3:      345   54  345                     2.7e-16  1.2e-16
                   Group #4:      345   54  345                     3.4e-16  1.3e-16
                   Group #5:      345   54  345                     3.1e-16  1.3e-16
                   Group #6:      345   54  345                     3.2e-16  1.3e-16
------     当前进度:  61 % - 组装矩阵
Memory: 3068/3068 3114/3115
------     当前进度:  61 % - 矩阵分解
Memory: 3065/3070 3111/3117
------     当前进度:  61 % - 组装矩阵
Memory: 3068/3070 3114/3117
------     当前进度:  61 % - 求解线性方程组
------     当前进度:  61 % - 组装矩阵
  34      113.91      4.5117     2160  336 2160     2     0     11
                   Group #1:      360   56  360                     5.6e-16  4.4e-16
                   Group #2:      360   56  360                     2.9e-16  1.8e-16
                   Group #3:      360   56  360                       3e-16  1.1e-16
                   Group #4:      360   56  360                     2.8e-16  1.1e-16
                   Group #5:      360   56  360                       3e-16  1.3e-16
                   Group #6:      360   56  360                     3.1e-16  1.2e-16
   -         120           - out
------     当前进度:  62 % - 组装矩阵
Memory: 3090/3090 3137/3137
  35      122.93      9.0233     2208  342 2208     2     0     11
                   Group #1:      368   57  368                     5.4e-16  3.4e-16
                   Group #2:      368   57  368                     3.3e-16  1.7e-16
                   Group #3:      368   57  368                       3e-16  1.5e-16
                   Group #4:      368   57  368                     3.2e-16  1.2e-16
                   Group #5:      368   57  368                     3.5e-16  1.3e-16
                   Group #6:      368   57  368                     3.4e-16  1.3e-16
------     当前进度:  62 % - 求解线性方程组
Memory: 3100/3100 3147/3150
------     当前进度:  62 % - 组装矩阵
  36      127.45      4.5117     2310  354 2310     2     0     12
                   Group #1:      385   59  385                     5.6e-16  3.5e-16
                   Group #2:      385   59  385                       4e-16  1.8e-16
                   Group #3:      385   59  385                     2.7e-16  1.1e-16
                   Group #4:      385   59  385                     3.3e-16  1.2e-16
                   Group #5:      385   59  385                     3.2e-16  1.2e-16
                   Group #6:      385   59  385                     3.1e-16  1.2e-16
------     当前进度:  62 % - 求解线性方程组
Memory: 3115/3115 3162/3165
------     当前进度:  62 % - 组装矩阵
  37       129.7      2.2558     2388  366 2388     2     0     13
                   Group #1:      398   61  398                     5.6e-16  3.9e-16
                   Group #2:      398   61  398                     3.9e-16  2.1e-16
                   Group #3:      398   61  398                     3.1e-16  1.4e-16
                   Group #4:      398   61  398                     3.4e-16  1.3e-16
                   Group #5:      398   61  398                     3.4e-16  1.4e-16
                   Group #6:      398   61  398                     3.3e-16  1.3e-16
  38      130.83      1.1279     2454  378 2454     2     0     14
                   Group #1:      409   63  409                     5.5e-16  3.7e-16
                   Group #2:      409   63  409                     3.4e-16  2.8e-16
                   Group #3:      409   63  409                     3.9e-16  1.7e-16
                   Group #4:      409   63  409                     3.2e-16  1.2e-16
                   Group #5:      409   63  409                     3.2e-16  1.3e-16
                   Group #6:      409   63  409                     3.4e-16  1.3e-16
------     当前进度:  63 % - 组装矩阵
Memory: 3134/3134 3182/3182
------     当前进度:  63 % - 矩阵分解
Memory: 3134/3137 3182/3185
------     当前进度:  63 % - 组装矩阵
  39      131.39     0.56396     2520  390 2520     2     0     15
                   Group #1:      420   65  420                     5.7e-16    4e-16
                   Group #2:      420   65  420                     3.4e-16  2.7e-16
                   Group #3:      420   65  420                     3.4e-16  1.4e-16
                   Group #4:      420   65  420                     3.7e-16  1.2e-16
                   Group #5:      420   65  420                     3.1e-16  1.2e-16
                   Group #6:      420   65  420                     3.3e-16  1.3e-16
------     当前进度:  63 % - 求解线性方程组
Memory: 3144/3145 3192/3195
------     当前进度:  63 % - 组装矩阵
  40      131.68     0.28198     2586  402 2586     2     0     16
                   Group #1:      431   67  431                     5.1e-16  3.4e-16
                   Group #2:      431   67  431                     3.3e-16  1.9e-16
                   Group #3:      431   67  431                     3.7e-16  1.5e-16
                   Group #4:      431   67  431                     3.3e-16  1.2e-16
                   Group #5:      431   67  431                     2.7e-16    1e-16
                   Group #6:      431   67  431                     3.5e-16  1.3e-16
  41      131.82     0.14099     2652  414 2652     2     0     17
                   Group #1:      442   69  442                     4.8e-16  3.2e-16
                   Group #2:      442   69  442                     3.3e-16  1.6e-16
                   Group #3:      442   69  442                     3.4e-16  1.4e-16
                   Group #4:      442   69  442                     3.5e-16  1.3e-16
                   Group #5:      442   69  442                     2.6e-16    1e-16
                   Group #6:      442   69  442                     3.2e-16  1.3e-16
  42       132.1     0.28198     2658  420 2658     2     0     17
                   Group #1:      443   70  443                     5.2e-16  3.5e-16
                   Group #2:      443   70  443                       3e-16    2e-16
                   Group #3:      443   70  443                     3.4e-16  1.3e-16
                   Group #4:      443   70  443                     3.3e-16  1.3e-16
                   Group #5:      443   70  443                     2.9e-16  1.2e-16
                   Group #6:      443   70  443                     3.2e-16  1.3e-16
  43      132.24     0.14099     2724  432 2724     2     0     18
                   Group #1:      454   72  454                     4.6e-16  2.8e-16
                   Group #2:      454   72  454                     3.3e-16  2.6e-16
                   Group #3:      454   72  454                     3.9e-16  1.6e-16
                   Group #4:      454   72  454                     3.2e-16  1.2e-16
                   Group #5:      454   72  454                     3.6e-16  1.3e-16
                   Group #6:      454   72  454                     3.3e-16  1.3e-16
------     当前进度:  63 % - 组装稀疏模式
Memory: 3180/3180 3228/3228
------     当前进度:  63 % - 组装矩阵
Memory: 3180/3185 3227/3233
  44      132.52     0.28198     2784  438 2784     2     0     18
                   Group #1:      464   73  464                     5.2e-16  3.5e-16
                   Group #2:      464   73  464                     3.3e-16  3.1e-16
                   Group #3:      464   73  464                     3.1e-16  1.4e-16
                   Group #4:      464   73  464                     3.1e-16  1.1e-16
                   Group #5:      464   73  464                     3.2e-16  1.2e-16
                   Group #6:      464   73  464                     3.1e-16  1.2e-16
------     当前进度:  63 % - 求解线性方程组
Memory: 3187/3187 3234/3237
------     当前进度:  63 % - 组装矩阵
  45      132.66     0.14099     2886  450 2886     2     0     19
                   Group #1:      481   75  481                       4e-16  2.5e-16
                   Group #2:      481   75  481                     3.3e-16  2.5e-16
                   Group #3:      481   75  481                     4.4e-16  1.8e-16
                   Group #4:      481   75  481                     3.4e-16  1.3e-16
                   Group #5:      481   75  481                       3e-16  1.3e-16
                   Group #6:      481   75  481                     3.2e-16  1.2e-16
------     当前进度:  63 % - 求解线性方程组
Memory: 3210/3210 3257/3260
------     当前进度:  63 % - 组装矩阵
  46      132.94     0.28198     2928  456 2928     2     0     19
                   Group #1:      488   76  488                     6.2e-16  3.7e-16
                   Group #2:      488   76  488                     3.4e-16  1.6e-16
                   Group #3:      488   76  488                     3.6e-16  1.4e-16
                   Group #4:      488   76  488                     3.2e-16  1.2e-16
                   Group #5:      488   76  488                     2.8e-16  1.4e-16
                   Group #6:      488   76  488                       3e-16  1.2e-16
------     当前进度:  63 % - 求解线性方程组
Memory: 3209/3213 3256/3260
------     当前进度:  63 % - 组装矩阵
  47      133.51     0.56396     2958  462 2958     2     0     19
                   Group #1:      493   77  493                     5.2e-16  3.2e-16
                   Group #2:      493   77  493                     2.9e-16  1.5e-16
                   Group #3:      493   77  493                       3e-16  1.4e-16
                   Group #4:      493   77  493                     3.6e-16  1.3e-16
                   Group #5:      493   77  493                     3.1e-16  1.2e-16
                   Group #6:      493   77  493                     3.1e-16  1.2e-16
  48      134.64      1.1279     3006  468 3006     2     0     19
                   Group #1:      501   78  501                     4.3e-16    3e-16
                   Group #2:      501   78  501                     3.4e-16  1.5e-16
                   Group #3:      501   78  501                     3.2e-16  1.3e-16
                   Group #4:      501   78  501                     3.3e-16  1.2e-16
                   Group #5:      501   78  501                     2.9e-16  1.2e-16
                   Group #6:      501   78  501                     3.3e-16  1.3e-16
  49      136.89      2.2558     3012  474 3012     2     0     19
                   Group #1:      502   79  502                     5.5e-16  4.2e-16
                   Group #2:      502   79  502                     3.4e-16  1.8e-16
                   Group #3:      502   79  502                     2.5e-16  1.2e-16
                   Group #4:      502   79  502                     3.4e-16  1.2e-16
                   Group #5:      502   79  502                     3.6e-16  1.3e-16
                   Group #6:      502   79  502                     3.4e-16  1.3e-16
------     当前进度:  63 % - 组装稀疏模式
Memory: 3228/3232 3276/3280
------     当前进度:  63 % - 组装矩阵
Memory: 3231/3232 3279/3280
  50      138.02      1.1279     3120  486 3120     2     0     20
                   Group #1:      520   81  520                       6e-16  3.3e-16
                   Group #2:      520   81  520                     3.4e-16  1.8e-16
                   Group #3:      520   81  520                     2.8e-16  1.3e-16
                   Group #4:      520   81  520                       3e-16  1.1e-16
                   Group #5:      520   81  520                       3e-16  1.3e-16
                   Group #6:      520   81  520                     3.5e-16  1.3e-16
------     当前进度:  63 % - 矩阵分解
Memory: 3240/3240 3288/3288
------     当前进度:  63 % - 组装矩阵
Memory: 3246/3246 3294/3294
  51      140.28      2.2558     3126  492 3126     2     0     20
                   Group #1:      521   82  521                     5.6e-16  4.7e-16
                   Group #2:      521   82  521                     3.5e-16  1.9e-16
                   Group #3:      521   82  521                     2.6e-16  1.2e-16
                   Group #4:      521   82  521                       3e-16  1.2e-16
                   Group #5:      521   82  521                     2.5e-16  1.3e-16
                   Group #6:      521   82  521                     3.1e-16  1.2e-16
------     当前进度:  63 % - 组装稀疏模式
Memory: 3242/3247 3290/3295
------     当前进度:  63 % - 组装矩阵
------     当前进度:  63 % - 求解线性方程组
------     当前进度:  63 % - 组装矩阵
  52       141.4      1.1279     3192  504 3192     2     0     21
                   Group #1:      532   84  532                     5.4e-16  4.2e-16
                   Group #2:      532   84  532                     3.5e-16  2.1e-16
                   Group #3:      532   84  532                     3.4e-16  1.5e-16
                   Group #4:      532   84  532                       3e-16  1.1e-16
                   Group #5:      532   84  532                     3.6e-16  1.4e-16
                   Group #6:      532   84  532                     3.2e-16  1.2e-16
------     当前进度:  63 % - 组装稀疏模式
Memory: 3253/3253 3300/3300
------     当前进度:  63 % - 组装矩阵
Memory: 3253/3256 3300/3304
  53      143.66      2.2558     3198  510 3198     2     0     21
                   Group #1:      533   85  533                     5.2e-16  4.4e-16
                   Group #2:      533   85  533                     3.6e-16  1.8e-16
                   Group #3:      533   85  533                     2.7e-16  1.2e-16
                   Group #4:      533   85  533                     3.4e-16  1.3e-16
                   Group #5:      533   85  533                     3.3e-16  1.3e-16
                   Group #6:      533   85  533                     3.3e-16  1.3e-16
------     当前进度:  64 % - 组装矩阵
Memory: 3254/3256 3302/3304
  54      148.17      4.5117     3246  516 3246     2     0     21
                   Group #1:      541   86  541                     5.7e-16  4.2e-16
                   Group #2:      541   86  541                     3.8e-16  2.1e-16
                   Group #3:      541   86  541                     3.5e-16  1.3e-16
                   Group #4:      541   86  541                       3e-16  1.2e-16
                   Group #5:      541   86  541                     2.8e-16  1.1e-16
                   Group #6:      541   86  541                     3.2e-16  1.2e-16
------     当前进度:  64 % - 组装稀疏模式
Memory: 3268/3272 3316/3320
------     当前进度:  64 % - 组装矩阵
Memory: 3274/3274 3322/3322
  55      150.43      2.2558     3312  528 3312     2     0     22
                   Group #1:      552   88  552                     4.7e-16  3.5e-16
                   Group #2:      552   88  552                     3.1e-16  2.1e-16
                   Group #3:      552   88  552                     2.9e-16  1.2e-16
                   Group #4:      552   88  552                     3.1e-16  1.3e-16
                   Group #5:      552   88  552                     3.6e-16  1.3e-16
                   Group #6:      552   88  552                     3.5e-16  1.3e-16
  56      151.56      1.1279     3378  540 3378     2     0     23
                   Group #1:      563   90  563                     5.3e-16  4.2e-16
                   Group #2:      563   90  563                     3.4e-16  1.7e-16
                   Group #3:      563   90  563                     3.2e-16  1.2e-16
                   Group #4:      563   90  563                     3.5e-16  1.3e-16
                   Group #5:      563   90  563                     2.9e-16  1.1e-16
                   Group #6:      563   90  563                     3.2e-16  1.2e-16
  57      153.81      2.2558     3432  546 3432     2     0     23
                   Group #1:      572   91  572                     6.1e-16  4.5e-16
                   Group #2:      572   91  572                     3.4e-16  1.5e-16
                   Group #3:      572   91  572                     2.5e-16  1.1e-16
                   Group #4:      572   91  572                     4.1e-16  1.5e-16
                   Group #5:      572   91  572                     3.3e-16  1.3e-16
                   Group #6:      572   91  572                     3.2e-16  1.2e-16
------     当前进度:  64 % - 
Memory: 3294/3296 3342/3344
------     当前进度:  64 % - 组装矩阵
Memory: 3290/3296 3339/3344
------     当前进度:  64 % - 求解线性方程组
Memory: 3294/3296 3343/3346
------     当前进度:  64 % - 组装矩阵
  58      154.09     0.28198     3588  564 3588     2     0     25
                   Group #1:      598   94  598                     5.2e-16  3.8e-16
                   Group #2:      598   94  598                     3.3e-16  1.8e-16
                   Group #3:      598   94  598                     2.4e-16  1.4e-16
                   Group #4:      598   94  598                     3.8e-16  1.4e-16
                   Group #5:      598   94  598                     2.8e-16  1.2e-16
                   Group #6:      598   94  598                     3.5e-16  1.4e-16
  59      154.66     0.56396     3624  570 3624     2     0     25
                   Group #1:      604   95  604                     3.5e-16  1.9e-16
                   Group #2:      604   95  604                     3.5e-16    2e-16
                   Group #3:      604   95  604                     2.7e-16  1.3e-16
                   Group #4:      604   95  604                     3.3e-16  1.3e-16
                   Group #5:      604   95  604                       3e-16  1.4e-16
                   Group #6:      604   95  604                     3.2e-16  1.3e-16
  60      154.94     0.28198     3714  582 3714     2     0     26
                   Group #1:      619   97  619                     5.4e-16  3.8e-16
                   Group #2:      619   97  619                     3.5e-16  1.6e-16
                   Group #3:      619   97  619                     3.8e-16  1.5e-16
                   Group #4:      619   97  619                     3.5e-16  1.3e-16
                   Group #5:      619   97  619                     3.1e-16  1.2e-16
                   Group #6:      619   97  619                     3.3e-16  1.3e-16
  61       155.5     0.56396     3720  588 3720     2     0     26
                   Group #1:      620   98  620                     4.8e-16  3.2e-16
                   Group #2:      620   98  620                     3.3e-16  1.6e-16
                   Group #3:      620   98  620                     4.3e-16  1.7e-16
                   Group #4:      620   98  620                     3.2e-16  1.3e-16
                   Group #5:      620   98  620                     2.7e-16  1.2e-16
                   Group #6:      620   98  620                     3.2e-16  1.2e-16
------     当前进度:  65 % - 组装矩阵
Memory: 3336/3336 3380/3380
------     当前进度:  65 % - 求解线性方程组
Memory: 3335/3339 3376/3383
------     当前进度:  65 % - 组装矩阵
  62      156.63      1.1279     3750  594 3750     2     0     26
                   Group #1:      625   99  625                     4.9e-16  3.3e-16
                   Group #2:      625   99  625                     3.3e-16  1.5e-16
                   Group #3:      625   99  625                     2.5e-16  1.8e-16
                   Group #4:      625   99  625                     3.2e-16  1.2e-16
                   Group #5:      625   99  625                       3e-16  1.3e-16
                   Group #6:      625   99  625                     3.2e-16  1.2e-16
  63      158.89      2.2558     3798  600 3798     2     0     26
                   Group #1:      633  100  633                     4.2e-16  2.5e-16
                   Group #2:      633  100  633                     3.5e-16  1.6e-16
                   Group #3:      633  100  633                     2.4e-16  9.9e-17
                   Group #4:      633  100  633                       3e-16  1.2e-16
                   Group #5:      633  100  633                     2.4e-16  1.2e-16
                   Group #6:      633  100  633                     3.5e-16  1.3e-16
------     当前进度:  65 % - 求解线性方程组
Memory: 3350/3350 3390/3393
------     当前进度:  65 % - 组装矩阵
  64       163.4      4.5117     3834  606 3834     2     0     26
                   Group #1:      639  101  639                     5.2e-16  3.6e-16
                   Group #2:      639  101  639                     3.3e-16  1.5e-16
                   Group #3:      639  101  639                     4.5e-16  1.6e-16
                   Group #4:      639  101  639                     3.3e-16  1.3e-16
                   Group #5:      639  101  639                     2.4e-16  1.1e-16
                   Group #6:      639  101  639                     3.1e-16  1.2e-16
------     当前进度:  65 % - 求解线性方程组
Memory: 3360/3361 3400/3404
------     当前进度:  65 % - 组装矩阵
Memory: 3360/3361 3401/3404
  65      165.65      2.2558     3924  618 3924     2     0     27
                   Group #1:      654  103  654                     5.6e-16  4.7e-16
                   Group #2:      654  103  654                     3.7e-16  1.7e-16
                   Group #3:      654  103  654                     2.6e-16    1e-16
                   Group #4:      654  103  654                     3.1e-16  1.2e-16
                   Group #5:      654  103  654                       3e-16  1.2e-16
                   Group #6:      654  103  654                       3e-16  1.2e-16
  66      170.17      4.5117     3954  624 3954     2     0     27
                   Group #1:      659  104  659                     5.2e-16  3.9e-16
                   Group #2:      659  104  659                     3.2e-16  1.5e-16
                   Group #3:      659  104  659                     3.5e-16  1.4e-16
                   Group #4:      659  104  659                     3.2e-16  1.2e-16
                   Group #5:      659  104  659                       3e-16  1.2e-16
                   Group #6:      659  104  659                     3.2e-16  1.2e-16
------     当前进度:  66 % - 组装矩阵
Memory: 3365/3365 3406/3409
------     当前进度:  66 % - 求解线性方程组
Memory: 3372/3372 3413/3416
------     当前进度:  66 % - 组装矩阵
  67      179.19      9.0233     3990  630 3990     2     0     27
                   Group #1:      665  105  665                     5.7e-16  4.6e-16
                   Group #2:      665  105  665                     3.3e-16  1.5e-16
                   Group #3:      665  105  665                     4.8e-16  2.1e-16
                   Group #4:      665  105  665                     3.8e-16  1.4e-16
                   Group #5:      665  105  665                     3.3e-16  1.4e-16
                   Group #6:      665  105  665                     3.3e-16  1.3e-16
------     当前进度:  66 % - 组装稀疏模式
Memory: 3368/3375 3409/3416
------     当前进度:  66 % - 组装矩阵
Memory: 3374/3375 3431/3431
------     当前进度:  66 % - 求解线性方程组
Memory: 3374/3375 3427/3431
------     当前进度:  66 % - 组装矩阵
------     当前进度:  66 % - 组装稀疏模式
Memory: 3375/3375 3424/3431
------     当前进度:  66 % - 组装矩阵
Memory: 3377/3381 3426/3431
   -         180           - out
------     当前进度:  67 % - 组装矩阵
Memory: 3382/3382 3431/3434
  68       183.7      4.5117     4092  642 4092     2     0     28
                   Group #1:      682  107  682                     5.7e-16  3.5e-16
                   Group #2:      682  107  682                     3.3e-16  1.7e-16
                   Group #3:      682  107  682                     3.4e-16  1.4e-16
                   Group #4:      682  107  682                     3.1e-16  1.2e-16
                   Group #5:      682  107  682                     2.8e-16  1.1e-16
                   Group #6:      682  107  682                     3.4e-16  1.3e-16
------     当前进度:  67 % - 求解线性方程组
Memory: 3388/3390 3433/3439
------     当前进度:  67 % - 组装矩阵
  69      185.96      2.2558     4170  654 4170     2     0     29
                   Group #1:      695  109  695                     6.2e-16  4.5e-16
                   Group #2:      695  109  695                     3.3e-16  1.6e-16
                   Group #3:      695  109  695                     3.5e-16  1.5e-16
                   Group #4:      695  109  695                     3.3e-16  1.2e-16
                   Group #5:      695  109  695                       3e-16  1.3e-16
                   Group #6:      695  109  695                     3.2e-16  1.3e-16
------     当前进度:  67 % - 求解线性方程组
Memory: 3394/3394 3439/3442
------     当前进度:  67 % - 组装矩阵
  70      187.08      1.1279     4242  666 4242     2     0     30
                   Group #1:      707  111  707                     4.6e-16  3.3e-16
                   Group #2:      707  111  707                     3.3e-16  1.6e-16
                   Group #3:      707  111  707                     2.9e-16  1.5e-16
                   Group #4:      707  111  707                     3.3e-16  1.2e-16
                   Group #5:      707  111  707                     3.1e-16  1.2e-16
                   Group #6:      707  111  707                     3.4e-16  1.3e-16
  71      189.34      2.2558     4248  672 4248     2     0     30
                   Group #1:      708  112  708                     5.2e-16  3.6e-16
                   Group #2:      708  112  708                     3.8e-16  1.7e-16
                   Group #3:      708  112  708                       3e-16  1.3e-16
                   Group #4:      708  112  708                     3.4e-16  1.2e-16
                   Group #5:      708  112  708                     3.2e-16  1.3e-16
                   Group #6:      708  112  708                     3.1e-16  1.2e-16
------     当前进度:  67 % - 求解线性方程组
Memory: 3409/3412 3454/3456
------     当前进度:  67 % - 组装矩阵
------     当前进度:  67 % - 组装稀疏模式
Memory: 3413/3419 3458/3463
------     当前进度:  67 % - 组装矩阵
Memory: 3417/3419 3461/3463
  72      190.47      1.1279     4314  684 4314     2     0     31
                   Group #1:      719  114  719                     5.4e-16  3.7e-16
                   Group #2:      719  114  719                     3.5e-16  1.6e-16
                   Group #3:      719  114  719                     3.7e-16  1.5e-16
                   Group #4:      719  114  719                     3.3e-16  1.2e-16
                   Group #5:      719  114  719                     3.4e-16  1.3e-16
                   Group #6:      719  114  719                     3.2e-16  1.3e-16
------     当前进度:  67 % - 求解线性方程组
Memory: 3427/3427 3472/3475
------     当前进度:  67 % - 组装矩阵
------     当前进度:  67 % - 求解线性方程组
Memory: 3432/3432 3476/3480
------     当前进度:  67 % - 组装矩阵
Memory: 3433/3433 3478/3480
  73      191.03     0.56396     4380  696 4380     2     0     32
                   Group #1:      730  116  730                     4.9e-16  4.2e-16
                   Group #2:      730  116  730                     3.7e-16  1.7e-16
                   Group #3:      730  116  730                     3.2e-16  1.3e-16
                   Group #4:      730  116  730                     3.3e-16  1.2e-16
                   Group #5:      730  116  730                     2.8e-16  1.1e-16
                   Group #6:      730  116  730                     3.3e-16  1.3e-16
------     当前进度:  67 % - 组装稀疏模式
Memory: 3449/3449 3494/3494
------     当前进度:  67 % - 组装矩阵
Memory: 3449/3452 3494/3498
  74      192.16      1.1279     4386  702 4386     2     0     32
                   Group #1:      731  117  731                     4.7e-16  3.3e-16
                   Group #2:      731  117  731                     3.6e-16  1.7e-16
                   Group #3:      731  117  731                     3.4e-16  1.4e-16
                   Group #4:      731  117  731                     3.4e-16  1.3e-16
                   Group #5:      731  117  731                     3.3e-16  1.6e-16
                   Group #6:      731  117  731                     3.1e-16  1.3e-16
  75      192.72     0.56396     4452  714 4452     2     0     33
                   Group #1:      742  119  742                     4.2e-16  3.2e-16
                   Group #2:      742  119  742                     3.4e-16  1.5e-16
                   Group #3:      742  119  742                     3.4e-16  1.4e-16
                   Group #4:      742  119  742                     3.4e-16  1.2e-16
                   Group #5:      742  119  742                     3.5e-16  1.4e-16
                   Group #6:      742  119  742                     3.2e-16  1.3e-16
------     当前进度:  67 % - 求解线性方程组
Memory: 3465/3465 3510/3510
  76      193.01     0.28198     4518  726 4518     2     0     34
                   Group #1:      753  121  753                     9.1e-16  5.2e-16
                   Group #2:      753  121  753                     3.4e-16  1.5e-16
                   Group #3:      753  121  753                     3.8e-16  1.4e-16
                   Group #4:      753  121  753                     3.5e-16  1.2e-16
                   Group #5:      753  121  753                     3.6e-16  1.4e-16
                   Group #6:      753  121  753                     3.3e-16  1.3e-16
------     当前进度:  68 % - 组装矩阵
------     当前进度:  68 % - 求解线性方程组
Memory: 3466/3466 3511/3513
------     当前进度:  68 % - 组装矩阵
------     当前进度:  68 % - 求解线性方程组
Memory: 3466/3466 3511/3514
------     当前进度:  68 % - 组装矩阵
  77      193.15     0.14099     4584  738 4584     2     0     35
                   Group #1:      764  123  764                     3.3e-16  2.7e-16
                   Group #2:      764  123  764                     3.4e-16  1.5e-16
                   Group #3:      764  123  764                     3.4e-16  1.4e-16
                   Group #4:      764  123  764                     3.2e-16  1.2e-16
                   Group #5:      764  123  764                     3.5e-16  1.4e-16
                   Group #6:      764  123  764                     3.3e-16  1.2e-16
------     当前进度:  68 % - 组装稀疏模式
Memory: 3478/3483 3524/3528
------     当前进度:  68 % - 组装矩阵
Memory: 3482/3483 3527/3528
  78      193.43     0.28198     4590  744 4590     2     0     35
                   Group #1:      765  124  765                     5.2e-16  3.3e-16
                   Group #2:      765  124  765                     3.3e-16  1.5e-16
                   Group #3:      765  124  765                     2.6e-16  1.4e-16
                   Group #4:      765  124  765                     3.4e-16  1.3e-16
                   Group #5:      765  124  765                     3.1e-16    1e-16
                   Group #6:      765  124  765                     3.1e-16  1.2e-16
------     当前进度:  68 % - 矩阵分解
Memory: 3485/3488 3530/3533
------     当前进度:  68 % - 组装矩阵
Memory: 3490/3490 3536/3536
  79      193.57     0.14099     4656  756 4656     2     0     36
                   Group #1:      776  126  776                     4.8e-16  3.3e-16
                   Group #2:      776  126  776                     3.2e-16  1.4e-16
                   Group #3:      776  126  776                     3.2e-16  1.2e-16
                   Group #4:      776  126  776                     3.2e-16  1.2e-16
                   Group #5:      776  126  776                     2.8e-16  1.3e-16
                   Group #6:      776  126  776                     3.4e-16  1.3e-16
  80      193.85     0.28198     4716  762 4716     2     0     36
                   Group #1:      786  127  786                     4.7e-16  2.7e-16
                   Group #2:      786  127  786                     3.6e-16  1.7e-16
                   Group #3:      786  127  786                     3.3e-16  1.3e-16
                   Group #4:      786  127  786                     3.5e-16  1.3e-16
                   Group #5:      786  127  786                     3.1e-16  1.2e-16
                   Group #6:      786  127  786                     3.3e-16  1.3e-16
------     当前进度:  68 % - 求解线性方程组
Memory: 3509/3509 3555/3558
------     当前进度:  68 % - 组装矩阵
  81      193.99     0.14099     4824  774 4824     2     0     37
                   Group #1:      804  129  804                     5.2e-16  3.2e-16
                   Group #2:      804  129  804                     3.2e-16  1.6e-16
                   Group #3:      804  129  804                     4.8e-16  1.7e-16
                   Group #4:      804  129  804                     3.3e-16  1.2e-16
                   Group #5:      804  129  804                     2.6e-16  1.1e-16
                   Group #6:      804  129  804                     3.2e-16  1.3e-16
  82      194.27     0.28198     4878  780 4878     2     0     37
                   Group #1:      813  130  813                     4.6e-16  3.1e-16
                   Group #2:      813  130  813                     3.6e-16  1.8e-16
                   Group #3:      813  130  813                     5.1e-16  1.8e-16
                   Group #4:      813  130  813                     3.3e-16  1.2e-16
                   Group #5:      813  130  813                     3.5e-16  1.4e-16
                   Group #6:      813  130  813                       3e-16  1.2e-16
  83      194.84     0.56396     4920  786 4920     2     0     37
                   Group #1:      820  131  820                     7.6e-16  4.7e-16
                   Group #2:      820  131  820                     3.3e-16  1.5e-16
                   Group #3:      820  131  820                     1.9e-16  9.7e-17
                   Group #4:      820  131  820                     3.3e-16  1.2e-16
                   Group #5:      820  131  820                     3.1e-16  1.3e-16
                   Group #6:      820  131  820                     3.2e-16  1.3e-16
  84      195.97      1.1279     4956  792 4956     2     0     37
                   Group #1:      826  132  826                     6.8e-16    4e-16
                   Group #2:      826  132  826                     3.6e-16  1.6e-16
                   Group #3:      826  132  826                     2.5e-16  9.8e-17
                   Group #4:      826  132  826                     2.8e-16  1.1e-16
                   Group #5:      826  132  826                     2.8e-16  1.1e-16
                   Group #6:      826  132  826                     3.3e-16  1.3e-16
  85      198.22      2.2558     5004  798 5004     2     0     37
                   Group #1:      834  133  834                     6.5e-16  3.4e-16
                   Group #2:      834  133  834                     3.3e-16  1.5e-16
                   Group #3:      834  133  834                       3e-16  1.2e-16
                   Group #4:      834  133  834                     2.9e-16  1.2e-16
                   Group #5:      834  133  834                       3e-16  1.3e-16
                   Group #6:      834  133  834                     3.5e-16  1.3e-16
  86      202.73      4.5117     5052  804 5052     2     0     37
                   Group #1:      842  134  842                     4.7e-16  2.9e-16
                   Group #2:      842  134  842                     3.5e-16  1.6e-16
                   Group #3:      842  134  842                       3e-16    1e-16
                   Group #4:      842  134  842                     3.3e-16  1.3e-16
                   Group #5:      842  134  842                     2.7e-16  1.2e-16
                   Group #6:      842  134  842                     3.4e-16  1.3e-16
  87      211.76      9.0233     5058  810 5058     2     0     37
                   Group #1:      843  135  843                     4.8e-16  4.1e-16
                   Group #2:      843  135  843                     3.1e-16  1.4e-16
                   Group #3:      843  135  843                     2.7e-16  1.1e-16
                   Group #4:      843  135  843                     3.4e-16  1.3e-16
                   Group #5:      843  135  843                     2.9e-16  1.3e-16
                   Group #6:      843  135  843                     3.4e-16  1.3e-16
------     当前进度:  69 % - 组装矩阵
Memory: 3545/3545 3590/3590
------     当前进度:  69 % - 组装稀疏模式
Memory: 3548/3554 3593/3599
------     当前进度:  69 % - 组装矩阵
Memory: 3551/3554 3596/3599
  88      216.27      4.5117     5124  822 5124     2     0     38
                   Group #1:      854  137  854                     4.9e-16  4.2e-16
                   Group #2:      854  137  854                     3.6e-16  1.6e-16
                   Group #3:      854  137  854                     2.5e-16    1e-16
                   Group #4:      854  137  854                     3.2e-16  1.1e-16
                   Group #5:      854  137  854                     3.4e-16  1.3e-16
                   Group #6:      854  137  854                     3.2e-16  1.3e-16
------     当前进度:  69 % - 求解线性方程组
Memory: 3557/3557 3603/3606
------     当前进度:  69 % - 组装矩阵
  89      225.29      9.0233     5178  828 5178     2     0     38
                   Group #1:      863  138  863                     6.1e-16  4.2e-16
                   Group #2:      863  138  863                     3.7e-16  1.6e-16
                   Group #3:      863  138  863                     2.4e-16  1.1e-16
                   Group #4:      863  138  863                     3.1e-16  1.1e-16
                   Group #5:      863  138  863                     3.1e-16  1.2e-16
                   Group #6:      863  138  863                       3e-16  1.2e-16
-------    当前进度:  70 % - 组装矩阵
   -         240           - out
  90      243.34      18.047     5202  834 5202     2     0     38
                   Group #1:      867  139  867                     4.5e-16  3.6e-16
                   Group #2:      867  139  867                     3.6e-16  3.6e-16
                   Group #3:      867  139  867                     3.4e-16  1.4e-16
                   Group #4:      867  139  867                     3.6e-16  1.3e-16
                   Group #5:      867  139  867                     2.8e-16  1.2e-16
                   Group #6:      867  139  867                     3.3e-16  1.2e-16
-------    当前进度:  72 % - 组装矩阵
Memory: 3562/3562 3607/3610
  91      252.36      9.0233     5310  846 5310     2     0     39
                   Group #1:      885  141  885                     6.7e-16  4.2e-16
                   Group #2:      885  141  885                     3.5e-16  1.7e-16
                   Group #3:      885  141  885                     3.1e-16  1.4e-16
                   Group #4:      885  141  885                     3.2e-16  1.2e-16
                   Group #5:      885  141  885                     3.2e-16  1.3e-16
                   Group #6:      885  141  885                     2.9e-16  1.2e-16
-------    当前进度:  72 % - 
Memory: 3581/3581 3627/3630
-------    当前进度:  72 % - 组装矩阵
Memory: 3582/3582 3628/3630
  92      256.87      4.5117     5388  858 5388     2     0     40
                   Group #1:      898  143  898                       5e-16  3.3e-16
                   Group #2:      898  143  898                     3.5e-16  1.8e-16
                   Group #3:      898  143  898                     3.3e-16  1.3e-16
                   Group #4:      898  143  898                     3.3e-16  1.2e-16
                   Group #5:      898  143  898                     2.3e-16    1e-16
                   Group #6:      898  143  898                     3.2e-16  1.2e-16
-------    当前进度:  73 % - 组装矩阵
Memory: 3592/3592 3637/3637
-------    当前进度:  73 % - 组装稀疏模式
Memory: 3600/3600 3645/3645
-------    当前进度:  73 % - 组装矩阵
Memory: 3599/3604 3644/3649
  93      259.13      2.2558     5454  870 5454     2     0     41
                   Group #1:      909  145  909                     4.7e-16    3e-16
                   Group #2:      909  145  909                     3.7e-16  1.6e-16
                   Group #3:      909  145  909                     3.5e-16  1.5e-16
                   Group #4:      909  145  909                     3.1e-16  1.2e-16
                   Group #5:      909  145  909                     3.2e-16  1.4e-16
                   Group #6:      909  145  909                     3.4e-16  1.3e-16
  94      263.64      4.5117     5460  876 5460     2     0     41
                   Group #1:      910  146  910                     5.4e-16  3.3e-16
                   Group #2:      910  146  910                     3.7e-16  1.7e-16
                   Group #3:      910  146  910                     3.5e-16  1.4e-16
                   Group #4:      910  146  910                     3.1e-16  1.2e-16
                   Group #5:      910  146  910                     3.1e-16  1.4e-16
                   Group #6:      910  146  910                     3.1e-16  1.2e-16
  95       265.9      2.2558     5526  888 5526     2     0     42
                   Group #1:      921  148  921                     5.4e-16    5e-16
                   Group #2:      921  148  921                     3.7e-16  1.6e-16
                   Group #3:      921  148  921                     3.7e-16  1.5e-16
                   Group #4:      921  148  921                     3.4e-16  1.2e-16
                   Group #5:      921  148  921                       3e-16  1.3e-16
                   Group #6:      921  148  921                     3.2e-16  1.2e-16
  96      270.41      4.5117     5532  894 5532     2     0     42
                   Group #1:      922  149  922                     5.6e-16  4.6e-16
                   Group #2:      922  149  922                     4.1e-16  1.7e-16
                   Group #3:      922  149  922                     3.9e-16  1.5e-16
                   Group #4:      922  149  922                     3.1e-16  1.2e-16
                   Group #5:      922  149  922                     3.3e-16  1.3e-16
                   Group #6:      922  149  922                     3.2e-16  1.3e-16
-------    当前进度:  74 % - 组装矩阵
Memory: 3630/3635 3676/3680
-------    当前进度:  74 % - 求解线性方程组
Memory: 3634/3637 3679/3683
-------    当前进度:  74 % - 组装矩阵
  97      272.67      2.2558     5598  906 5598     2     0     43
                   Group #1:      933  151  933                     4.9e-16  4.3e-16
                   Group #2:      933  151  933                     3.1e-16  1.4e-16
                   Group #3:      933  151  933                     3.2e-16  1.3e-16
                   Group #4:      933  151  933                     3.3e-16  1.2e-16
                   Group #5:      933  151  933                     2.8e-16  1.3e-16
                   Group #6:      933  151  933                     3.3e-16  1.3e-16
  98      277.18      4.5117     5604  912 5604     2     0     43
                   Group #1:      934  152  934                       5e-16  4.4e-16
                   Group #2:      934  152  934                     3.8e-16  1.8e-16
                   Group #3:      934  152  934                     3.3e-16  1.3e-16
                   Group #4:      934  152  934                     3.2e-16  1.2e-16
                   Group #5:      934  152  934                       3e-16  1.3e-16
                   Group #6:      934  152  934                     3.3e-16  1.3e-16
  99      279.43      2.2558     5670  924 5670     2     0     44
                   Group #1:      945  154  945                     5.6e-16  4.5e-16
                   Group #2:      945  154  945                     3.1e-16  1.5e-16
                   Group #3:      945  154  945                     3.6e-16  1.4e-16
                   Group #4:      945  154  945                       3e-16  1.2e-16
                   Group #5:      945  154  945                     2.9e-16  1.4e-16
                   Group #6:      945  154  945                     3.2e-16  1.3e-16
-------    当前进度:  74 % - 组装稀疏模式
Memory: 3659/3659 3705/3705
-------    当前进度:  74 % - 组装矩阵
Memory: 3659/3664 3705/3711
 100      280.56      1.1279     5736  936 5736     2     0     45
                   Group #1:      956  156  956                     4.9e-16  4.2e-16
                   Group #2:      956  156  956                     3.8e-16  1.7e-16
                   Group #3:      956  156  956                     3.8e-16  1.5e-16
                   Group #4:      956  156  956                     3.3e-16  1.2e-16
                   Group #5:      956  156  956                     2.6e-16  1.1e-16
                   Group #6:      956  156  956                     3.6e-16  1.4e-16
-------    当前进度:  75 % - 组装矩阵
Memory: 3668/3668 3714/3714
-------    当前进度:  75 % - 求解线性方程组
Memory: 3666/3670 3712/3716
-------    当前进度:  75 % - 组装矩阵
 101      281.12     0.56396     5802  948 5802     2     0     46
                   Group #1:      967  158  967                       5e-16  3.9e-16
                   Group #2:      967  158  967                     3.6e-16  1.7e-16
                   Group #3:      967  158  967                     3.5e-16  1.5e-16
                   Group #4:      967  158  967                     3.2e-16  1.2e-16
                   Group #5:      967  158  967                     3.3e-16  1.4e-16
                   Group #6:      967  158  967                     3.3e-16  1.3e-16
 102      282.25      1.1279     5808  954 5808     2     0     46
                   Group #1:      968  159  968                     4.8e-16  3.6e-16
                   Group #2:      968  159  968                     3.5e-16  1.6e-16
                   Group #3:      968  159  968                     3.1e-16  1.3e-16
                   Group #4:      968  159  968                     3.4e-16  1.3e-16
                   Group #5:      968  159  968                     3.8e-16  1.5e-16
                   Group #6:      968  159  968                     3.3e-16  1.3e-16
