*******************************************
***COMSOL 6.3.0.290 progress output file***
*******************************************
Wed Sep 30 03:35:00 SGT 2026
<---- O: orbital transient, 3.0 orbits/解 4 (sol4) 中的“编译方程: 轨道热载荷” --------------
开始于 2026年9月30日 上午3:35:14。
几何形函数: 二次拉格朗日单元
几何形函数: 二次拉格朗日单元
几何形函数: 二次拉格朗日单元
几何形函数: 二次拉格朗日单元
几何形函数: 二次拉格朗日单元
几何形函数: 二次拉格朗日单元
在 AMD64 Family 25 Model 117 Stepping 2, AuthenticAMD 上运行。
在以下位置使用 1 个插槽： MarkLiu 上（共 5 个内核）。
可用内存：32.38 GB。
           当前进度:   0 % - 生成方程
Memory: 943/956 965/974
           当前进度:   1 % - 编译方程: 轨道热载荷
Memory: 1202/1202 1223/1224
           当前进度:   1 % - 正在创建可视化网格
Memory: 1196/1211 1217/1234
时间：20。
物理内存: 1.3 GB
虚拟内存: 1.32 GB
结束时间：2026年9月30日 上午3:35:34。
----- O: orbital transient, 3.0 orbits/解 4 (sol4) 中的“编译方程: 轨道热载荷” ------------->
<---- O: orbital transient, 3.0 orbits/解 4 (sol4) 中的“因变量 1” --------------------
开始于 2026年9月30日 上午3:35:34。
           当前进度:   1 % - 因变量 1
Memory: 1220/1300 1240/1323
求解时间：0 s。
物理内存: 1.23 GB
虚拟内存: 1.25 GB
结束时间：2026年9月30日 上午3:35:34。
----- O: orbital transient, 3.0 orbits/解 4 (sol4) 中的“因变量 1” ------------------->
<---- O: orbital transient, 3.0 orbits/解 4 (sol4) 中的“瞬态求解器 1” ------------------
开始于 2026年9月30日 上午3:35:34。
瞬态求解器 (BDF)
求解的自由度数：60（加上 16736 个内部自由度）。
           当前进度:   2 % - 瞬态求解器 1
Memory: 1280/1300 1301/1323
找到对称矩阵。
           当前进度:   2 % - 组装矩阵
Memory: 1297/1300 1317/1323
缩放因变量：
形函数 (comp1.otl2.ds_hrs.storeGextd_band): 1
形函数 (comp1.otl2.ds_hrs.storeGextu_band): 1
形函数 (comp1.otl3.ds_pvr.storeGextd_band): 1
形函数 (comp1.otl3.ds_pvr.storeGextu_band): 1
形函数 (comp1.otl3.ds_rsa.storeGextd_band): 1
形函数 (comp1.otl3.ds_rsa.storeGextu_band): 1
形函数 (comp1.otl4.ds_saw.storeGextd_band): 1
形函数 (comp1.otl4.ds_saw.storeGextu_band): 1
形函数 (comp1.otl.ds_box.storeGextd_band): 1
形函数 (comp1.otl.ds_box.storeGextu_band): 1
形函数 (comp1.otl.ds_payload.storeGextd_band): 1
形函数 (comp1.otl.ds_payload.storeGextu_band): 1
形函数 (comp1.otl.ds_skin_rus.storeGextd_band): 1
形函数 (comp1.otl.ds_skin_rus.storeGextu_band): 1
形函数 (comp1.otl.ds_skin_usos.storeGextd_band): 1
形函数 (comp1.otl.ds_skin_usos.storeGextu_band): 1
形函数 (comp1.otl.ds_truss.storeGextd_band): 1
形函数 (comp1.otl.ds_truss.storeGextu_band): 1
指示器状态的比例：
comp1.otl2.inEclipse_event: 4e+05
comp1.otl2.outEclipse_event: 4e+05
comp1.otl3.inEclipse_event: 4e+05
comp1.otl3.outEclipse_event: 4e+05
comp1.otl4.inEclipse_event: 4e+05
comp1.otl4.outEclipse_event: 4e+05
comp1.otl.inEclipse_event: 4e+05
comp1.otl.outEclipse_event: 4e+05
Step        Time    Stepsize      Res  Jac  Sol Order Tfail NLfail   LinErr   LinRes
   0           0           - out    2    3    2                  0        0        0
指示器状态的比例：
comp1.otl2.inEclipse_event: 4e+05
comp1.otl2.outEclipse_event: 4e+05
comp1.otl3.inEclipse_event: 4e+05
comp1.otl3.outEclipse_event: 4e+05
comp1.otl4.inEclipse_event: 4e+05
comp1.otl4.outEclipse_event: 4e+05
comp1.otl.inEclipse_event: 4e+05
comp1.otl.outEclipse_event: 4e+05
           当前进度:   2 % - 约束处理
Memory: 1321/1321 1341/1341
           当前进度:   2 % - 
Memory: 1367/1368 1382/1385
   1          60          60 out    3    4    3     1     0      0        0        0
           当前进度:   5 % - 
Memory: 1381/1388 1392/1401
   2         120          60 out    4    5    4     1     0      0        0        0
           当前进度:   7 % - 组装矩阵
Memory: 1386/1398 1397/1409
           当前进度:   7 % - 
Memory: 1394/1402 1405/1413
   3         180          60 out    5    6    5     2     0      0        0        0
           当前进度:   9 % - 
Memory: 1402/1408 1413/1419
   4         240          60 out    6    7    6     2     0      0        0        0
-          当前进度:  12 % - 
Memory: 1414/1420 1425/1431
   5         300          60 out    7    8    7     2     0      0        0        0
-          当前进度:  14 % - 
Memory: 1416/1429 1427/1440
   6         360          60 out    8    9    8     2     0      0        0        0
-          当前进度:  17 % - 
Memory: 1421/1432 1444/1459
   7         420          60 out    9   10    9     2     0      0        0        0
-          当前进度:  19 % - 
Memory: 1425/1437 1448/1460
   8         480          60 out   10   11   10     2     0      0        0        0
--         当前进度:  21 % - 
Memory: 1432/1440 1451/1463
   9         540          60 out   11   12   11     2     0      0        0        0
--         当前进度:  24 % - 
Memory: 1434/1444 1453/1463
  10         600          60 out   12   13   12     2     0      0        0        0
--         当前进度:  26 % - 
Memory: 1435/1444 1454/1463
  11         660          60 out   13   14   13     2     0      0        0        0
--         当前进度:  29 % - 
Memory: 1438/1450 1449/1465
  12         720          60 out   14   15   14     2     0      0        0        0
---        当前进度:  31 % - 
Memory: 1439/1450 1450/1465
  13         780          60 out   15   16   15     2     0      0        0        0
---        当前进度:  33 % - 
Memory: 1445/1450 1455/1465
  14         840          60 out   16   17   16     2     0      0        0        0
---        当前进度:  36 % - 
Memory: 1446/1450 1469/1476
  15         900          60 out   17   18   17     2     0      0        0        0
---        当前进度:  38 % - 
Memory: 1446/1450 1468/1476
  16         960          60 out   18   19   18     2     0      0        0        0
----       当前进度:  41 % - 
Memory: 1447/1452 1469/1476
  17        1020          60 out   19   20   19     2     0      0        0        0
----       当前进度:  43 % - 
  18        1080          60 out   20   21   20     2     0      0        0        0
----       当前进度:  45 % - 
Memory: 1449/1453 1472/1476
  19        1140          60 out   21   22   21     2     0      0        0        0
----       当前进度:  48 % - 组装矩阵
Memory: 1450/1453 1473/1476
----       当前进度:  48 % - 
Memory: 1449/1453 1472/1476
  20        1200          60 out   22   23   22     2     0      0        0        0
时间步进已完成。
-----      当前进度:  50 % - 
Memory: 1451/1454 1473/1477
求解时间：62 s。 （1 分钟，2 秒）
物理内存: 1.46 GB
虚拟内存: 1.49 GB
结束时间：2026年9月30日 上午3:36:36。
----- O: orbital transient, 3.0 orbits/解 4 (sol4) 中的“瞬态求解器 1” ----------------->
<---- O: orbital transient, 3.0 orbits/解 4 (sol4) 中的“编译方程: 轨道温度” ---------------
开始于 2026年9月30日 上午3:36:36。
几何形函数: 二次拉格朗日单元
几何形函数: 二次拉格朗日单元
几何形函数: 二次拉格朗日单元
几何形函数: 二次拉格朗日单元
几何形函数: 二次拉格朗日单元
几何形函数: 二次拉格朗日单元
-----      当前进度:  50 % - 生成方程
Memory: 1490/1494 1513/1517
-----      当前进度:  51 % - 编译方程: 轨道温度
Memory: 1742/1743 1768/1770
-----      当前进度:  51 % - 正在创建可视化网格
Memory: 1754/1757 1779/1783
时间：19。
物理内存: 2.01 GB
虚拟内存: 2.05 GB
结束时间：2026年9月30日 上午3:36:55。
----- O: orbital transient, 3.0 orbits/解 4 (sol4) 中的“编译方程: 轨道温度” -------------->
<---- O: orbital transient, 3.0 orbits/解 4 (sol4) 中的“因变量 2” --------------------
开始于 2026年9月30日 上午3:36:55。
待求解变量的初始值: 解 4 (sol4), 解存储 2 (sol5), t=1200 s [自动（单一解）].
不求解变量的值: 解 4 (sol4), 解存储 2 (sol5), t=1200 s [自动（单一解）].
-----      当前进度:  51 % - 因变量 2
Memory: 1838/2013 1882/2045
求解时间：0 s。
物理内存: 2.01 GB
虚拟内存: 2.04 GB
结束时间：2026年9月30日 上午3:36:55。
----- O: orbital transient, 3.0 orbits/解 4 (sol4) 中的“因变量 2” ------------------->
<---- O: orbital transient, 3.0 orbits/解 4 (sol4) 中的“瞬态求解器 2” ------------------
开始于 2026年9月30日 上午3:36:55。
瞬态求解器 (BDF)
-----      当前进度:  52 % - 瞬态求解器 2
Memory: 1845/2013 1894/2045
求解的自由度数：24752（加上 8908 个内部自由度）。
-----      当前进度:  52 % - 组装稀疏模式
Memory: 1857/2013 1904/2045
-----      当前进度:  52 % - 组装矩阵
Memory: 1900/2013 1948/2045
找到对称矩阵。
缩放因变量：
温度 (comp1.T): 3e+02
已使用正交零空间函数。
-----      当前进度:  52 % - 约束处理
Memory: 1908/2013 1949/2045
-----      当前进度:  52 % - 组装矩阵
Memory: 1910/2013 1950/2045
找到非对称矩阵。
缩放因变量：
温度 (comp1.T2): 3e+02
collected heat Qc (W) (comp1.ODE1): 2e+04
NH3 panel outlet temperatures (K) (comp1.ODE2): 3e+02
radiator flow fractions (comp1.ODE3): 1
已使用正交零空间函数。
找到对称矩阵。
缩放因变量：
表面辐射度，上侧 (comp1.otl.ds_box.Ju_band): 1.6e+02
表面辐射度，上侧 (comp1.otl.ds_payload.Ju_band): 1.6e+02
表面辐射度，下侧 (comp1.otl.ds_skin_rus.Jd_band): 1.3e+02
表面辐射度，上侧 (comp1.otl.ds_skin_rus.Ju_band): 1.3e+02
表面辐射度，下侧 (comp1.otl.ds_skin_usos.Jd_band): 66
表面辐射度，上侧 (comp1.otl.ds_skin_usos.Ju_band): 66
表面辐射度，上侧 (comp1.otl.ds_truss.Ju_band): 99
已使用正交零空间函数。
-----      当前进度:  52 % - 约束处理
Memory: 1911/2013 1950/2045
找到对称矩阵。
缩放因变量：
表面辐射度，下侧 (comp1.otl2.ds_hrs.Jd_band): 1.1e+02
表面辐射度，上侧 (comp1.otl2.ds_hrs.Ju_band): 1.1e+02
已使用正交零空间函数。
-----      当前进度:  52 % - 组装稀疏模式
Memory: 1913/2013 1952/2045
找到对称矩阵。
缩放因变量：
表面辐射度，下侧 (comp1.otl3.ds_pvr.Jd_band): 1.2e+02
表面辐射度，上侧 (comp1.otl3.ds_pvr.Ju_band): 1.2e+02
表面辐射度，下侧 (comp1.otl3.ds_rsa.Jd_band): 1.6e+02
表面辐射度，上侧 (comp1.otl3.ds_rsa.Ju_band): 1.7e+02
已使用正交零空间函数。
找到对称矩阵。
缩放因变量：
表面辐射度，下侧 (comp1.otl4.ds_saw.Jd_band): 1.6e+02
表面辐射度，上侧 (comp1.otl4.ds_saw.Ju_band): 1.7e+02
已使用正交零空间函数。
-----      当前进度:  52 % - 约束处理
Memory: 1920/2013 1959/2045
找到对称矩阵。
指示器状态的比例：
comp1.otl2.inEclipse_event: 4e+05
comp1.otl2.outEclipse_event: 4e+05
comp1.otl3.inEclipse_event: 4e+05
comp1.otl3.outEclipse_event: 4e+05
comp1.otl4.inEclipse_event: 4e+05
comp1.otl4.outEclipse_event: 4e+05
comp1.otl.inEclipse_event: 4e+05
comp1.otl.outEclipse_event: 4e+05
Step        Time    Stepsize      Res  Jac  Sol Order Tfail NLfail   LinErr   LinRes
-----      当前进度:  52 % - 组装矩阵
Memory: 1966/2013 2012/2045
-----      当前进度:  52 % - 组装稀疏模式
Memory: 1976/2013 2022/2045
-----      当前进度:  52 % - 矩阵分解
Memory: 2004/2013 2055/2056
-----      当前进度:  52 % - 组装矩阵
Memory: 2035/2035 2083/2083
-----      当前进度:  52 % - 组装稀疏模式
Memory: 2075/2075 2116/2116
-----      当前进度:  52 % - 组装矩阵
Memory: 2084/2084 2126/2126
-----      当前进度:  52 % - 矩阵分解
Memory: 2114/2114 2141/2141
-----      当前进度:  52 % - 组装矩阵
Memory: 2116/2116 2143/2143
-----      当前进度:  52 % - 组装稀疏模式
Memory: 2265/2265 2293/2293
-----      当前进度:  52 % - 组装矩阵
Memory: 2288/2289 2320/2320
-----      当前进度:  52 % - 组装稀疏模式
Memory: 2293/2293 2326/2326
-----      当前进度:  52 % - 组装矩阵
Memory: 2300/2300 2332/2332
-----      当前进度:  52 % - 组装稀疏模式
Memory: 2308/2308 2353/2353
-----      当前进度:  52 % - 组装矩阵
Memory: 2314/2315 2352/2353
-----      当前进度:  52 % - 组装稀疏模式
Memory: 2317/2317 2353/2353
-----      当前进度:  52 % - 组装矩阵
Memory: 2338/2338 2373/2373
   0           0           - out  132   30  132                  0
                   Group #1:       22    5   22                     5.7e-16  4.3e-16
                   Group #2:       22    5   22                       4e-16  1.8e-16
                   Group #3:       22    5   22                     3.3e-16  1.5e-16
                   Group #4:       22    5   22                     3.2e-16  1.2e-16
                   Group #5:       22    5   22                     2.8e-16  1.2e-16
                   Group #6:       22    5   22                     3.1e-16  1.2e-16
指示器状态的比例：
comp1.otl2.inEclipse_event: 4e+05
comp1.otl2.outEclipse_event: 4e+05
comp1.otl3.inEclipse_event: 4e+05
comp1.otl3.outEclipse_event: 4e+05
comp1.otl4.inEclipse_event: 4e+05
comp1.otl4.outEclipse_event: 4e+05
comp1.otl.inEclipse_event: 4e+05
comp1.otl.outEclipse_event: 4e+05
-----      当前进度:  52 % - 求解线性方程组
Memory: 2435/2435 2464/2467
-----      当前进度:  52 % - 组装矩阵
-----      当前进度:  52 % - 求解线性方程组
Memory: 2444/2444 2474/2477
-----      当前进度:  52 % - 组装矩阵
   1     0.23438     0.23438      426   60  426     1     0      4
                   Group #1:       71   10   71                     5.2e-16  3.4e-16
                   Group #2:       71   10   71                     1.7e-16  1.7e-16
                   Group #3:       71   10   71                     3.5e-16  1.5e-16
                   Group #4:       71   10   71                     3.1e-16  1.2e-16
                   Group #5:       71   10   71                       3e-16  1.2e-16
                   Group #6:       71   10   71                     3.2e-16  1.3e-16
-----      当前进度:  52 % - 组装稀疏模式
Memory: 2469/2469 2500/2500
-----      当前进度:  52 % - 组装矩阵
Memory: 2491/2491 2521/2521
-----      当前进度:  52 % - 组装稀疏模式
Memory: 2499/2503 2529/2533
-----      当前进度:  52 % - 求解线性方程组
Memory: 2506/2506 2537/2540
-----      当前进度:  52 % - 组装矩阵
Memory: 2535/2535 2566/2566
-----      当前进度:  52 % - 组装稀疏模式
Memory: 2644/2647 2675/2678
-----      当前进度:  52 % - 组装矩阵
Memory: 2672/2672 2702/2702
   2      15.234          15      534   72  534     1     0      5
                   Group #1:       89   12   89                     5.4e-16  3.7e-16
                   Group #2:       89   12   89                     3.8e-16  1.6e-16
                   Group #3:       89   12   89                     4.5e-16  1.7e-16
                   Group #4:       89   12   89                       3e-16  1.2e-16
                   Group #5:       89   12   89                     3.6e-16  1.4e-16
                   Group #6:       89   12   89                     3.2e-16  1.2e-16
-----      当前进度:  53 % - 组装矩阵
Memory: 2690/2690 2720/2720
-----      当前进度:  53 % - 组装稀疏模式
Memory: 2687/2694 2718/2724
-----      当前进度:  53 % - 组装矩阵
Memory: 2700/2700 2730/2730
-----      当前进度:  53 % - 组装稀疏模式
Memory: 2718/2718 2749/2751
-----      当前进度:  53 % - 组装矩阵
Memory: 2722/2724 2753/2755
   3      18.984        3.75      629   90  628     2     0      7
                   Group #1:      105   15  105                     5.6e-16  4.3e-16
                   Group #2:      105   15  105                     1.7e-16  1.8e-16
                   Group #3:      105   15  105                     3.3e-16  1.4e-16
                   Group #4:      105   15  105                     3.5e-16  1.3e-16
                   Group #5:      105   15  104                     3.4e-16  1.3e-16
                   Group #6:      104   15  104                     3.1e-16  1.2e-16
-----      当前进度:  53 % - 组装稀疏模式
Memory: 2752/2752 2782/2783
-----      当前进度:  53 % - 组装矩阵
Memory: 2756/2758 2786/2788
-----      当前进度:  53 % - 组装稀疏模式
Memory: 2756/2758 2786/2789
-----      当前进度:  53 % - 组装矩阵
Memory: 2756/2760 2786/2790
   4      33.984          15      675  102  673     2     0      8
                   Group #1:      113   17  113                       5e-16  4.4e-16
                   Group #2:      113   17  113                     3.1e-16    2e-16
                   Group #3:      113   17  113                     3.5e-16  1.4e-16
                   Group #4:      113   17  112                     2.9e-16  1.2e-16
                   Group #5:      112   17  111                     3.4e-16  1.2e-16
                   Group #6:      111   17  111                     3.5e-16  1.3e-16
   5      48.984          15      771  114  769     2     0      9
                   Group #1:      129   19  129                     5.5e-16  3.7e-16
                   Group #2:      129   19  129                     2.7e-16  2.1e-16
                   Group #3:      129   19  129                     3.5e-16  1.4e-16
                   Group #4:      129   19  128                     3.4e-16  1.2e-16
                   Group #5:      128   19  127                     3.3e-16  1.2e-16
                   Group #6:      127   19  127                       3e-16  1.2e-16
-----      当前进度:  54 % - 组装矩阵
Memory: 2789/2789 2831/2835
   -          60           - out
-----      当前进度:  55 % - 组装矩阵
Memory: 2804/2807 2842/2846
   6      63.984          15      873  126  871     2     0     10
                   Group #1:      146   21  146                     5.3e-16    4e-16
                   Group #2:      146   21  146                     3.4e-16  3.4e-16
                   Group #3:      146   21  146                     3.1e-16  1.4e-16
                   Group #4:      146   21  145                     3.5e-16  1.3e-16
                   Group #5:      145   21  144                     3.7e-16  1.3e-16
                   Group #6:      144   21  144                     3.3e-16  1.3e-16
   -         120           - out
-----      当前进度:  57 % - 组装矩阵
Memory: 2815/2815 2853/2855
   7      123.98          60      921  132  919     2     0     10
                   Group #1:      154   22  154                     5.7e-16  3.7e-16
                   Group #2:      154   22  154                     4.9e-16  5.1e-16
                   Group #3:      154   22  154                     2.2e-16  9.8e-17
                   Group #4:      154   22  153                     3.1e-16  1.2e-16
                   Group #5:      153   22  152                     2.9e-16    1e-16
                   Group #6:      152   22  152                     3.6e-16  1.3e-16
-----      当前进度:  57 % - 求解线性方程组
Memory: 2818/2819 2855/2859
-----      当前进度:  57 % - 组装矩阵
   8      138.98          15     1035  144 1033     2     0     11
                   Group #1:      173   24  173                     4.3e-16  3.7e-16
                   Group #2:      173   24  173                       3e-16  1.5e-16
                   Group #3:      173   24  173                     3.7e-16  1.7e-16
                   Group #4:      173   24  172                     3.5e-16  1.3e-16
                   Group #5:      172   24  171                     3.8e-16  1.4e-16
                   Group #6:      171   24  171                       3e-16  1.2e-16
-----      当前进度:  58 % - 组装矩阵
Memory: 2824/2826 2861/2865
   -         180           - out
------     当前进度:  60 % - 组装矩阵
Memory: 2832/2832 2869/2873
   9      198.98          60     1095  150 1093     2     0     11
                   Group #1:      183   25  183                     4.7e-16  3.7e-16
                   Group #2:      183   25  183                     4.3e-16  6.5e-16
                   Group #3:      183   25  183                     2.3e-16  1.4e-16
                   Group #4:      183   25  182                     3.4e-16  1.2e-16
                   Group #5:      182   25  181                     3.6e-16  1.3e-16
                   Group #6:      181   25  181                     3.3e-16  1.3e-16
   -         240           - out
------     当前进度:  62 % - 组装矩阵
Memory: 2846/2847 2879/2885
  10      258.98          60     1149  156 1147     2     0     11
                   Group #1:      192   26  192                     5.3e-16  3.3e-16
                   Group #2:      192   26  192                     5.8e-16    4e-16
                   Group #3:      192   26  192                     2.5e-16  1.4e-16
                   Group #4:      192   26  191                     3.5e-16  1.3e-16
                   Group #5:      191   26  190                     3.3e-16  1.2e-16
                   Group #6:      190   26  190                     3.2e-16  1.3e-16
------     当前进度:  62 % - 组装稀疏模式
------     当前进度:  62 % - 组装矩阵
Memory: 2849/2853 2882/2886
   -         300           - out
------     当前进度:  65 % - 组装矩阵
Memory: 2856/2856 2890/2892
  11      318.98          60     1209  162 1207     2     0     11
                   Group #1:      202   27  202                     4.4e-16  3.4e-16
                   Group #2:      202   27  202                     2.9e-16  1.5e-16
                   Group #3:      202   27  202                     3.5e-16  1.6e-16
                   Group #4:      202   27  201                     3.1e-16  1.2e-16
                   Group #5:      201   27  200                     3.4e-16  1.5e-16
                   Group #6:      200   27  200                     3.3e-16  1.2e-16
------     当前进度:  65 % - 组装稀疏模式
Memory: 2854/2863 2887/2897
------     当前进度:  65 % - 组装矩阵
   -         360           - out
------     当前进度:  67 % - 组装矩阵
Memory: 2858/2863 2892/2897
  12      378.98          60     1251  168 1249     2     0     11
                   Group #1:      209   28  209                     5.3e-16  3.9e-16
                   Group #2:      209   28  209                     3.6e-16    2e-16
                   Group #3:      209   28  209                     3.3e-16  1.5e-16
                   Group #4:      209   28  208                     3.2e-16  1.2e-16
                   Group #5:      208   28  207                     2.9e-16  1.3e-16
                   Group #6:      207   28  207                     3.3e-16  1.2e-16
   -         420           - out
  13      438.98          60     1293  174 1291     2     0     11
                   Group #1:      216   29  216                       6e-16  3.7e-16
                   Group #2:      216   29  216                     3.3e-16  1.9e-16
                   Group #3:      216   29  216                     2.4e-16  1.6e-16
                   Group #4:      216   29  215                     3.3e-16  1.3e-16
                   Group #5:      215   29  214                       3e-16  1.3e-16
                   Group #6:      214   29  214                     3.3e-16  1.3e-16
-------    当前进度:  70 % - 组装矩阵
Memory: 2865/2867 2898/2902
   -         480           - out
-------    当前进度:  72 % - 组装矩阵
Memory: 2889/2889 2923/2926
  14      498.98          60     1329  180 1327     2     0     11
                   Group #1:      222   30  222                     5.6e-16  3.6e-16
                   Group #2:      222   30  222                     2.9e-16  1.7e-16
                   Group #3:      222   30  222                       5e-16  2.2e-16
                   Group #4:      222   30  221                     3.1e-16  1.2e-16
                   Group #5:      221   30  220                     3.4e-16  1.3e-16
                   Group #6:      220   30  220                     3.2e-16  1.2e-16
   -         540           - out
-------    当前进度:  74 % - 组装矩阵
Memory: 2893/2898 2926/2932
  15      558.98          60     1365  186 1363     2     0     11
                   Group #1:      228   31  228                     4.3e-16  3.3e-16
                   Group #2:      228   31  228                       4e-16  1.9e-16
                   Group #3:      228   31  228                       3e-16  1.2e-16
                   Group #4:      228   31  227                     3.3e-16  1.2e-16
                   Group #5:      227   31  226                     3.4e-16  1.4e-16
                   Group #6:      226   31  226                     3.2e-16  1.3e-16
   -         600           - out
-------    当前进度:  77 % - 
Memory: 2900/2900 2933/2937
  16      618.98          60     1395  192 1393     2     0     11
                   Group #1:      233   32  233                     5.2e-16  3.9e-16
                   Group #2:      233   32  233                     3.4e-16  1.7e-16
                   Group #3:      233   32  233                     2.5e-16  1.3e-16
                   Group #4:      233   32  232                     3.2e-16  1.2e-16
                   Group #5:      232   32  231                     3.1e-16  1.2e-16
                   Group #6:      231   32  231                     3.3e-16  1.3e-16
-------    当前进度:  77 % - 组装矩阵
Memory: 2901/2901 2935/2937
   -         660           - out
  17      678.98          60     1425  198 1423     2     0     11
                   Group #1:      238   33  238                     3.9e-16    3e-16
                   Group #2:      238   33  238                     3.7e-16  1.8e-16
                   Group #3:      238   33  238                     3.5e-16  1.5e-16
                   Group #4:      238   33  237                     3.1e-16  1.1e-16
                   Group #5:      237   33  236                     2.8e-16  1.1e-16
                   Group #6:      236   33  236                       3e-16  1.2e-16
-------    当前进度:  79 % - 组装矩阵
Memory: 2908/2908 2941/2944
   -         720           - out
  18      738.98          60     1461  204 1459     2     0     11
                   Group #1:      244   34  244                     5.5e-16  3.4e-16
                   Group #2:      244   34  244                     2.9e-16  1.5e-16
                   Group #3:      244   34  244                     2.6e-16  1.4e-16
                   Group #4:      244   34  243                     3.6e-16  1.2e-16
                   Group #5:      243   34  242                       3e-16  1.3e-16
                   Group #6:      242   34  242                       3e-16  1.2e-16
--------   当前进度:  82 % - 组装矩阵
Memory: 2910/2912 2944/2947
   -         780           - out
--------   当前进度:  84 % - 组装矩阵
Memory: 2920/2920 2954/2956
  19      798.98          60     1497  210 1495     2     0     11
                   Group #1:      250   35  250                       5e-16  3.5e-16
                   Group #2:      250   35  250                     3.4e-16  1.9e-16
                   Group #3:      250   35  250                     2.9e-16  1.4e-16
                   Group #4:      250   35  249                     3.5e-16  1.3e-16
                   Group #5:      249   35  248                     2.7e-16  1.2e-16
                   Group #6:      248   35  248                     2.8e-16  1.3e-16
--------   当前进度:  84 % - 组装稀疏模式
Memory: 2918/2925 2951/2958
--------   当前进度:  84 % - 组装矩阵
Memory: 2924/2925 2958/2958
   -         840           - out
--------   当前进度:  86 % - 组装矩阵
Memory: 2928/2929 2961/2966
  20      858.98          60     1539  216 1537     2     0     11
                   Group #1:      257   36  257                     4.5e-16  3.1e-16
                   Group #2:      257   36  257                       3e-16  1.7e-16
                   Group #3:      257   36  257                     2.9e-16  1.3e-16
                   Group #4:      257   36  256                     3.5e-16  1.3e-16
                   Group #5:      256   36  255                     3.3e-16  1.4e-16
                   Group #6:      255   36  255                     2.8e-16  1.2e-16
--------   当前进度:  86 % - 组装稀疏模式
--------   当前进度:  86 % - 组装矩阵
Memory: 2934/2936 2968/2970
--------   当前进度:  86 % - 求解线性方程组
--------   当前进度:  86 % - 组装矩阵
   -         900           - out
--------   当前进度:  89 % - 组装矩阵
Memory: 2934/2936 2968/2972
  21      918.98          60     1581  222 1579     2     0     11
                   Group #1:      264   37  264                       5e-16  3.3e-16
                   Group #2:      264   37  264                     3.3e-16  1.7e-16
                   Group #3:      264   37  264                     3.2e-16  1.3e-16
                   Group #4:      264   37  263                     3.3e-16  1.2e-16
                   Group #5:      263   37  262                     2.7e-16  1.2e-16
                   Group #6:      262   37  262                     3.2e-16  1.3e-16
--------   当前进度:  89 % - 求解线性方程组
Memory: 2934/2941 2968/2975
--------   当前进度:  89 % - 组装矩阵
   -         960           - out
  22      978.98          60     1617  228 1615     2     0     11
                   Group #1:      270   38  270                     4.8e-16  3.3e-16
                   Group #2:      270   38  270                     4.2e-16  3.6e-16
                   Group #3:      270   38  270                     2.6e-16  1.3e-16
                   Group #4:      270   38  269                     3.1e-16  1.1e-16
                   Group #5:      269   38  268                     2.4e-16  1.1e-16
                   Group #6:      268   38  268                     2.9e-16  1.2e-16
---------  当前进度:  91 % - 组装矩阵
---------  当前进度:  91 % - 求解线性方程组
Memory: 2943/2944 2977/2980
---------  当前进度:  91 % - 组装矩阵
   -        1020           - out
---------  当前进度:  94 % - 组装矩阵
  23        1039          60     1653  234 1651     2     0     11
                   Group #1:      276   39  276                     6.1e-16  4.1e-16
                   Group #2:      276   39  276                     3.2e-16  1.8e-16
                   Group #3:      276   39  276                     2.7e-16  1.3e-16
                   Group #4:      276   39  275                     3.5e-16  1.3e-16
                   Group #5:      275   39  274                     2.9e-16  1.4e-16
                   Group #6:      274   39  274                     2.8e-16  1.2e-16
---------  当前进度:  94 % - 组装稀疏模式
---------  当前进度:  94 % - 组装矩阵
Memory: 2947/2949 2981/2983
   -        1080           - out
---------  当前进度:  96 % - 组装矩阵
Memory: 2952/2953 2987/2990
  24        1099          60     1695  240 1693     2     0     11
                   Group #1:      283   40  283                     5.2e-16  3.1e-16
                   Group #2:      283   40  283                     2.6e-16  1.4e-16
                   Group #3:      283   40  283                     2.8e-16  1.2e-16
                   Group #4:      283   40  282                     3.5e-16  1.3e-16
                   Group #5:      282   40  281                     3.3e-16  1.5e-16
                   Group #6:      281   40  281                     3.1e-16  1.3e-16
   -        1140           - out
  25      1149.5      50.508     1737  246 1735     2     0     11
                   Group #1:      290   41  290                       6e-16  4.1e-16
                   Group #2:      290   41  290                     3.5e-16  1.7e-16
                   Group #3:      290   41  290                     4.1e-16  1.6e-16
                   Group #4:      290   41  289                     2.9e-16    1e-16
                   Group #5:      289   41  288                     3.5e-16  1.3e-16
                   Group #6:      288   41  288                     3.2e-16  1.3e-16
---------  当前进度:  98 % - 组装矩阵
Memory: 2954/2957 2988/2992
  26      1162.1      12.627     1827  258 1825     2     0     12
                   Group #1:      305   43  305                     5.5e-16  3.7e-16
                   Group #2:      305   43  305                     3.5e-16  2.9e-16
                   Group #3:      305   43  305                     3.1e-16  1.5e-16
                   Group #4:      305   43  304                     3.2e-16  1.2e-16
                   Group #5:      304   43  303                     2.7e-16  1.3e-16
                   Group #6:      303   43  303                     2.8e-16  1.4e-16
---------  当前进度:  98 % - 组装稀疏模式
Memory: 2976/2979 3011/3014
---------  当前进度:  98 % - 组装矩阵
Memory: 2977/2979 3011/3014
  27      1171.6      9.4702     1911  270 1909     2     0     13
                   Group #1:      319   45  319                     6.7e-16  4.4e-16
                   Group #2:      319   45  319                     5.1e-16  2.1e-16
                   Group #3:      319   45  319                     2.7e-16  1.4e-16
                   Group #4:      319   45  318                     3.4e-16  1.2e-16
                   Group #5:      318   45  317                     2.4e-16  1.1e-16
                   Group #6:      317   45  317                     3.2e-16  1.3e-16
---------  当前进度:  99 % - 组装矩阵
Memory: 2996/2997 3030/3033
  28      1178.7      7.1027     1977  282 1975     2     0     14
                   Group #1:      330   47  330                     5.6e-16  3.5e-16
                   Group #2:      330   47  330                     2.8e-16  2.7e-16
                   Group #3:      330   47  330                     2.3e-16  1.1e-16
                   Group #4:      330   47  329                     2.9e-16    1e-16
                   Group #5:      329   47  328                     3.1e-16  1.3e-16
                   Group #6:      328   47  328                     3.2e-16  1.3e-16
---------  当前进度:  99 % - 
Memory: 3006/3007 3040/3042
---------  当前进度:  99 % - 组装矩阵
Memory: 3003/3007 3038/3042
---------  当前进度:  99 % - 矩阵分解
Memory: 3002/3007 3037/3042
---------  当前进度:  99 % - 组装矩阵
Memory: 3003/3007 3038/3042
  29        1184       5.327     2043  294 2041     2     0     15
                   Group #1:      341   49  341                     5.1e-16  3.3e-16
                   Group #2:      341   49  341                     3.9e-16    4e-16
                   Group #3:      341   49  341                       3e-16  1.4e-16
                   Group #4:      341   49  340                     3.3e-16  1.1e-16
                   Group #5:      340   49  339                     3.9e-16  1.6e-16
                   Group #6:      339   49  339                     3.4e-16  1.3e-16
---------  当前进度:  99 % - 求解线性方程组
Memory: 3021/3021 3055/3058
---------  当前进度:  99 % - 组装矩阵
  30        1188      3.9952     2109  306 2107     2     0     16
                   Group #1:      352   51  352                     5.2e-16  4.3e-16
                   Group #2:      352   51  352                     4.4e-16  6.1e-16
                   Group #3:      352   51  352                       3e-16  1.2e-16
                   Group #4:      352   51  351                     3.2e-16  1.2e-16
                   Group #5:      351   51  350                     3.2e-16  1.3e-16
                   Group #6:      350   51  350                     3.3e-16  1.3e-16
---------- 当前进度: 100 % - 组装矩阵
Memory: 3021/3026 3055/3060
---------- 当前进度: 100 % - 组装稀疏模式
Memory: 3032/3036 3067/3071
---------- 当前进度: 100 % - 组装矩阵
Memory: 3034/3036 3069/3071
  31        1191      2.9964     2175  318 2173     2     0     17
                   Group #1:      363   53  363                     5.1e-16  4.5e-16
                   Group #2:      363   53  363                     2.1e-16  2.9e-16
                   Group #3:      363   53  363                     2.7e-16  1.3e-16
                   Group #4:      363   53  362                     3.5e-16  1.2e-16
                   Group #5:      362   53  361                     3.1e-16  1.4e-16
                   Group #6:      361   53  361                     3.7e-16  1.6e-16
  32      1193.3      2.2473     2241  330 2239     2     0     18
                   Group #1:      374   55  374                     5.5e-16  4.7e-16
                   Group #2:      374   55  374                     2.3e-16  3.1e-16
                   Group #3:      374   55  374                     2.8e-16  1.2e-16
                   Group #4:      374   55  373                     3.4e-16  1.2e-16
                   Group #5:      373   55  372                     3.1e-16  1.2e-16
                   Group #6:      372   55  372                       3e-16  1.3e-16
---------- 当前进度: 100 % - 矩阵分解
Memory: 3050/3050 3085/3085
---------- 当前进度: 100 % - 组装矩阵
Memory: 3046/3050 3081/3085
  33      1194.9      1.6855     2307  342 2305     2     0     19
                   Group #1:      385   57  385                     5.7e-16  4.6e-16
                   Group #2:      385   57  385                     2.6e-16  4.4e-16
                   Group #3:      385   57  385                     2.7e-16  1.3e-16
                   Group #4:      385   57  384                     3.8e-16  1.2e-16
                   Group #5:      384   57  383                     3.5e-16  1.4e-16
                   Group #6:      383   57  383                     3.1e-16  1.2e-16
  34      1196.2      1.2641     2373  354 2371     2     0     20
                   Group #1:      396   59  396                     4.9e-16  3.9e-16
                   Group #2:      396   59  396                     2.1e-16    2e-16
                   Group #3:      396   59  396                     3.1e-16  1.4e-16
                   Group #4:      396   59  395                     3.8e-16  1.2e-16
                   Group #5:      395   59  394                     3.1e-16  1.2e-16
                   Group #6:      394   59  394                     3.1e-16  1.2e-16
  35      1197.2     0.94809     2439  366 2437     2     0     21
                   Group #1:      407   61  407                     5.4e-16  4.5e-16
                   Group #2:      407   61  407                     1.7e-16  1.6e-16
                   Group #3:      407   61  407                     3.8e-16  1.5e-16
                   Group #4:      407   61  406                     3.4e-16  1.3e-16
                   Group #5:      406   61  405                     2.9e-16  1.4e-16
                   Group #6:      405   61  405                     2.8e-16  1.3e-16
  36      1197.9     0.71107     2505  378 2503     2     0     22
                   Group #1:      418   63  418                     5.5e-16  4.1e-16
                   Group #2:      418   63  418                     2.1e-16  2.1e-16
                   Group #3:      418   63  418                     3.4e-16  1.2e-16
                   Group #4:      418   63  417                     2.8e-16  1.2e-16
                   Group #5:      417   63  416                     2.8e-16  1.3e-16
                   Group #6:      416   63  416                       3e-16  1.2e-16
---------- 当前进度: 100 % - 组装稀疏模式
Memory: 3102/3102 3136/3137
---------- 当前进度: 100 % - 组装矩阵
Memory: 3102/3105 3136/3140
  37      1198.4      0.5333     2571  390 2569     2     0     23
                   Group #1:      429   65  429                     5.3e-16  3.7e-16
                   Group #2:      429   65  429                     2.4e-16  2.4e-16
                   Group #3:      429   65  429                     2.9e-16  1.3e-16
                   Group #4:      429   65  428                     3.7e-16  1.3e-16
                   Group #5:      428   65  427                     2.9e-16  1.4e-16
                   Group #6:      427   65  427                     2.3e-16  1.2e-16
---------- 当前进度: 100 % - 求解线性方程组
Memory: 3114/3114 3149/3149
---------- 当前进度: 100 % - 组装矩阵
---------- 当前进度: 100 % - 组装稀疏模式
Memory: 3112/3118 3147/3155
---------- 当前进度: 100 % - 组装矩阵
Memory: 3113/3118 3148/3155
  38      1198.8     0.39998     2637  402 2635     2     0     24
                   Group #1:      440   67  440                     5.4e-16  3.8e-16
                   Group #2:      440   67  440                     2.1e-16  1.9e-16
                   Group #3:      440   67  440                     3.3e-16  1.3e-16
                   Group #4:      440   67  439                     4.1e-16  1.5e-16
                   Group #5:      439   67  438                     3.2e-16  1.3e-16
                   Group #6:      438   67  438                       3e-16  1.2e-16
---------- 当前进度: 100 % - 组装稀疏模式
Memory: 3123/3123 3158/3161
---------- 当前进度: 100 % - 组装矩阵
Memory: 3120/3127 3156/3163
  39      1199.1     0.29998     2703  414 2701     2     0     25
                   Group #1:      451   69  451                     5.3e-16  3.7e-16
                   Group #2:      451   69  451                     2.5e-16  1.7e-16
                   Group #3:      451   69  451                     2.9e-16  1.2e-16
                   Group #4:      451   69  450                     2.8e-16  1.1e-16
                   Group #5:      450   69  449                     3.1e-16  1.3e-16
                   Group #6:      449   69  449                     3.4e-16  1.3e-16
---------- 当前进度: 100 % - 组装稀疏模式
Memory: 3120/3127 3155/3163
---------- 当前进度: 100 % - 组装矩阵
Memory: 3123/3129 3158/3165
---------- 当前进度: 100 % - 组装稀疏模式
Memory: 3132/3132 3167/3170
---------- 当前进度: 100 % - 组装矩阵
Memory: 3133/3138 3169/3174
  40      1199.3     0.22499     2769  426 2767     2     0     26
                   Group #1:      462   71  462                     6.4e-16  3.9e-16
                   Group #2:      462   71  462                     3.3e-16  2.1e-16
                   Group #3:      462   71  462                     3.3e-16  1.5e-16
                   Group #4:      462   71  461                     3.3e-16  1.3e-16
                   Group #5:      461   71  460                     3.2e-16  1.2e-16
                   Group #6:      460   71  460                     3.2e-16  1.3e-16
---------- 当前进度: 100 % - 求解线性方程组
Memory: 3137/3141 3173/3176
---------- 当前进度: 100 % - 组装矩阵
Memory: 3140/3141 3176/3176
---------- 当前进度: 100 % - 求解线性方程组
Memory: 3140/3141 3176/3179
---------- 当前进度: 100 % - 组装矩阵
  41      1199.5     0.16874     2835  438 2833     2     0     27
                   Group #1:      473   73  473                     5.2e-16  3.3e-16
                   Group #2:      473   73  473                     2.9e-16  1.6e-16
                   Group #3:      473   73  473                     3.2e-16  1.1e-16
                   Group #4:      473   73  472                     3.1e-16  1.1e-16
                   Group #5:      472   73  471                     3.6e-16  1.4e-16
                   Group #6:      471   73  471                     3.6e-16  1.4e-16
---------- 当前进度: 100 % - 组装稀疏模式
Memory: 3158/3160 3193/3196
---------- 当前进度: 100 % - 组装矩阵
Memory: 3154/3162 3189/3197
  42      1199.6     0.12655     2901  450 2899     2     0     28
                   Group #1:      484   75  484                     3.7e-16  2.9e-16
                   Group #2:      484   75  484                     3.1e-16  1.6e-16
                   Group #3:      484   75  484                     3.5e-16  1.5e-16
                   Group #4:      484   75  483                     3.7e-16  1.3e-16
                   Group #5:      483   75  482                     2.8e-16  1.1e-16
                   Group #6:      482   75  482                     3.2e-16  1.3e-16
---------- 当前进度: 100 % - 组装稀疏模式
Memory: 3157/3163 3193/3199
---------- 当前进度: 100 % - 组装矩阵
Memory: 3162/3163 3197/3199
---------- 当前进度: 100 % - 组装稀疏模式
Memory: 3168/3168 3203/3206
---------- 当前进度: 100 % - 组装矩阵
Memory: 3165/3173 3200/3209
  43      1199.7    0.094916     2967  462 2965     2     0     29
                   Group #1:      495   77  495                     4.9e-16  3.6e-16
                   Group #2:      495   77  495                     3.5e-16  1.7e-16
                   Group #3:      495   77  495                     3.2e-16  1.3e-16
                   Group #4:      495   77  494                     3.4e-16  1.2e-16
                   Group #5:      494   77  493                     3.1e-16  1.4e-16
                   Group #6:      493   77  493                     3.2e-16  1.3e-16
---------- 当前进度: 100 % - 求解线性方程组
Memory: 3176/3177 3211/3215
---------- 当前进度: 100 % - 组装矩阵
Memory: 3178/3178 3213/3215
  44      1199.8    0.071187     3033  474 3031     2     0     30
                   Group #1:      506   79  506                       5e-16  3.4e-16
                   Group #2:      506   79  506                     2.9e-16  1.4e-16
                   Group #3:      506   79  506                     2.5e-16    1e-16
                   Group #4:      506   79  505                     3.4e-16  1.2e-16
                   Group #5:      505   79  504                     3.1e-16  1.4e-16
                   Group #6:      504   79  504                       3e-16  1.3e-16
  45      1199.8     0.05339     3099  486 3097     2     0     31
                   Group #1:      517   81  517                     4.5e-16  2.8e-16
                   Group #2:      517   81  517                     3.8e-16  1.8e-16
                   Group #3:      517   81  517                       3e-16  1.4e-16
                   Group #4:      517   81  516                     3.6e-16  1.4e-16
                   Group #5:      516   81  515                     3.5e-16  1.5e-16
                   Group #6:      515   81  515                     3.2e-16  1.3e-16
  46      1199.9    0.040043     3165  498 3163     2     0     32
                   Group #1:      528   83  528                     5.6e-16  3.7e-16
                   Group #2:      528   83  528                     3.6e-16  1.5e-16
                   Group #3:      528   83  528                     3.7e-16  1.5e-16
                   Group #4:      528   83  527                     3.3e-16  1.2e-16
                   Group #5:      527   83  526                     2.3e-16  1.1e-16
                   Group #6:      526   83  526                     3.4e-16  1.5e-16
---------- 当前进度: 100 % - 组装稀疏模式
Memory: 3216/3220 3252/3256
---------- 当前进度: 100 % - 组装矩阵
Memory: 3218/3220 3253/3256
  47      1199.9    0.030032     3231  510 3229     2     0     33
                   Group #1:      539   85  539                     5.3e-16  3.4e-16
                   Group #2:      539   85  539                     3.2e-16  1.5e-16
                   Group #3:      539   85  539                     3.9e-16  1.7e-16
                   Group #4:      539   85  538                     3.4e-16  1.2e-16
                   Group #5:      538   85  537                     3.1e-16  1.3e-16
                   Group #6:      537   85  537                     3.2e-16  1.3e-16
  48      1199.9    0.022524     3297  522 3295     2     0     34
                   Group #1:      550   87  550                     5.5e-16  3.7e-16
                   Group #2:      550   87  550                     3.9e-16  1.9e-16
                   Group #3:      550   87  550                     3.4e-16  1.3e-16
                   Group #4:      550   87  549                     3.2e-16  1.2e-16
                   Group #5:      549   87  548                     2.4e-16  1.1e-16
                   Group #6:      548   87  548                     3.1e-16  1.3e-16
  49      1199.9    0.016893     3363  534 3361     2     0     35
                   Group #1:      561   89  561                     4.5e-16  3.1e-16
                   Group #2:      561   89  561                       3e-16  1.6e-16
                   Group #3:      561   89  561                       3e-16  1.5e-16
                   Group #4:      561   89  560                       3e-16  1.2e-16
                   Group #5:      560   89  559                     2.9e-16  1.2e-16
                   Group #6:      559   89  559                     3.2e-16  1.3e-16
  50        1200     0.01267     3429  546 3427     2     0     36
                   Group #1:      572   91  572                     4.1e-16  2.9e-16
                   Group #2:      572   91  572                     2.9e-16  1.4e-16
                   Group #3:      572   91  572                     3.2e-16  1.2e-16
                   Group #4:      572   91  571                     4.1e-16  1.3e-16
                   Group #5:      571   91  570                     3.3e-16  1.3e-16
                   Group #6:      570   91  570                     3.2e-16  1.3e-16
---------- 当前进度: 100 % - 组装稀疏模式
Memory: 3260/3262 3311/3311
---------- 当前进度: 100 % - 组装矩阵
Memory: 3261/3266 3310/3314
  51        1200   0.0095023     3495  558 3493     2     0     37
                   Group #1:      583   93  583                     4.4e-16  2.9e-16
                   Group #2:      583   93  583                       4e-16  1.7e-16
                   Group #3:      583   93  583                     2.6e-16  1.3e-16
                   Group #4:      583   93  582                     3.1e-16  1.2e-16
                   Group #5:      582   93  581                     2.7e-16  1.3e-16
                   Group #6:      581   93  581                     3.3e-16  1.3e-16
  52        1200   0.0071267     3561  570 3559     2     0     38
                   Group #1:      594   95  594                     4.9e-16    3e-16
                   Group #2:      594   95  594                     4.2e-16  1.7e-16
                   Group #3:      594   95  594                     3.8e-16  1.6e-16
                   Group #4:      594   95  593                     3.8e-16  1.4e-16
                   Group #5:      593   95  592                     2.6e-16  1.1e-16
                   Group #6:      592   95  592                       3e-16  1.3e-16
---------- 当前进度: 100 % - 组装稀疏模式
Memory: 3273/3281 3321/3329
---------- 当前进度: 100 % - 组装矩阵
---------- 当前进度: 100 % - 求解线性方程组
Memory: 3279/3281 3328/3332
---------- 当前进度: 100 % - 组装矩阵
  53        1200   0.0053451     3627  582 3625     2     0     39
                   Group #1:      605   97  605                     4.5e-16  3.1e-16
                   Group #2:      605   97  605                     2.9e-16  1.4e-16
                   Group #3:      605   97  605                     2.6e-16  1.2e-16
                   Group #4:      605   97  604                     3.4e-16  1.2e-16
                   Group #5:      604   97  603                     3.5e-16  1.4e-16
                   Group #6:      603   97  603                       3e-16  1.3e-16
  54        1200   0.0040088     3693  594 3691     2     0     40
                   Group #1:      616   99  616                     6.8e-16    4e-16
                   Group #2:      616   99  616                     4.5e-16  1.8e-16
                   Group #3:      616   99  616                     3.5e-16  1.3e-16
                   Group #4:      616   99  615                     3.3e-16  1.3e-16
                   Group #5:      615   99  614                     3.1e-16  1.2e-16
                   Group #6:      614   99  614                     3.3e-16  1.3e-16
  55        1200   0.0030066     3759  606 3757     2     0     41
                   Group #1:      627  101  627                       5e-16  3.6e-16
                   Group #2:      627  101  627                       4e-16  1.8e-16
                   Group #3:      627  101  627                     3.7e-16  1.4e-16
                   Group #4:      627  101  626                     3.3e-16  1.2e-16
                   Group #5:      626  101  625                     2.7e-16  1.3e-16
                   Group #6:      625  101  625                     2.9e-16  1.4e-16
  56        1200   0.0022549     3825  618 3823     2     0     42
                   Group #1:      638  103  638                     4.4e-16    3e-16
                   Group #2:      638  103  638                     4.2e-16  1.8e-16
                   Group #3:      638  103  638                     4.5e-16  1.8e-16
                   Group #4:      638  103  637                     3.1e-16  1.1e-16
                   Group #5:      637  103  636                     3.2e-16  1.3e-16
                   Group #6:      636  103  636                     3.2e-16  1.3e-16
---------- 当前进度: 100 % - 矩阵分解
Memory: 3310/3313 3359/3363
---------- 当前进度: 100 % - 组装矩阵
Memory: 3309/3313 3358/3363
---------- 当前进度: 100 % - 求解线性方程组
---------- 当前进度: 100 % - 组装矩阵
Memory: 3311/3313 3360/3363
  57        1200   0.0016912     3891  630 3889     2     0     43
                   Group #1:      649  105  649                     4.2e-16  3.1e-16
                   Group #2:      649  105  649                     3.7e-16  1.7e-16
                   Group #3:      649  105  649                     2.8e-16  1.1e-16
                   Group #4:      649  105  648                     3.5e-16  1.3e-16
                   Group #5:      648  105  647                     2.2e-16  1.1e-16
                   Group #6:      647  105  647                       3e-16  1.3e-16
---------- 当前进度: 100 % - 组装稀疏模式
Memory: 3324/3329 3373/3379
---------- 当前进度: 100 % - 组装矩阵
  58        1200   0.0012684     3957  642 3955     2     0     44
                   Group #1:      660  107  660                     5.4e-16  3.2e-16
                   Group #2:      660  107  660                     3.4e-16  1.5e-16
                   Group #3:      660  107  660                     2.8e-16  1.1e-16
                   Group #4:      660  107  659                       3e-16  1.2e-16
                   Group #5:      659  107  658                     2.8e-16  1.2e-16
                   Group #6:      658  107  658                     3.1e-16  1.3e-16
---------- 当前进度: 100 % - 求解线性方程组
Memory: 3341/3349 3386/3394
---------- 当前进度: 100 % - 组装矩阵
  59        1200  0.00095131     4023  654 4021     2     0     45
                   Group #1:      671  109  671                     3.9e-16  2.5e-16
                   Group #2:      671  109  671                     3.6e-16  1.6e-16
                   Group #3:      671  109  671                     3.1e-16  1.4e-16
                   Group #4:      671  109  670                     3.7e-16  1.5e-16
                   Group #5:      670  109  669                     2.8e-16  1.3e-16
                   Group #6:      669  109  669                     3.2e-16  1.3e-16
---------- 当前进度: 100 % - 求解线性方程组
Memory: 3355/3360 3399/3402
---------- 当前进度: 100 % - 组装矩阵
Memory: 3353/3360 3394/3402
---------- 当前进度: 100 % - 求解线性方程组
---------- 当前进度: 100 % - 组装矩阵
---------- 当前进度: 100 % - 矩阵分解
Memory: 3360/3365 3402/3407
---------- 当前进度: 100 % - 组装矩阵
Memory: 3361/3365 3402/3407
  60        1200  0.00071348     4089  666 4087     2     0     46
                   Group #1:      682  111  682                     4.2e-16  3.1e-16
                   Group #2:      682  111  682                     4.1e-16  1.5e-16
                   Group #3:      682  111  682                       4e-16  1.6e-16
                   Group #4:      682  111  681                     3.8e-16  1.3e-16
                   Group #5:      681  111  680                     3.1e-16  1.3e-16
                   Group #6:      680  111  680                     3.2e-16  1.3e-16
---------- 当前进度: 100 % - 求解线性方程组
Memory: 3366/3367 3407/3410
---------- 当前进度: 100 % - 组装矩阵
Memory: 3370/3370 3411/3411
  61        1200  0.00053511     4155  678 4153     2     0     47
                   Group #1:      693  113  693                       5e-16  3.4e-16
                   Group #2:      693  113  693                     3.8e-16  1.7e-16
                   Group #3:      693  113  693                     3.4e-16  1.5e-16
                   Group #4:      693  113  692                     3.2e-16  1.3e-16
                   Group #5:      692  113  691                     2.8e-16  1.2e-16
                   Group #6:      691  113  691                     3.2e-16  1.4e-16
---------- 当前进度: 100 % - 矩阵分解
Memory: 3370/3377 3412/3419
---------- 当前进度: 100 % - 组装矩阵
Memory: 3375/3377 3417/3419
---------- 当前进度: 100 % - 组装稀疏模式
Memory: 3383/3388 3425/3430
---------- 当前进度: 100 % - 组装矩阵
Memory: 3387/3388 3430/3430
  62        1200  0.00040133     4221  690 4219     2     0     48
                   Group #1:      704  115  704                     5.6e-16  4.1e-16
                   Group #2:      704  115  704                     4.3e-16  1.8e-16
                   Group #3:      704  115  704                     3.2e-16  1.5e-16
                   Group #4:      704  115  703                     2.9e-16  1.3e-16
                   Group #5:      703  115  702                     2.3e-16  1.6e-16
                   Group #6:      702  115  702                     2.7e-16  1.4e-16
  63        1200    0.000301     4287  702 4285     2     0     49
                   Group #1:      715  117  715                       5e-16  3.8e-16
                   Group #2:      715  117  715                     4.2e-16  1.7e-16
                   Group #3:      715  117  715                     3.8e-16  1.4e-16
                   Group #4:      715  117  714                     2.7e-16  1.4e-16
                   Group #5:      714  117  713                     2.5e-16  1.8e-16
                   Group #6:      713  117  713                     2.8e-16  1.7e-16
---------- 当前进度: 100 % - 求解线性方程组
Memory: 3396/3400 3437/3442
---------- 当前进度: 100 % - 组装矩阵
  64        1200  0.00022575     4353  714 4351     2     0     50
                   Group #1:      726  119  726                     4.8e-16  3.7e-16
                   Group #2:      726  119  726                     3.4e-16  1.7e-16
                   Group #3:      726  119  726                       3e-16  1.3e-16
                   Group #4:      726  119  725                     2.5e-16  1.6e-16
                   Group #5:      725  119  724                     2.7e-16  1.7e-16
                   Group #6:      724  119  724                     2.4e-16  1.7e-16
---------- 当前进度: 100 % - 矩阵分解
Memory: 3413/3422 3454/3464
---------- 当前进度: 100 % - 组装矩阵
Memory: 3414/3422 3454/3464
  65        1200  0.00016931     4425  726 4423     2     0     51
                   Group #1:      738  121  738                     4.7e-16  4.2e-16
                   Group #2:      738  121  738                     4.1e-16  1.7e-16
                   Group #3:      738  121  738                     5.5e-16  1.9e-16
                   Group #4:      738  121  737                     2.7e-16  1.6e-16
                   Group #5:      737  121  736                     2.4e-16    2e-16
                   Group #6:      736  121  736                     2.5e-16  1.9e-16
  66        1200  0.00012698     4491  738 4489     2     0     52
                   Group #1:      749  123  749                     6.3e-16  4.9e-16
                   Group #2:      749  123  749                     3.2e-16  1.6e-16
                   Group #3:      749  123  749                     3.6e-16  1.4e-16
                   Group #4:      749  123  748                     2.6e-16  1.7e-16
                   Group #5:      748  123  747                       3e-16  1.7e-16
                   Group #6:      747  123  747                     2.7e-16  1.7e-16
---------- 当前进度: 100 % - 组装稀疏模式
Memory: 3429/3429 3470/3470
---------- 当前进度: 100 % - 组装矩阵
Memory: 3427/3434 3468/3476
  67        1200  9.5238e-05     4557  750 4555     2     0     53
                   Group #1:      760  125  760                     5.1e-16  3.9e-16
                   Group #2:      760  125  760                     4.1e-16  1.7e-16
                   Group #3:      760  125  760                     3.6e-16  1.3e-16
                   Group #4:      760  125  759                     2.5e-16  1.5e-16
                   Group #5:      759  125  758                     2.3e-16  1.6e-16
                   Group #6:      758  125  758                     2.4e-16  1.7e-16
  68        1200  7.1429e-05     4623  762 4621     2     0     54
                   Group #1:      771  127  771                     5.6e-16  4.1e-16
                   Group #2:      771  127  771                     3.8e-16  1.6e-16
                   Group #3:      771  127  771                       4e-16  1.4e-16
                   Group #4:      771  127  770                     2.6e-16  1.5e-16
                   Group #5:      770  127  769                     2.1e-16  1.4e-16
                   Group #6:      769  127  769                     2.4e-16  1.6e-16
---------- 当前进度: 100 % - 求解线性方程组
Memory: 3451/3455 3493/3497
---------- 当前进度: 100 % - 组装矩阵
  69        1200  5.3571e-05     4695  774 4693     2     0     55
                   Group #1:      783  129  783                       5e-16  3.8e-16
                   Group #2:      783  129  783                     3.3e-16  1.5e-16
                   Group #3:      783  129  783                     4.4e-16  1.8e-16
                   Group #4:      783  129  782                     2.7e-16  1.7e-16
                   Group #5:      782  129  781                     2.3e-16  1.4e-16
                   Group #6:      781  129  781                     2.8e-16  1.6e-16
---------- 当前进度: 100 % - 组装稀疏模式
Memory: 3463/3468 3505/3510
---------- 当前进度: 100 % - 组装矩阵
Memory: 3466/3468 3508/3510
  70        1200  4.0179e-05     4761  786 4759     2     0     56
                   Group #1:      794  131  794                     5.3e-16  3.7e-16
                   Group #2:      794  131  794                     3.3e-16  1.6e-16
                   Group #3:      794  131  794                     3.8e-16  1.4e-16
                   Group #4:      794  131  793                     2.4e-16  1.4e-16
                   Group #5:      793  131  792                     2.4e-16  1.7e-16
                   Group #6:      792  131  792                     2.3e-16  1.5e-16
---------- 当前进度: 100 % - 组装稀疏模式
Memory: 3476/3480 3518/3522
---------- 当前进度: 100 % - 组装矩阵
Memory: 3477/3485 3519/3527
  71        1200  3.0134e-05     4827  798 4825     2     0     57
                   Group #1:      805  133  805                       5e-16  3.4e-16
                   Group #2:      805  133  805                     4.7e-16  1.8e-16
                   Group #3:      805  133  805                     2.9e-16  1.4e-16
                   Group #4:      805  133  804                     2.6e-16  1.5e-16
                   Group #5:      804  133  803                     2.4e-16  1.5e-16
                   Group #6:      803  133  803                     2.4e-16  1.7e-16
---------- 当前进度: 100 % - 求解线性方程组
Memory: 3484/3489 3529/3531
---------- 当前进度: 100 % - 组装矩阵
Memory: 3483/3489 3525/3531
  72        1200    2.26e-05     4893  810 4891     2     0     58
                   Group #1:      816  135  816                     3.8e-16  3.3e-16
                   Group #2:      816  135  816                     3.6e-16  1.5e-16
                   Group #3:      816  135  816                     4.2e-16  1.5e-16
                   Group #4:      816  135  815                     2.6e-16  1.8e-16
                   Group #5:      815  135  814                     2.1e-16  1.8e-16
                   Group #6:      814  135  814                     2.4e-16  1.7e-16
---------- 当前进度: 100 % - 组装稀疏模式
Memory: 3501/3507 3542/3549
---------- 当前进度: 100 % - 组装矩阵
  73        1200   1.695e-05     4965  822 4963     2     0     59
                   Group #1:      828  137  828                     4.7e-16  3.7e-16
                   Group #2:      828  137  828                     3.4e-16  1.6e-16
                   Group #3:      828  137  828                     2.7e-16    1e-16
                   Group #4:      828  137  827                     2.5e-16  1.7e-16
                   Group #5:      827  137  826                     2.1e-16  1.7e-16
                   Group #6:      826  137  826                     2.4e-16  1.9e-16
---------- 当前进度: 100 % - 求解线性方程组
Memory: 3509/3513 3550/3555
---------- 当前进度: 100 % - 组装矩阵
---------- 当前进度: 100 % - 求解线性方程组
---------- 当前进度: 100 % - 组装矩阵
---------- 当前进度: 100 % - 求解线性方程组
---------- 当前进度: 100 % - 组装矩阵
  74        1200  1.2713e-05     5031  834 5029     2     0     60
                   Group #1:      839  139  839                     6.4e-16  3.3e-16
                   Group #2:      839  139  839                     4.2e-16  1.6e-16
                   Group #3:      839  139  839                       3e-16  1.1e-16
                   Group #4:      839  139  838                     2.7e-16  1.9e-16
                   Group #5:      838  139  837                     2.5e-16  1.9e-16
                   Group #6:      837  139  837                     2.4e-16  1.9e-16
---------- 当前进度: 100 % - 求解线性方程组
Memory: 3519/3519 3561/3564
---------- 当前进度: 100 % - 组装矩阵
Memory: 3519/3519 3562/3564
---------- 当前进度: 100 % - 组装稀疏模式
Memory: 3525/3534 3567/3576
---------- 当前进度: 100 % - 组装矩阵
Memory: 3528/3534 3570/3576
  75        1200  9.5346e-06     5097  846 5095     2     0     61
                   Group #1:      850  141  850                     5.8e-16  3.2e-16
                   Group #2:      850  141  850                     3.9e-16  1.7e-16
                   Group #3:      850  141  850                     3.2e-16  1.4e-16
                   Group #4:      850  141  849                     2.6e-16  1.8e-16
                   Group #5:      849  141  848                     2.6e-16  1.8e-16
                   Group #6:      848  141  848                     2.3e-16  1.6e-16
---------- 当前进度: 100 % - 求解线性方程组
Memory: 3540/3541 3582/3586
---------- 当前进度: 100 % - 组装矩阵
  76        1200  7.1509e-06     5163  858 5161     2     0     62
                   Group #1:      861  143  861                       6e-16  3.2e-16
                   Group #2:      861  143  861                     3.3e-16  1.6e-16
                   Group #3:      861  143  861                     4.1e-16  1.6e-16
                   Group #4:      861  143  860                     2.5e-16  1.7e-16
                   Group #5:      860  143  859                       2e-16  1.4e-16
                   Group #6:      859  143  859                     2.5e-16  1.9e-16
---------- 当前进度: 100 % - 求解线性方程组
Memory: 3549/3549 3590/3594
---------- 当前进度: 100 % - 组装矩阵
---------- 当前进度: 100 % - 求解线性方程组
Memory: 3550/3550 3591/3594
---------- 当前进度: 100 % - 组装矩阵
---------- 当前进度: 100 % - 求解线性方程组
---------- 当前进度: 100 % - 组装矩阵
---------- 当前进度: 100 % - 求解线性方程组
---------- 当前进度: 100 % - 组装矩阵
  77        1200  5.3632e-06     5235  870 5233     2     0     63
                   Group #1:      873  145  873                     5.9e-16  3.1e-16
                   Group #2:      873  145  873                     3.7e-16  1.5e-16
                   Group #3:      873  145  873                     3.6e-16  1.6e-16
                   Group #4:      873  145  872                     2.3e-16  1.7e-16
                   Group #5:      872  145  871                     2.5e-16  1.7e-16
                   Group #6:      871  145  871                     2.5e-16  1.9e-16
  78        1200  4.0224e-06     5301  882 5299     2     0     64
                   Group #1:      884  147  884                       7e-16  3.1e-16
                   Group #2:      884  147  884                     4.1e-16  1.7e-16
                   Group #3:      884  147  884                     3.7e-16  1.4e-16
                   Group #4:      884  147  883                     2.6e-16  1.8e-16
                   Group #5:      883  147  882                     1.8e-16  1.6e-16
                   Group #6:      882  147  882                     2.5e-16  1.8e-16
---------- 当前进度: 100 % - 组装稀疏模式
Memory: 3564/3569 3606/3611
---------- 当前进度: 100 % - 组装矩阵
Memory: 3564/3569 3607/3611
  79        1200  3.0168e-06     5367  894 5365     2     0     65
                   Group #1:      895  149  895                     6.7e-16  3.1e-16
                   Group #2:      895  149  895                     3.8e-16  1.6e-16
                   Group #3:      895  149  895                     3.3e-16  1.3e-16
                   Group #4:      895  149  894                     2.4e-16  1.7e-16
                   Group #5:      894  149  893                     2.2e-16  1.7e-16
                   Group #6:      893  149  893                     2.4e-16  1.9e-16
  80        1200  2.2626e-06     5433  906 5431     2     0     66
                   Group #1:      906  151  906                     6.9e-16  3.1e-16
                   Group #2:      906  151  906                     3.5e-16  1.6e-16
                   Group #3:      906  151  906                     2.7e-16  1.1e-16
                   Group #4:      906  151  905                     2.4e-16  1.7e-16
                   Group #5:      905  151  904                     2.4e-16  1.8e-16
                   Group #6:      904  151  904                     2.2e-16  1.7e-16
---------- 当前进度: 100 % - 组装稀疏模式
Memory: 3582/3586 3624/3628
---------- 当前进度: 100 % - 组装矩阵
Memory: 3584/3586 3626/3628
  81        1200  1.6969e-06     5505  918 5503     2     0     67
                   Group #1:      918  153  918                     6.8e-16  3.2e-16
                   Group #2:      918  153  918                     3.7e-16  1.6e-16
                   Group #3:      918  153  918                     3.7e-16  1.3e-16
                   Group #4:      918  153  917                     2.4e-16  1.6e-16
                   Group #5:      917  153  916                     2.4e-16  1.7e-16
                   Group #6:      916  153  916                     2.4e-16  1.9e-16
  82        1200  1.2727e-06     5571  930 5569     2     0     68
                   Group #1:      929  155  929                       7e-16  3.1e-16
                   Group #2:      929  155  929                     3.6e-16  1.5e-16
                   Group #3:      929  155  929                     4.6e-16  1.5e-16
                   Group #4:      929  155  928                     2.6e-16  1.7e-16
                   Group #5:      928  155  927                       2e-16  1.5e-16
                   Group #6:      927  155  927                     2.2e-16  1.8e-16
---------- 当前进度: 100 % - 求解线性方程组
Memory: 3619/3621 3661/3664
---------- 当前进度: 100 % - 组装矩阵
  83        1200  9.5453e-07     5637  942 5635     2     0     69
                   Group #1:      940  157  940                     6.7e-16    3e-16
                   Group #2:      940  157  940                     4.1e-16  1.7e-16
                   Group #3:      940  157  940                       4e-16  1.5e-16
                   Group #4:      940  157  939                     2.7e-16  1.8e-16
                   Group #5:      939  157  938                     2.1e-16  1.8e-16
                   Group #6:      938  157  938                     2.4e-16    2e-16
---------- 当前进度: 100 % - 组装稀疏模式
Memory: 3636/3636 3679/3679
---------- 当前进度: 100 % - 组装矩阵
Memory: 3633/3639 3676/3682
  84        1200   7.159e-07     5703  954 5701     2     0     70
                   Group #1:      951  159  951                     6.7e-16  3.1e-16
                   Group #2:      951  159  951                     3.9e-16  1.6e-16
                   Group #3:      951  159  951                     2.8e-16  1.3e-16
                   Group #4:      951  159  950                     2.4e-16  1.7e-16
                   Group #5:      950  159  949                       2e-16  1.5e-16
                   Group #6:      949  159  949                     2.4e-16  1.9e-16
