*******************************************
***COMSOL 6.3.0.290 progress output file***
*******************************************
Wed Sep 30 03:19:08 SGT 2026
<---- O: orbital transient, 3.0 orbits/解 4 (sol4) 中的“编译方程: 轨道热载荷” --------------
开始于 2026年9月30日 上午3:19:22。
几何形函数: 二次拉格朗日单元
几何形函数: 二次拉格朗日单元
几何形函数: 二次拉格朗日单元
几何形函数: 二次拉格朗日单元
几何形函数: 二次拉格朗日单元
几何形函数: 二次拉格朗日单元
在 AMD64 Family 25 Model 117 Stepping 2, AuthenticAMD 上运行。
在以下位置使用 1 个插槽： MarkLiu 上（共 5 个内核）。
可用内存：32.38 GB。
           当前进度:   0 % - 生成方程
Memory: 943/968 960/984
           当前进度:   1 % - 编译方程: 轨道热载荷
Memory: 1192/1192 1214/1214
           当前进度:   1 % - 正在创建可视化网格
Memory: 1204/1209 1223/1231
时间：20。
物理内存: 1.31 GB
虚拟内存: 1.33 GB
结束时间：2026年9月30日 上午3:19:42。
----- O: orbital transient, 3.0 orbits/解 4 (sol4) 中的“编译方程: 轨道热载荷” ------------->
<---- O: orbital transient, 3.0 orbits/解 4 (sol4) 中的“因变量 1” --------------------
开始于 2026年9月30日 上午3:19:42。
           当前进度:   1 % - 因变量 1
Memory: 1309/1310 1328/1333
求解时间：0 s。
物理内存: 1.31 GB
虚拟内存: 1.33 GB
结束时间：2026年9月30日 上午3:19:42。
----- O: orbital transient, 3.0 orbits/解 4 (sol4) 中的“因变量 1” ------------------->
<---- O: orbital transient, 3.0 orbits/解 4 (sol4) 中的“瞬态求解器 1” ------------------
开始于 2026年9月30日 上午3:19:42。
瞬态求解器 (BDF)
求解的自由度数：60（加上 16144 个内部自由度）。
           当前进度:   2 % - 瞬态求解器 1
Memory: 1340/1340 1360/1360
找到对称矩阵。
           当前进度:   2 % - 组装矩阵
Memory: 1283/1340 1308/1360
缩放因变量：
形函数 (comp1.otl2.ds_hrs.storeGextd_band): 1
形函数 (comp1.otl2.ds_hrs.storeGextu_band): 1
形函数 (comp1.otl3.ds_pvr.storeGextd_band): 1
形函数 (comp1.otl3.ds_pvr.storeGextu_band): 1
形函数 (comp1.otl3.ds_rsa.storeGextd_band): 1
形函数 (comp1.otl3.ds_rsa.storeGextu_band): 1
形函数 (comp1.otl4.ds_saw.storeGextd_band): 1
形函数 (comp1.otl4.ds_saw.storeGextu_band): 1
形函数 (comp1.otl.ds_box.storeGextd_band): 1
形函数 (comp1.otl.ds_box.storeGextu_band): 1
形函数 (comp1.otl.ds_payload.storeGextd_band): 1
形函数 (comp1.otl.ds_payload.storeGextu_band): 1
形函数 (comp1.otl.ds_skin_rus.storeGextd_band): 1
形函数 (comp1.otl.ds_skin_rus.storeGextu_band): 1
形函数 (comp1.otl.ds_skin_usos.storeGextd_band): 1
形函数 (comp1.otl.ds_skin_usos.storeGextu_band): 1
形函数 (comp1.otl.ds_truss.storeGextd_band): 1
形函数 (comp1.otl.ds_truss.storeGextu_band): 1
指示器状态的比例：
comp1.otl2.inEclipse_event: 4e+05
comp1.otl2.outEclipse_event: 4e+05
comp1.otl3.inEclipse_event: 4e+05
comp1.otl3.outEclipse_event: 4e+05
comp1.otl4.inEclipse_event: 4e+05
comp1.otl4.outEclipse_event: 4e+05
comp1.otl.inEclipse_event: 4e+05
comp1.otl.outEclipse_event: 4e+05
Step        Time    Stepsize      Res  Jac  Sol Order Tfail NLfail   LinErr   LinRes
   0           0           - out    2    3    2                  0        0        0
指示器状态的比例：
comp1.otl2.inEclipse_event: 4e+05
comp1.otl2.outEclipse_event: 4e+05
comp1.otl3.inEclipse_event: 4e+05
comp1.otl3.outEclipse_event: 4e+05
comp1.otl4.inEclipse_event: 4e+05
comp1.otl4.outEclipse_event: 4e+05
comp1.otl.inEclipse_event: 4e+05
comp1.otl.outEclipse_event: 4e+05
           当前进度:   2 % - 约束处理
Memory: 1299/1340 1322/1360
           当前进度:   2 % - 
Memory: 1355/1355 1373/1373
   1          60          60 out    3    4    3     1     0      0        0        0
           当前进度:   5 % - 
Memory: 1368/1368 1380/1380
   2         120          60 out    4    5    4     1     0      0        0        0
           当前进度:   7 % - 
Memory: 1383/1383 1411/1411
   3         180          60 out    5    6    5     2     0      0        0        0
           当前进度:   9 % - 组装矩阵
Memory: 1393/1396 1421/1424
           当前进度:   9 % - 
Memory: 1397/1397 1425/1425
   4         240          60 out    6    7    6     2     0      0        0        0
-          当前进度:  12 % - 
Memory: 1403/1404 1432/1432
   5         300          60 out    7    8    7     2     0      0        0        0
-          当前进度:  14 % - 
Memory: 1413/1415 1441/1444
   6         360          60 out    8    9    8     2     0      0        0        0
-          当前进度:  17 % - 
Memory: 1417/1417 1445/1445
   7         420          60 out    9   10    9     2     0      0        0        0
-          当前进度:  19 % - 
Memory: 1426/1426 1453/1453
   8         480          60 out   10   11   10     2     0      0        0        0
--         当前进度:  21 % - 
Memory: 1426/1426 1454/1454
   9         540          60 out   11   12   11     2     0      0        0        0
--         当前进度:  24 % - 
Memory: 1433/1433 1461/1461
  10         600          60 out   12   13   12     2     0      0        0        0
--         当前进度:  26 % - 
Memory: 1435/1435 1462/1462
  11         660          60 out   13   14   13     2     0      0        0        0
--         当前进度:  29 % - 
Memory: 1435/1435 1463/1463
  12         720          60 out   14   15   14     2     0      0        0        0
---        当前进度:  31 % - 组装矩阵
Memory: 1437/1437 1464/1464
---        当前进度:  31 % - 
  13         780          60 out   15   16   15     2     0      0        0        0
---        当前进度:  33 % - 组装矩阵
Memory: 1439/1439 1466/1466
---        当前进度:  33 % - 
  14         840          60 out   16   17   16     2     0      0        0        0
---        当前进度:  36 % - 
Memory: 1442/1442 1469/1469
  15         900          60 out   17   18   17     2     0      0        0        0
---        当前进度:  38 % - 
  16         960          60 out   18   19   18     2     0      0        0        0
----       当前进度:  41 % - 
Memory: 1446/1449 1472/1476
  17        1020          60 out   19   20   19     2     0      0        0        0
----       当前进度:  43 % - 
  18        1080          60 out   20   21   20     2     0      0        0        0
----       当前进度:  45 % - 
  19        1140          60 out   21   22   21     2     0      0        0        0
----       当前进度:  48 % - 
Memory: 1448/1449 1474/1476
  20        1200          60 out   22   23   22     2     0      0        0        0
时间步进已完成。
-----      当前进度:  50 % - 
Memory: 1447/1449 1473/1476
求解时间：55 s。
物理内存: 1.45 GB
虚拟内存: 1.49 GB
结束时间：2026年9月30日 上午3:20:38。
----- O: orbital transient, 3.0 orbits/解 4 (sol4) 中的“瞬态求解器 1” ----------------->
<---- O: orbital transient, 3.0 orbits/解 4 (sol4) 中的“编译方程: 轨道温度” ---------------
开始于 2026年9月30日 上午3:20:38。
几何形函数: 二次拉格朗日单元
几何形函数: 二次拉格朗日单元
几何形函数: 二次拉格朗日单元
几何形函数: 二次拉格朗日单元
几何形函数: 二次拉格朗日单元
几何形函数: 二次拉格朗日单元
-----      当前进度:  50 % - 生成方程
Memory: 1483/1483 1510/1510
-----      当前进度:  51 % - 编译方程: 轨道温度
Memory: 1726/1728 1757/1758
-----      当前进度:  51 % - 正在创建可视化网格
Memory: 1760/1765 1789/1795
时间：18。
物理内存: 2.01 GB
虚拟内存: 2.05 GB
结束时间：2026年9月30日 上午3:20:56。
----- O: orbital transient, 3.0 orbits/解 4 (sol4) 中的“编译方程: 轨道温度” -------------->
<---- O: orbital transient, 3.0 orbits/解 4 (sol4) 中的“因变量 2” --------------------
开始于 2026年9月30日 上午3:20:56。
待求解变量的初始值: 解 4 (sol4), 解存储 2 (sol5), t=1200 s [自动（单一解）].
不求解变量的值: 解 4 (sol4), 解存储 2 (sol5), t=1200 s [自动（单一解）].
-----      当前进度:  51 % - 因变量 2
Memory: 1983/2011 2023/2046
求解时间：0 s。
物理内存: 1.98 GB
虚拟内存: 2.02 GB
结束时间：2026年9月30日 上午3:20:56。
----- O: orbital transient, 3.0 orbits/解 4 (sol4) 中的“因变量 2” ------------------->
<---- O: orbital transient, 3.0 orbits/解 4 (sol4) 中的“瞬态求解器 2” ------------------
开始于 2026年9月30日 上午3:20:56。
瞬态求解器 (BDF)
-----      当前进度:  52 % - 瞬态求解器 2
求解的自由度数：24040（加上 8908 个内部自由度）。
-----      当前进度:  52 % - 组装稀疏模式
Memory: 1987/2011 2028/2046
-----      当前进度:  52 % - 组装矩阵
Memory: 2011/2011 2048/2048
找到对称矩阵。
缩放因变量：
温度 (comp1.T): 3e+02
已使用正交零空间函数。
-----      当前进度:  52 % - 组装稀疏模式
Memory: 2009/2015 2041/2048
找到非对称矩阵。
缩放因变量：
温度 (comp1.T2): 3e+02
collected heat Qc (W) (comp1.ODE1): 2e+04
NH3 panel outlet temperatures (K) (comp1.ODE2): 3e+02
radiator flow fractions (comp1.ODE3): 1
已使用正交零空间函数。
找到对称矩阵。
缩放因变量：
表面辐射度，上侧 (comp1.otl.ds_box.Ju_band): 1.6e+02
表面辐射度，上侧 (comp1.otl.ds_payload.Ju_band): 1.6e+02
表面辐射度，下侧 (comp1.otl.ds_skin_rus.Jd_band): 1.5e-06
表面辐射度，上侧 (comp1.otl.ds_skin_rus.Ju_band): 1.3e+02
表面辐射度，下侧 (comp1.otl.ds_skin_usos.Jd_band): 1.5e-06
表面辐射度，上侧 (comp1.otl.ds_skin_usos.Ju_band): 66
表面辐射度，上侧 (comp1.otl.ds_truss.Ju_band): 99
已使用正交零空间函数。
-----      当前进度:  52 % - 组装矩阵
Memory: 2010/2015 2041/2048
找到对称矩阵。
缩放因变量：
表面辐射度，下侧 (comp1.otl2.ds_hrs.Jd_band): 1.1e+02
表面辐射度，上侧 (comp1.otl2.ds_hrs.Ju_band): 1.1e+02
已使用正交零空间函数。
找到对称矩阵。
缩放因变量：
表面辐射度，下侧 (comp1.otl3.ds_pvr.Jd_band): 1.2e+02
表面辐射度，上侧 (comp1.otl3.ds_pvr.Ju_band): 1.2e+02
表面辐射度，下侧 (comp1.otl3.ds_rsa.Jd_band): 1.6e+02
表面辐射度，上侧 (comp1.otl3.ds_rsa.Ju_band): 1.7e+02
已使用正交零空间函数。
找到对称矩阵。
缩放因变量：
表面辐射度，下侧 (comp1.otl4.ds_saw.Jd_band): 1.6e+02
表面辐射度，上侧 (comp1.otl4.ds_saw.Ju_band): 1.7e+02
已使用正交零空间函数。
找到对称矩阵。
指示器状态的比例：
comp1.otl2.inEclipse_event: 4e+05
comp1.otl2.outEclipse_event: 4e+05
comp1.otl3.inEclipse_event: 4e+05
comp1.otl3.outEclipse_event: 4e+05
comp1.otl4.inEclipse_event: 4e+05
comp1.otl4.outEclipse_event: 4e+05
comp1.otl.inEclipse_event: 4e+05
comp1.otl.outEclipse_event: 4e+05
Step        Time    Stepsize      Res  Jac  Sol Order Tfail NLfail   LinErr   LinRes
-----      当前进度:  52 % - 约束处理
Memory: 2029/2029 2053/2059
-----      当前进度:  52 % - 组装矩阵
Memory: 2029/2030 2053/2059
-----      当前进度:  52 % - 组装稀疏模式
Memory: 2055/2055 2083/2083
-----      当前进度:  52 % - 组装矩阵
Memory: 2084/2084 2105/2105
-----      当前进度:  52 % - 求解线性方程组
Memory: 2095/2095 2125/2125
-----      当前进度:  52 % - 组装矩阵
Memory: 2104/2104 2134/2134
-----      当前进度:  52 % - 组装稀疏模式
Memory: 2375/2375 2405/2406
-----      当前进度:  52 % - 组装矩阵
Memory: 2376/2376 2407/2409
-----      当前进度:  52 % - 组装稀疏模式
Memory: 2400/2400 2425/2429
-----      当前进度:  52 % - 组装矩阵
Memory: 2401/2403 2426/2429
-----      当前进度:  52 % - 求解线性方程组
Memory: 2436/2436 2461/2461
-----      当前进度:  52 % - 组装矩阵
-----      当前进度:  52 % - 求解线性方程组
Memory: 2447/2450 2471/2474
-----      当前进度:  52 % - 组装矩阵
   0           0           - out  552   66  552                  0
                   Group #1:       92   11   92                     3.5e-16  2.3e-16
                   Group #2:       92   11   92                     3.3e-16    2e-16
                   Group #3:       92   11   92                     3.5e-16  1.3e-16
                   Group #4:       92   11   92                     3.5e-16  1.3e-16
                   Group #5:       92   11   92                     4.3e-16  1.6e-16
                   Group #6:       92   11   92                     3.2e-16  1.3e-16
指示器状态的比例：
comp1.otl2.inEclipse_event: 4e+05
comp1.otl2.outEclipse_event: 4e+05
comp1.otl3.inEclipse_event: 4e+05
comp1.otl3.outEclipse_event: 4e+05
comp1.otl4.inEclipse_event: 4e+05
comp1.otl4.outEclipse_event: 4e+05
comp1.otl.inEclipse_event: 4e+05
comp1.otl.outEclipse_event: 4e+05
-----      当前进度:  52 % - 组装稀疏模式
Memory: 2482/2482 2518/2518
-----      当前进度:  52 % - 组装矩阵
Memory: 2487/2487 2524/2524
-----      当前进度:  52 % - 矩阵分解
Memory: 2497/2502 2532/2537
-----      当前进度:  52 % - 组装矩阵
Memory: 2502/2502 2537/2537
-----      当前进度:  52 % - 组装稀疏模式
Memory: 2556/2560 2588/2591
-----      当前进度:  52 % - 组装矩阵
Memory: 2562/2562 2593/2593
-----      当前进度:  52 % - 矩阵分解
Memory: 2562/2566 2591/2596
-----      当前进度:  52 % - 组装矩阵
Memory: 2568/2568 2596/2596
-----      当前进度:  52 % - 求解线性方程组
Memory: 2577/2577 2613/2621
-----      当前进度:  52 % - 组装矩阵
Memory: 2577/2577 2614/2621
-----      当前进度:  52 % - 求解线性方程组
Memory: 2588/2588 2625/2628
-----      当前进度:  52 % - 组装矩阵
-----      当前进度:  52 % - 求解线性方程组
-----      当前进度:  52 % - 组装矩阵
   1  0.00091553  0.00091553     1041  120 1040     1     0      8
                   Group #1:      174   20  174                     5.6e-16  3.1e-16
                   Group #2:      174   20  174                     2.3e-16  2.3e-16
                   Group #3:      174   20  173                     2.2e-16    8e-17
                   Group #4:      173   20  173                     3.3e-16  1.2e-16
                   Group #5:      173   20  173                     2.9e-16  1.2e-16
                   Group #6:      173   20  173                     3.2e-16  1.2e-16
-----      当前进度:  52 % - 组装稀疏模式
Memory: 2593/2593 2629/2629
-----      当前进度:  52 % - 组装矩阵
Memory: 2609/2609 2646/2646
-----      当前进度:  52 % - 组装稀疏模式
Memory: 2779/2779 2817/2817
-----      当前进度:  52 % - 组装矩阵
Memory: 2788/2788 2826/2826
-----      当前进度:  52 % - 组装稀疏模式
Memory: 2826/2829 2864/2868
-----      当前进度:  52 % - 组装矩阵
Memory: 2841/2841 2879/2879
-----      当前进度:  52 % - 组装稀疏模式
Memory: 2846/2846 2884/2884
-----      当前进度:  52 % - 组装矩阵
Memory: 2845/2851 2883/2889
-----      当前进度:  52 % - 求解线性方程组
Memory: 2892/2892 2929/2932
-----      当前进度:  52 % - 组装矩阵
   2    0.059509    0.058594     1401  156 1400     1     0     13
                   Group #1:      234   26  234                     4.8e-16  3.7e-16
                   Group #2:      234   26  234                     1.9e-16  1.9e-16
                   Group #3:      234   26  233                     2.7e-16  1.1e-16
                   Group #4:      233   26  233                     3.1e-16  1.2e-16
                   Group #5:      233   26  233                     3.2e-16  1.3e-16
                   Group #6:      233   26  233                     3.2e-16  1.3e-16
-----      当前进度:  52 % - 求解线性方程组
Memory: 2910/2910 2942/2946
-----      当前进度:  52 % - 组装矩阵
-----      当前进度:  52 % - 约束处理
Memory: 2911/2911 2942/2946
-----      当前进度:  52 % - 组装矩阵
Memory: 2914/2914 2958/2958
-----      当前进度:  52 % - 求解线性方程组
Memory: 2924/2924 2966/2969
-----      当前进度:  52 % - 组装矩阵
-----      当前进度:  52 % - 矩阵分解
Memory: 2939/2944 2981/2987
-----      当前进度:  52 % - 组装矩阵
Memory: 2945/2945 2987/2987
   3    0.074158    0.014648     1713  193 1710     2     0     19
                   Group #1:      287   33  287                     5.8e-16  3.4e-16
                   Group #2:      287   32  286                     1.8e-16  1.8e-16
                   Group #3:      286   32  285                     3.7e-16  1.4e-16
                   Group #4:      285   32  284                       3e-16  1.1e-16
                   Group #5:      284   32  284                     3.3e-16  1.2e-16
                   Group #6:      284   32  284                     2.7e-16  1.1e-16
-----      当前进度:  52 % - 求解线性方程组
Memory: 2982/2982 3022/3025
-----      当前进度:  52 % - 组装矩阵
-----      当前进度:  52 % - 求解线性方程组
Memory: 2991/2991 3030/3033
-----      当前进度:  52 % - 组装矩阵
   4     0.13275    0.058594     1953  229 1948     2     0     24
                   Group #1:      328   39  327                     4.3e-16    3e-16
                   Group #2:      327   38  326                     1.4e-16  1.4e-16
                   Group #3:      326   38  325                     2.7e-16  1.1e-16
                   Group #4:      325   38  324                     3.3e-16  1.3e-16
                   Group #5:      324   38  323                     3.7e-16  1.4e-16
                   Group #6:      323   38  323                     3.3e-16  1.2e-16
-----      当前进度:  52 % - 求解线性方程组
Memory: 3027/3027 3067/3070
-----      当前进度:  52 % - 组装矩阵
   5     0.19135    0.058594     2185  260 2178     2     0     29
                   Group #1:      368   45  367                     4.2e-16  2.7e-16
                   Group #2:      367   43  364                     2.1e-16  2.1e-16
                   Group #3:      364   43  363                     2.1e-16  9.4e-17
                   Group #4:      363   43  362                     3.5e-16  1.3e-16
                   Group #5:      362   43  361                     2.7e-16  1.1e-16
                   Group #6:      361   43  361                     3.7e-16  1.4e-16
-----      当前进度:  52 % - 组装稀疏模式
Memory: 3048/3050 3088/3091
-----      当前进度:  52 % - 组装矩阵
Memory: 3050/3050 3090/3091
   6     0.42572     0.23438     2381  285 2372     2     0     33
                   Group #1:      402   50  401                     5.2e-16  3.1e-16
                   Group #2:      401   47  396                     2.2e-16  2.1e-16
                   Group #3:      396   47  395                     2.5e-16  1.1e-16
                   Group #4:      395   47  394                     3.5e-16  1.3e-16
                   Group #5:      394   47  393                     3.3e-16  1.3e-16
                   Group #6:      393   47  393                     3.1e-16  1.2e-16
-----      当前进度:  52 % - 
Memory: 3079/3079 3120/3120
-----      当前进度:  52 % - 组装矩阵
Memory: 3073/3079 3113/3120
