*******************************************
***COMSOL 6.3.0.290 progress output file***
*******************************************
Wed Sep 30 03:13:13 SGT 2026
<---- O: orbital transient, 3.0 orbits/解 4 (sol4) 中的“编译方程: 轨道热载荷” --------------
开始于 2026年9月30日 上午3:13:27。
几何形函数: 二次拉格朗日单元
几何形函数: 二次拉格朗日单元
几何形函数: 二次拉格朗日单元
几何形函数: 二次拉格朗日单元
几何形函数: 二次拉格朗日单元
几何形函数: 二次拉格朗日单元
在 AMD64 Family 25 Model 117 Stepping 2, AuthenticAMD 上运行。
在以下位置使用 1 个插槽： MarkLiu 上（共 5 个内核）。
可用内存：32.38 GB。
           当前进度:   0 % - 生成方程
Memory: 983/991 999/1007
           当前进度:   1 % - 编译方程: 轨道热载荷
Memory: 1230/1230 1251/1251
           当前进度:   1 % - 正在创建可视化网格
Memory: 1231/1238 1252/1260
时间：21。
物理内存: 1.41 GB
虚拟内存: 1.43 GB
结束时间：2026年9月30日 上午3:13:47。
----- O: orbital transient, 3.0 orbits/解 4 (sol4) 中的“编译方程: 轨道热载荷” ------------->
<---- O: orbital transient, 3.0 orbits/解 4 (sol4) 中的“因变量 1” --------------------
开始于 2026年9月30日 上午3:13:47。
           当前进度:   1 % - 因变量 1
Memory: 1262/1408 1293/1433
求解时间：0 s。
物理内存: 1.36 GB
虚拟内存: 1.39 GB
结束时间：2026年9月30日 上午3:13:48。
----- O: orbital transient, 3.0 orbits/解 4 (sol4) 中的“因变量 1” ------------------->
<---- O: orbital transient, 3.0 orbits/解 4 (sol4) 中的“瞬态求解器 1” ------------------
开始于 2026年9月30日 上午3:13:48。
瞬态求解器 (BDF)
           当前进度:   2 % - 瞬态求解器 1
Memory: 1333/1408 1364/1433
求解的自由度数：60（加上 16144 个内部自由度）。
找到对称矩阵。
           当前进度:   2 % - 组装矩阵
Memory: 1347/1408 1375/1433
缩放因变量：
形函数 (comp1.otl2.ds_hrs.storeGextd_band): 1
形函数 (comp1.otl2.ds_hrs.storeGextu_band): 1
形函数 (comp1.otl3.ds_pvr.storeGextd_band): 1
形函数 (comp1.otl3.ds_pvr.storeGextu_band): 1
形函数 (comp1.otl3.ds_rsa.storeGextd_band): 1
形函数 (comp1.otl3.ds_rsa.storeGextu_band): 1
形函数 (comp1.otl4.ds_saw.storeGextd_band): 1
形函数 (comp1.otl4.ds_saw.storeGextu_band): 1
形函数 (comp1.otl.ds_box.storeGextd_band): 1
形函数 (comp1.otl.ds_box.storeGextu_band): 1
形函数 (comp1.otl.ds_payload.storeGextd_band): 1
形函数 (comp1.otl.ds_payload.storeGextu_band): 1
形函数 (comp1.otl.ds_skin_rus.storeGextd_band): 1
形函数 (comp1.otl.ds_skin_rus.storeGextu_band): 1
形函数 (comp1.otl.ds_skin_usos.storeGextd_band): 1
形函数 (comp1.otl.ds_skin_usos.storeGextu_band): 1
形函数 (comp1.otl.ds_truss.storeGextd_band): 1
形函数 (comp1.otl.ds_truss.storeGextu_band): 1
指示器状态的比例：
comp1.otl2.inEclipse_event: 4e+05
comp1.otl2.outEclipse_event: 4e+05
comp1.otl3.inEclipse_event: 4e+05
comp1.otl3.outEclipse_event: 4e+05
comp1.otl4.inEclipse_event: 4e+05
comp1.otl4.outEclipse_event: 4e+05
comp1.otl.inEclipse_event: 4e+05
comp1.otl.outEclipse_event: 4e+05
Step        Time    Stepsize      Res  Jac  Sol Order Tfail NLfail   LinErr   LinRes
   0           0           - out    2    3    2                  0        0        0
指示器状态的比例：
comp1.otl2.inEclipse_event: 4e+05
comp1.otl2.outEclipse_event: 4e+05
comp1.otl3.inEclipse_event: 4e+05
comp1.otl3.outEclipse_event: 4e+05
comp1.otl4.inEclipse_event: 4e+05
comp1.otl4.outEclipse_event: 4e+05
comp1.otl.inEclipse_event: 4e+05
comp1.otl.outEclipse_event: 4e+05
           当前进度:   2 % - 约束处理
Memory: 1361/1408 1387/1433
           当前进度:   2 % - 组装矩阵
Memory: 1414/1414 1437/1437
           当前进度:   2 % - 
Memory: 1425/1425 1448/1448
   1         1.2         1.2        3    4    3     1     0      0        0        0
   2         3.6         2.4        4    5    4     1     0      0        0        0
           当前进度:   2 % - 组装矩阵
Memory: 1444/1444 1461/1461
           当前进度:   2 % - 
Memory: 1449/1449 1465/1465
   3         8.4         4.8        5    6    5     1     0      0        0        0
           当前进度:   3 % - 
Memory: 1455/1455 1483/1483
   4          18         9.6        6    7    6     1     0      0        0        0
   5        37.2        19.2        7    8    7     1     0      0        0        0
           当前进度:   4 % - 
Memory: 1465/1465 1491/1491
   6          60        22.8 out    8    9    8     1     0      0        0        0
           当前进度:   5 % - 
Memory: 1467/1467 1493/1493
   7          90          30        9   10    9     1     0      0        0        0
           当前进度:   6 % - 
   8         120          30 out   10   11   10     1     0      0        0        0
           当前进度:   7 % - 
Memory: 1469/1469 1495/1495
   9         180          60 out   11   12   11     1     0      0        0        0
           当前进度:   9 % - 
Memory: 1472/1472 1496/1496
  10         240          60 out   12   13   12     1     0      0        0        0
-          当前进度:  12 % - 
  11         300          60 out   13   14   13     1     0      0        0        0
-          当前进度:  14 % - 
  12         360          60 out   14   15   14     1     0      0        0        0
-          当前进度:  17 % - 组装矩阵
Memory: 1477/1477 1501/1501
-          当前进度:  17 % - 
Memory: 1476/1477 1500/1501
  13         420          60 out   15   16   15     1     0      0        0        0
-          当前进度:  19 % - 
  14         480          60 out   16   17   16     1     0      0        0        0
--         当前进度:  21 % - 
Memory: 1476/1477 1500/1502
  15         540          60 out   17   18   17     1     0      0        0        0
--         当前进度:  24 % - 
Memory: 1477/1479 1501/1502
  16         600          60 out   18   19   18     1     0      0        0        0
--         当前进度:  26 % - 
Memory: 1477/1479 1497/1502
  17         660          60 out   19   20   19     1     0      0        0        0
--         当前进度:  29 % - 
Memory: 1478/1479 1497/1502
  18         720          60 out   20   21   20     1     0      0        0        0
---        当前进度:  31 % - 
Memory: 1479/1480 1499/1502
  19         780          60 out   21   22   21     1     0      0        0        0
---        当前进度:  33 % - 
Memory: 1480/1481 1499/1502
  20         840          60 out   22   23   22     1     0      0        0        0
---        当前进度:  36 % - 
Memory: 1479/1481 1499/1502
  21         900          60 out   23   24   23     1     0      0        0        0
---        当前进度:  38 % - 组装矩阵
Memory: 1480/1481 1499/1502
---        当前进度:  38 % - 
  22         960          60 out   24   25   24     1     0      0        0        0
----       当前进度:  41 % - 
Memory: 1481/1481 1500/1502
  23        1020          60 out   25   26   25     1     0      0        0        0
----       当前进度:  43 % - 
Memory: 1480/1482 1499/1502
  24        1080          60 out   26   27   26     1     0      0        0        0
----       当前进度:  45 % - 
Memory: 1481/1482 1500/1502
  25        1140          60 out   27   28   27     1     0      0        0        0
----       当前进度:  48 % - 
Memory: 1482/1483 1493/1502
  26        1200          60 out   28   29   28     1     0      0        0        0
时间步进已完成。
-----      当前进度:  50 % - 
Memory: 1483/1483 1509/1509
求解时间：72 s。 （1 分钟，12 秒）
物理内存: 1.49 GB
虚拟内存: 1.52 GB
结束时间：2026年9月30日 上午3:15:00。
----- O: orbital transient, 3.0 orbits/解 4 (sol4) 中的“瞬态求解器 1” ----------------->
<---- O: orbital transient, 3.0 orbits/解 4 (sol4) 中的“编译方程: 轨道温度” ---------------
开始于 2026年9月30日 上午3:15:00。
几何形函数: 二次拉格朗日单元
几何形函数: 二次拉格朗日单元
几何形函数: 二次拉格朗日单元
几何形函数: 二次拉格朗日单元
几何形函数: 二次拉格朗日单元
几何形函数: 二次拉格朗日单元
-----      当前进度:  50 % - 生成方程
Memory: 1517/1522 1543/1549
-----      当前进度:  51 % - 编译方程: 轨道温度
Memory: 1761/1763 1792/1793
-----      当前进度:  51 % - 正在创建可视化网格
Memory: 1784/1789 1814/1818
时间：17。
物理内存: 2.05 GB
虚拟内存: 2.08 GB
结束时间：2026年9月30日 上午3:15:17。
----- O: orbital transient, 3.0 orbits/解 4 (sol4) 中的“编译方程: 轨道温度” -------------->
<---- O: orbital transient, 3.0 orbits/解 4 (sol4) 中的“因变量 2” --------------------
开始于 2026年9月30日 上午3:15:17。
待求解变量的初始值: 解 4 (sol4), 解存储 2 (sol5), t=1200 s [自动（单一解）].
不求解变量的值: 解 4 (sol4), 解存储 2 (sol5), t=1200 s [自动（单一解）].
-----      当前进度:  51 % - 因变量 2
Memory: 2042/2048 2076/2083
求解时间：0 s。
物理内存: 2.04 GB
虚拟内存: 2.08 GB
结束时间：2026年9月30日 上午3:15:17。
----- O: orbital transient, 3.0 orbits/解 4 (sol4) 中的“因变量 2” ------------------->
<---- O: orbital transient, 3.0 orbits/解 4 (sol4) 中的“瞬态求解器 2” ------------------
开始于 2026年9月30日 上午3:15:17。
瞬态求解器 (BDF)
-----      当前进度:  52 % - 瞬态求解器 2
Memory: 2042/2050 2076/2091
求解的自由度数：24040（加上 8908 个内部自由度）。
-----      当前进度:  52 % - 组装稀疏模式
Memory: 2046/2050 2080/2091
-----      当前进度:  52 % - 组装矩阵
Memory: 2068/2068 2105/2105
找到对称矩阵。
缩放因变量：
温度 (comp1.T): 3e+02
已使用正交零空间函数。
-----      当前进度:  52 % - 组装稀疏模式
Memory: 2074/2074 2098/2105
找到非对称矩阵。
缩放因变量：
温度 (comp1.T2): 3e+02
collected heat Qc (W) (comp1.ODE1): 2e+04
NH3 panel outlet temperatures (K) (comp1.ODE2): 3e+02
radiator flow fractions (comp1.ODE3): 1
已使用正交零空间函数。
找到对称矩阵。
缩放因变量：
表面辐射度，上侧 (comp1.otl.ds_box.Ju_band): 1.6e+02
表面辐射度，上侧 (comp1.otl.ds_payload.Ju_band): 1.6e+02
表面辐射度，下侧 (comp1.otl.ds_skin_rus.Jd_band): 1.5e-06
表面辐射度，上侧 (comp1.otl.ds_skin_rus.Ju_band): 1.3e+02
表面辐射度，下侧 (comp1.otl.ds_skin_usos.Jd_band): 1.5e-06
表面辐射度，上侧 (comp1.otl.ds_skin_usos.Ju_band): 66
表面辐射度，上侧 (comp1.otl.ds_truss.Ju_band): 99
已使用正交零空间函数。
找到对称矩阵。
缩放因变量：
表面辐射度，下侧 (comp1.otl2.ds_hrs.Jd_band): 1.1e+02
表面辐射度，上侧 (comp1.otl2.ds_hrs.Ju_band): 1.1e+02
已使用正交零空间函数。
找到对称矩阵。
缩放因变量：
表面辐射度，下侧 (comp1.otl3.ds_pvr.Jd_band): 1.2e+02
表面辐射度，上侧 (comp1.otl3.ds_pvr.Ju_band): 1.2e+02
表面辐射度，下侧 (comp1.otl3.ds_rsa.Jd_band): 1.6e+02
表面辐射度，上侧 (comp1.otl3.ds_rsa.Ju_band): 1.7e+02
已使用正交零空间函数。
找到对称矩阵。
缩放因变量：
表面辐射度，下侧 (comp1.otl4.ds_saw.Jd_band): 1.6e+02
表面辐射度，上侧 (comp1.otl4.ds_saw.Ju_band): 1.7e+02
已使用正交零空间函数。
-----      当前进度:  52 % - 约束处理
Memory: 2073/2074 2096/2105
找到对称矩阵。
-----      当前进度:  52 % - 组装矩阵
Memory: 2081/2085 2104/2109
指示器状态的比例：
comp1.otl2.inEclipse_event: 4e+05
comp1.otl2.outEclipse_event: 4e+05
comp1.otl3.inEclipse_event: 4e+05
comp1.otl3.outEclipse_event: 4e+05
comp1.otl4.inEclipse_event: 4e+05
comp1.otl4.outEclipse_event: 4e+05
comp1.otl.inEclipse_event: 4e+05
comp1.otl.outEclipse_event: 4e+05
Step        Time    Stepsize      Res  Jac  Sol Order Tfail NLfail   LinErr   LinRes
-----      当前进度:  52 % - 组装稀疏模式
Memory: 2086/2087 2105/2109
-----      当前进度:  52 % - 求解线性方程组
Memory: 2093/2094 2111/2114
-----      当前进度:  52 % - 组装矩阵
Memory: 2094/2094 2127/2127
-----      当前进度:  52 % - 组装稀疏模式
Memory: 2102/2102 2127/2128
-----      当前进度:  52 % - 求解线性方程组
Memory: 2104/2104 2127/2131
-----      当前进度:  52 % - 组装矩阵
Memory: 2117/2117 2148/2148
-----      当前进度:  52 % - 求解线性方程组
Memory: 2296/2296 2326/2329
-----      当前进度:  52 % - 组装矩阵
Memory: 2296/2297 2326/2330
-----      当前进度:  52 % - 组装稀疏模式
Memory: 2303/2304 2332/2334
-----      当前进度:  52 % - 组装矩阵
Memory: 2312/2312 2342/2343
-----      当前进度:  52 % - 求解线性方程组
Memory: 2316/2316 2346/2346
-----      当前进度:  52 % - 组装矩阵
Memory: 2324/2324 2354/2357
-----      当前进度:  52 % - 组装稀疏模式
Memory: 2329/2329 2355/2360
-----      当前进度:  52 % - 组装矩阵
Memory: 2338/2339 2367/2367
-----      当前进度:  52 % - 组装稀疏模式
Memory: 2360/2361 2389/2392
-----      当前进度:  52 % - 组装矩阵
Memory: 2376/2377 2402/2403
-----      当前进度:  52 % - 求解线性方程组
Memory: 2440/2444 2471/2475
-----      当前进度:  52 % - 组装矩阵
-----      当前进度:  52 % - 组装稀疏模式
Memory: 2465/2465 2492/2496
-----      当前进度:  52 % - 组装矩阵
Memory: 2467/2472 2494/2500
-----      当前进度:  52 % - 求解线性方程组
Memory: 2480/2485 2507/2511
-----      当前进度:  52 % - 组装矩阵
   0           0           - out  558   66  558                  0
                   Group #1:       93   11   93                     4.9e-16  2.8e-16
                   Group #2:       93   11   93                     3.5e-16  1.7e-16
                   Group #3:       93   11   93                     2.8e-16  1.5e-16
                   Group #4:       93   11   93                     3.3e-16  1.3e-16
                   Group #5:       93   11   93                       3e-16  1.2e-16
                   Group #6:       93   11   93                     3.6e-16  1.4e-16
指示器状态的比例：
comp1.otl2.inEclipse_event: 4e+05
comp1.otl2.outEclipse_event: 4e+05
comp1.otl3.inEclipse_event: 4e+05
comp1.otl3.outEclipse_event: 4e+05
comp1.otl4.inEclipse_event: 4e+05
comp1.otl4.outEclipse_event: 4e+05
comp1.otl.inEclipse_event: 4e+05
comp1.otl.outEclipse_event: 4e+05
-----      当前进度:  52 % - 组装稀疏模式
Memory: 2530/2534 2553/2557
-----      当前进度:  52 % - 组装矩阵
Memory: 2535/2535 2559/2559
   1   0.0088163   0.0088163      786   90  786     1     0      3
                   Group #1:      131   15  131                     4.4e-16  3.1e-16
                   Group #2:      131   15  131                     1.6e-16  1.6e-16
                   Group #3:      131   15  131                     3.2e-16  1.2e-16
                   Group #4:      131   15  131                     3.2e-16  1.2e-16
                   Group #5:      131   15  131                     3.7e-16  1.4e-16
                   Group #6:      131   15  131                     3.1e-16  1.2e-16
-----      当前进度:  52 % - 组装稀疏模式
Memory: 2540/2540 2564/2564
-----      当前进度:  52 % - 组装矩阵
Memory: 2568/2569 2592/2594
-----      当前进度:  52 % - 组装稀疏模式
Memory: 2578/2578 2603/2603
-----      当前进度:  52 % - 组装矩阵
Memory: 2595/2595 2621/2624
   2    0.026449    0.017633      792   96  792     1     0      3
                   Group #1:      132   16  132                     5.5e-16  4.6e-16
                   Group #2:      132   16  132                     1.7e-16  1.6e-16
                   Group #3:      132   16  132                     3.1e-16  1.4e-16
                   Group #4:      132   16  132                     3.3e-16  1.2e-16
                   Group #5:      132   16  132                     3.4e-16  1.3e-16
                   Group #6:      132   16  132                     3.3e-16  1.3e-16
-----      当前进度:  52 % - 组装稀疏模式
Memory: 2659/2659 2701/2701
-----      当前进度:  52 % - 组装矩阵
Memory: 2664/2664 2706/2706
   3    0.061714    0.035265      804  102  804     1     0      3
                   Group #1:      134   17  134                     5.7e-16  4.7e-16
                   Group #2:      134   17  134                     1.8e-16  1.8e-16
                   Group #3:      134   17  134                     3.5e-16  1.2e-16
                   Group #4:      134   17  134                     3.5e-16  1.3e-16
                   Group #5:      134   17  134                     3.2e-16  1.2e-16
                   Group #6:      134   17  134                     3.3e-16  1.3e-16
   4     0.13225    0.070531      810  108  810     1     0      3
                   Group #1:      135   18  135                     5.6e-16  4.9e-16
                   Group #2:      135   18  135                     1.6e-16  1.6e-16
                   Group #3:      135   18  135                     3.8e-16  1.5e-16
                   Group #4:      135   18  135                     3.4e-16  1.2e-16
                   Group #5:      135   18  135                     3.3e-16  1.2e-16
                   Group #6:      135   18  135                     3.4e-16  1.3e-16
   5     0.27331     0.14106      816  114  816     1     0      3
                   Group #1:      136   19  136                     5.3e-16  4.8e-16
                   Group #2:      136   19  136                     1.9e-16  1.8e-16
                   Group #3:      136   19  136                     5.8e-16  1.9e-16
                   Group #4:      136   19  136                     3.4e-16  1.3e-16
                   Group #5:      136   19  136                     3.3e-16  1.2e-16
                   Group #6:      136   19  136                     3.3e-16  1.3e-16
   6     0.55543     0.28212      852  120  852     1     0      3
                   Group #1:      142   20  142                     5.4e-16  4.8e-16
                   Group #2:      142   20  142                     1.8e-16  1.7e-16
                   Group #3:      142   20  142                     2.6e-16  1.2e-16
                   Group #4:      142   20  142                     3.1e-16  1.2e-16
                   Group #5:      142   20  142                     3.2e-16  1.1e-16
                   Group #6:      142   20  142                     3.3e-16  1.3e-16
   7      1.1197     0.56425      906  126  906     1     0      3
                   Group #1:      151   21  151                     5.6e-16  3.7e-16
                   Group #2:      151   21  151                       2e-16  1.9e-16
                   Group #3:      151   21  151                     2.5e-16  1.1e-16
                   Group #4:      151   21  151                     3.4e-16  1.2e-16
                   Group #5:      151   21  151                     3.1e-16  1.1e-16
                   Group #6:      151   21  151                       3e-16  1.2e-16
   8      2.2482      1.1285      942  132  942     1     0      3
                   Group #1:      157   22  157                     5.1e-16  4.2e-16
                   Group #2:      157   22  157                     2.3e-16  2.1e-16
                   Group #3:      157   22  157                     1.8e-16    8e-17
                   Group #4:      157   22  157                     3.1e-16  1.2e-16
                   Group #5:      157   22  157                     3.4e-16  1.3e-16
                   Group #6:      157   22  157                     3.2e-16  1.3e-16
   9      3.3767      1.1285      972  138  972     1     0      3
                   Group #1:      162   23  162                     5.9e-16  4.9e-16
                   Group #2:      162   23  162                     2.2e-16  2.1e-16
                   Group #3:      162   23  162                     2.2e-16    1e-16
                   Group #4:      162   23  162                     3.2e-16  1.1e-16
                   Group #5:      162   23  162                     3.6e-16  1.3e-16
                   Group #6:      162   23  162                     3.3e-16  1.2e-16
-----      当前进度:  52 % - 组装稀疏模式
Memory: 2852/2853 2886/2890
-----      当前进度:  52 % - 组装矩阵
Memory: 2852/2855 2886/2890
  10      5.6336       2.257      990  144  990     1     0      3
                   Group #1:      165   24  165                     5.7e-16  4.7e-16
                   Group #2:      165   24  165                       2e-16  1.7e-16
                   Group #3:      165   24  165                     3.8e-16  1.5e-16
                   Group #4:      165   24  165                     3.3e-16  1.2e-16
                   Group #5:      165   24  165                     3.2e-16  1.1e-16
                   Group #6:      165   24  165                     3.3e-16  1.3e-16
  11      10.148       4.514     1002  150 1002     1     0      3
                   Group #1:      167   25  167                     5.8e-16  4.7e-16
                   Group #2:      167   25  167                     2.3e-16  2.1e-16
                   Group #3:      167   25  167                     2.8e-16  1.1e-16
                   Group #4:      167   25  167                     3.5e-16  1.4e-16
                   Group #5:      167   25  167                     3.6e-16  1.5e-16
                   Group #6:      167   25  167                     3.6e-16  1.4e-16
-----      当前进度:  53 % - 组装矩阵
Memory: 2866/2866 2896/2896
  12      14.662       4.514     1026  156 1026     1     0      3
                   Group #1:      171   26  171                     5.7e-16  4.8e-16
                   Group #2:      171   26  171                       1e-15  1.1e-15
                   Group #3:      171   26  171                     2.5e-16  1.2e-16
                   Group #4:      171   26  171                     3.8e-16  1.5e-16
                   Group #5:      171   26  171                     3.1e-16  1.2e-16
                   Group #6:      171   26  171                     3.4e-16  1.3e-16
-----      当前进度:  53 % - 组装稀疏模式
Memory: 2877/2878 2919/2924
-----      当前进度:  53 % - 组装矩阵
Memory: 2882/2882 2924/2924
  13      19.176       4.514     1050  162 1050     1     0      3
                   Group #1:      175   27  175                     5.7e-16  4.6e-16
                   Group #2:      175   27  175                       3e-16    3e-16
                   Group #3:      175   27  175                     3.8e-16  1.4e-16
                   Group #4:      175   27  175                     2.1e-16  8.8e-17
                   Group #5:      175   27  175                     3.3e-16  1.3e-16
                   Group #6:      175   27  175                     3.1e-16  1.3e-16
-----      当前进度:  53 % - 求解线性方程组
Memory: 2882/2885 2921/2928
-----      当前进度:  53 % - 组装矩阵
  14       23.69       4.514     1104  168 1104     1     0      3
                   Group #1:      184   28  184                     5.7e-16  4.5e-16
                   Group #2:      184   28  184                     5.3e-16  5.5e-16
                   Group #3:      184   28  184                     3.1e-16  1.2e-16
                   Group #4:      184   28  184                     3.6e-16  1.3e-16
                   Group #5:      184   28  184                     2.8e-16  1.1e-16
                   Group #6:      184   28  184                     3.1e-16  1.2e-16
-----      当前进度:  53 % - 组装稀疏模式
Memory: 2886/2889 2921/2928
-----      当前进度:  53 % - 组装矩阵
Memory: 2892/2892 2926/2928
  15      28.203       4.514     1122  174 1122     1     0      3
                   Group #1:      187   29  187                     5.6e-16  4.4e-16
                   Group #2:      187   29  187                     3.4e-16  3.3e-16
                   Group #3:      187   29  187                     2.6e-16  1.2e-16
                   Group #4:      187   29  187                     2.9e-16  1.1e-16
                   Group #5:      187   29  187                     3.1e-16  1.1e-16
                   Group #6:      187   29  187                     3.3e-16  1.2e-16
  16      32.717       4.514     1146  180 1146     1     0      3
                   Group #1:      191   30  191                     5.5e-16  4.4e-16
                   Group #2:      191   30  191                     3.2e-16  3.1e-16
                   Group #3:      191   30  191                     4.2e-16  1.6e-16
                   Group #4:      191   30  191                     3.2e-16  1.2e-16
                   Group #5:      191   30  191                     3.1e-16  1.2e-16
                   Group #6:      191   30  191                     3.2e-16  1.3e-16
  17      37.231       4.514     1164  186 1164     1     0      3
                   Group #1:      194   31  194                     5.5e-16  4.2e-16
                   Group #2:      194   31  194                     3.8e-16  3.8e-16
                   Group #3:      194   31  194                     3.1e-16  1.4e-16
                   Group #4:      194   31  194                     3.5e-16  1.3e-16
                   Group #5:      194   31  194                     3.6e-16  1.5e-16
                   Group #6:      194   31  194                     3.4e-16  1.3e-16
-----      当前进度:  54 % - 组装矩阵
Memory: 2899/2901 2942/2946
  18      46.259      9.0279     1212  192 1212     1     0      3
                   Group #1:      202   32  202                     5.7e-16  4.2e-16
                   Group #2:      202   32  202                     6.7e-16  7.2e-16
                   Group #3:      202   32  202                     3.7e-16  1.4e-16
                   Group #4:      202   32  202                     3.3e-16  1.2e-16
                   Group #5:      202   32  202                     3.1e-16  1.3e-16
                   Group #6:      202   32  202                     3.4e-16  1.3e-16
  19       53.13      6.8703     1224  198 1224     1     0      3
                   Group #1:      204   33  204                     5.9e-16  4.3e-16
                   Group #2:      204   33  204                     2.5e-16  1.7e-16
                   Group #3:      204   33  204                     3.1e-16  1.4e-16
                   Group #4:      204   33  204                     3.4e-16  1.3e-16
                   Group #5:      204   33  204                     3.2e-16  1.3e-16
                   Group #6:      204   33  204                     3.2e-16  1.2e-16
  20          60      6.8703 out 1248  204 1248     1     0      3
                   Group #1:      208   34  208                     5.6e-16  4.1e-16
                   Group #2:      208   34  208                       3e-16  2.2e-16
                   Group #3:      208   34  208                     3.1e-16  1.3e-16
                   Group #4:      208   34  208                     3.1e-16  1.2e-16
                   Group #5:      208   34  208                     2.9e-16  1.2e-16
                   Group #6:      208   34  208                     3.1e-16  1.2e-16
-----      当前进度:  55 % - 组装矩阵
Memory: 2911/2914 2949/2957
  21      61.718      1.7176     1368  216 1368     1     0      4
                   Group #1:      228   36  228                     5.3e-16    4e-16
                   Group #2:      228   36  228                     2.6e-16  1.4e-16
                   Group #3:      228   36  228                     2.7e-16  1.2e-16
                   Group #4:      228   36  228                     3.1e-16  1.1e-16
                   Group #5:      228   36  228                     3.5e-16  1.5e-16
                   Group #6:      228   36  228                     3.3e-16  1.3e-16
  22      65.153      3.4352     1422  222 1422     1     0      4
                   Group #1:      237   37  237                     6.1e-16  3.8e-16
                   Group #2:      237   37  237                     3.3e-16  2.4e-16
                   Group #3:      237   37  237                       3e-16  1.2e-16
                   Group #4:      237   37  237                     3.6e-16  1.3e-16
                   Group #5:      237   37  237                     3.1e-16  1.3e-16
                   Group #6:      237   37  237                     3.2e-16  1.2e-16
-----      当前进度:  55 % - 求解线性方程组
Memory: 2947/2949 2981/2984
-----      当前进度:  55 % - 组装矩阵
Memory: 2953/2953 2987/2987
  23       66.87      1.7176     1488  234 1488     1     0      5
                   Group #1:      248   39  248                     5.5e-16  3.9e-16
                   Group #2:      248   39  248                     3.4e-16  2.5e-16
                   Group #3:      248   39  248                     2.8e-16  1.3e-16
                   Group #4:      248   39  248                     3.6e-16  1.3e-16
                   Group #5:      248   39  248                     3.2e-16  1.2e-16
                   Group #6:      248   39  248                     3.2e-16  1.3e-16
  24      70.305      3.4352     1542  240 1542     1     0      5
                   Group #1:      257   40  257                     5.5e-16  3.9e-16
                   Group #2:      257   40  257                     3.3e-16  2.3e-16
                   Group #3:      257   40  257                     2.9e-16  1.1e-16
                   Group #4:      257   40  257                     3.9e-16  1.3e-16
                   Group #5:      257   40  257                     3.2e-16  1.2e-16
                   Group #6:      257   40  257                     3.1e-16  1.2e-16
-----      当前进度:  55 % - 组装稀疏模式
Memory: 2957/2962 2992/2997
-----      当前进度:  55 % - 组装矩阵
Memory: 2960/2962 2995/2997
